###############################################################################
#
# IAR ELF Linker V9.70.1.475/W64 for ARM                  16/Feb/2026  21:27:39
# Copyright 2007-2025 IAR Systems AB.
#
#    Output file  =
#        C:\Users\User\Desktop\Активные проекты\project
#        RM\RM\EWARM\URM\Exe\URM.out_nochecksum
#    Map file     =
#        C:\Users\User\Desktop\Активные проекты\project
#        RM\RM\EWARM\URM\List\URM.map
#    Command line =
#        -f "C:\Users\User\Desktop\Активные проекты\project
#        RM\RM\EWARM\URM\Exe\URM.out_nochecksum.rsp"
#        ("C:\Users\User\Desktop\Активные проекты\project
#        RM\RM\EWARM\URM\Obj\FreeRTOS_4809373609813369194.dir\cmsis_os.o"
#        "C:\Users\User\Desktop\Активные проекты\project
#        RM\RM\EWARM\URM\Obj\FreeRTOS_4809373609813369194.dir\croutine.o"
#        "C:\Users\User\Desktop\Активные проекты\project
#        RM\RM\EWARM\URM\Obj\EWARM_18443280873093131863.dir\dlib_lock_glue.o"
#        "C:\Users\User\Desktop\Активные проекты\project
#        RM\RM\EWARM\URM\Obj\FreeRTOS_4809373609813369194.dir\event_groups.o"
#        "C:\Users\User\Desktop\Активные проекты\project
#        RM\RM\EWARM\URM\Obj\Core_13247989168731456611.dir\freertos.o"
#        "C:\Users\User\Desktop\Активные проекты\project
#        RM\RM\EWARM\URM\Obj\FreeRTOS_4809373609813369194.dir\heap_4.o"
#        "C:\Users\User\Desktop\Активные проекты\project
#        RM\RM\EWARM\URM\Obj\FreeRTOS_4809373609813369194.dir\list.o"
#        "C:\Users\User\Desktop\Активные проекты\project
#        RM\RM\EWARM\URM\Obj\Core_13247989168731456611.dir\main.o"
#        "C:\Users\User\Desktop\Активные проекты\project
#        RM\RM\EWARM\URM\Obj\Core_13247989168731456611.dir\mbcrc.o"
#        "C:\Users\User\Desktop\Активные проекты\project
#        RM\RM\EWARM\URM\Obj\FreeRTOS_4809373609813369194.dir\port.o"
#        "C:\Users\User\Desktop\Активные проекты\project
#        RM\RM\EWARM\URM\Obj\FreeRTOS_4809373609813369194.dir\portasm.o"
#        "C:\Users\User\Desktop\Активные проекты\project
#        RM\RM\EWARM\URM\Obj\FreeRTOS_4809373609813369194.dir\queue.o"
#        "C:\Users\User\Desktop\Активные проекты\project
#        RM\RM\EWARM\URM\Obj\EWARM_18443280873093131863.dir\startup_stm32f030x6.o"
#        "C:\Users\User\Desktop\Активные проекты\project
#        RM\RM\EWARM\URM\Obj\STM32F0xx_HAL_Driver_12736992878974344111.dir\stm32f0xx_hal.o"
#        "C:\Users\User\Desktop\Активные проекты\project
#        RM\RM\EWARM\URM\Obj\STM32F0xx_HAL_Driver_12736992878974344111.dir\stm32f0xx_hal_cortex.o"
#        "C:\Users\User\Desktop\Активные проекты\project
#        RM\RM\EWARM\URM\Obj\STM32F0xx_HAL_Driver_12736992878974344111.dir\stm32f0xx_hal_dma.o"
#        "C:\Users\User\Desktop\Активные проекты\project
#        RM\RM\EWARM\URM\Obj\STM32F0xx_HAL_Driver_12736992878974344111.dir\stm32f0xx_hal_exti.o"
#        "C:\Users\User\Desktop\Активные проекты\project
#        RM\RM\EWARM\URM\Obj\STM32F0xx_HAL_Driver_12736992878974344111.dir\stm32f0xx_hal_flash.o"
#        "C:\Users\User\Desktop\Активные проекты\project
#        RM\RM\EWARM\URM\Obj\STM32F0xx_HAL_Driver_12736992878974344111.dir\stm32f0xx_hal_flash_ex.o"
#        "C:\Users\User\Desktop\Активные проекты\project
#        RM\RM\EWARM\URM\Obj\STM32F0xx_HAL_Driver_12736992878974344111.dir\stm32f0xx_hal_gpio.o"
#        "C:\Users\User\Desktop\Активные проекты\project
#        RM\RM\EWARM\URM\Obj\STM32F0xx_HAL_Driver_12736992878974344111.dir\stm32f0xx_hal_i2c.o"
#        "C:\Users\User\Desktop\Активные проекты\project
#        RM\RM\EWARM\URM\Obj\STM32F0xx_HAL_Driver_12736992878974344111.dir\stm32f0xx_hal_i2c_ex.o"
#        "C:\Users\User\Desktop\Активные проекты\project
#        RM\RM\EWARM\URM\Obj\Core_13247989168731456611.dir\stm32f0xx_hal_iwdg.o"
#        "C:\Users\User\Desktop\Активные проекты\project
#        RM\RM\EWARM\URM\Obj\Core_13247989168731456611.dir\stm32f0xx_hal_msp.o"
#        "C:\Users\User\Desktop\Активные проекты\project
#        RM\RM\EWARM\URM\Obj\STM32F0xx_HAL_Driver_12736992878974344111.dir\stm32f0xx_hal_pwr.o"
#        "C:\Users\User\Desktop\Активные проекты\project
#        RM\RM\EWARM\URM\Obj\STM32F0xx_HAL_Driver_12736992878974344111.dir\stm32f0xx_hal_pwr_ex.o"
#        "C:\Users\User\Desktop\Активные проекты\project
#        RM\RM\EWARM\URM\Obj\STM32F0xx_HAL_Driver_12736992878974344111.dir\stm32f0xx_hal_rcc.o"
#        "C:\Users\User\Desktop\Активные проекты\project
#        RM\RM\EWARM\URM\Obj\STM32F0xx_HAL_Driver_12736992878974344111.dir\stm32f0xx_hal_rcc_ex.o"
#        "C:\Users\User\Desktop\Активные проекты\project
#        RM\RM\EWARM\URM\Obj\STM32F0xx_HAL_Driver_12736992878974344111.dir\stm32f0xx_hal_tim.o"
#        "C:\Users\User\Desktop\Активные проекты\project
#        RM\RM\EWARM\URM\Obj\STM32F0xx_HAL_Driver_12736992878974344111.dir\stm32f0xx_hal_tim_ex.o"
#        "C:\Users\User\Desktop\Активные проекты\project
#        RM\RM\EWARM\URM\Obj\Core_13247989168731456611.dir\stm32f0xx_hal_timebase_tim.o"
#        "C:\Users\User\Desktop\Активные проекты\project
#        RM\RM\EWARM\URM\Obj\STM32F0xx_HAL_Driver_12736992878974344111.dir\stm32f0xx_hal_uart.o"
#        "C:\Users\User\Desktop\Активные проекты\project
#        RM\RM\EWARM\URM\Obj\STM32F0xx_HAL_Driver_12736992878974344111.dir\stm32f0xx_hal_uart_ex.o"
#        "C:\Users\User\Desktop\Активные проекты\project
#        RM\RM\EWARM\URM\Obj\Core_13247989168731456611.dir\stm32f0xx_it.o"
#        "C:\Users\User\Desktop\Активные проекты\project
#        RM\RM\EWARM\URM\Obj\FreeRTOS_4809373609813369194.dir\stream_buffer.o"
#        "C:\Users\User\Desktop\Активные проекты\project
#        RM\RM\EWARM\URM\Obj\CMSIS_6603591812247902717.dir\system_stm32f0xx.o"
#        "C:\Users\User\Desktop\Активные проекты\project
#        RM\RM\EWARM\URM\Obj\FreeRTOS_4809373609813369194.dir\tasks.o"
#        "C:\Users\User\Desktop\Активные проекты\project
#        RM\RM\EWARM\URM\Obj\FreeRTOS_4809373609813369194.dir\timers.o"
#        --no_out_extension -o "C:\Users\User\Desktop\Активные проекты\project
#        RM\RM\EWARM\URM\Exe\URM.out_nochecksum" --redirect
#        _Printf=_PrintfFullNoMb --redirect _Scanf=_ScanfFullNoMb --keep
#        __checksum --map "C:\Users\User\Desktop\Активные проекты\project
#        RM\RM\EWARM\URM\List\URM.map" --config "C:\Users\User\Desktop\Активные
#        проекты\project RM\RM\EWARM/stm32f030x6_flash.icf" --semihosting
#        --entry __iar_program_start --place_holder __checksum,2,.checksum,1
#        --define_symbol __checksum_begin=0x8001000 --define_symbol
#        __checksum_end=0x8007bfd --vfe --threaded_lib --text_out locale
#        --cpu=Cortex-M0 --fpu=None) --diagnostics_format=sarif_stdout
#        --dependencies=n "C:\Users\User\Desktop\Активные проекты\project
#        RM\RM\EWARM\URM\Exe\URM.out_nochecksum.iar_deps" --dynamic_output
#        "C:\Users\User\Desktop\Активные проекты\project
#        RM\RM\EWARM\URM\Exe\URM.out_nochecksum.iar_dynout"
#
###############################################################################

*******************************************************************************
*** RUNTIME MODEL ATTRIBUTES
***

CppFlavor                     = *
__CPP_Runtime                 = 1
__Heap_Handler                = Basic
__SystemLibrary               = DLib
__dlib_dynamic_initialization = normal
__dlib_version                = 6


*******************************************************************************
*** HEAP SELECTION
***

The basic heap was selected because --advanced_heap
was not specified and the application did not appear to
be primarily optimized for speed.


*******************************************************************************
*** PLACEMENT SUMMARY
***

"A0":  place at address 0x800'1000 {  ro section .intvec };
"A1":  place at end of [from 0x800'1000 to 0x800'7bff] {
           ro section .checksum };
"P2":  place in [from 0x800'1000 to 0x800'7bff] {  ro };
define block CSTACK with size = 1K, alignment = 8 { };
define block HEAP with size = 1K, alignment = 8 { };
"P3":  place in [from 0x2000'0000 to 0x2000'0fff] {
           rw,  block CSTACK,  block HEAP };
initialize by copy {  rw };

No sections matched the following patterns:

  ro section .flags  in "P1"


  Section                Kind         Address  Alignment    Size  Object
  -------                ----         -------  ---------    ----  ------
"A0":                                                       0xb0
  .intvec                          0x800'1000               0xb0  <Block>
    .intvec              ro code   0x800'1000          4    0xb0  startup_stm32f030x6.o [3]
                                 - 0x800'10b0               0xb0

"P2":                                                     0x59a0
  .text                  ro code   0x800'10b0          4  0x16b2  main.o [2]
  .text                  ro code   0x800'2762          2     0x2  startup_stm32f030x6.o [3]
  .text                  ro code   0x800'2764          4   0x122  stm32f0xx_hal_uart_ex.o [5]
  .text                  ro code   0x800'2886          2     0x2  startup_stm32f030x6.o [3]
  .text                  ro code   0x800'2888          4   0x390  stm32f0xx_hal_gpio.o [5]
  .text                  ro code   0x800'2c18          4    0x4e  ABImemset.o [7]
  .text                  ro code   0x800'2c66          2     0x2  startup_stm32f030x6.o [3]
  .text                  ro code   0x800'2c68          4    0x4e  ABImemcpy.o [7]
  .text                  ro code   0x800'2cb6          2     0x2  startup_stm32f030x6.o [3]
  .text                  ro code   0x800'2cb8          4    0x4c  mbcrc.o [2]
  .text                  ro code   0x800'2d04          4   0xd9a  stm32f0xx_hal_uart.o [5]
  .text                  ro code   0x800'3a9e          2     0x2  startup_stm32f030x6.o [3]
  .text                  ro code   0x800'3aa0          4   0x578  stm32f0xx_hal_i2c.o [5]
  .text                  ro code   0x800'4018          4   0x304  stm32f0xx_hal_dma.o [5]
  .text                  ro code   0x800'431c          4     0xc  stm32f0xx_hal.o [5]
  .text                  ro code   0x800'4328          4    0x4c  stm32f0xx_hal.o [5]
  .text                  ro code   0x800'4374          4    0xa4  cmsis_os.o [4]
  .text                  ro code   0x800'4418          4    0x2c  stm32f0xx_hal.o [5]
  .text                  ro code   0x800'4444          4   0x6e0  stm32f0xx_hal_rcc.o [5]
  .text                  ro code   0x800'4b24          4   0x130  stm32f0xx_hal_rcc_ex.o [5]
  .text                  ro code   0x800'4c54          4    0xd0  stm32f0xx_hal_i2c_ex.o [5]
  .text                  ro code   0x800'4d24          4    0x84  stm32f0xx_hal_iwdg.o [2]
  .text                  ro code   0x800'4da8          4   0x128  stm32f0xx_hal_cortex.o [5]
  .text                  ro code   0x800'4ed0          4   0x1b8  stm32f0xx_hal_flash.o [5]
  .text                  ro code   0x800'5088          4   0x104  stm32f0xx_hal_flash_ex.o [5]
  .text                  ro code   0x800'518c          2    0xae  I32DivModFast.o [7]
  .text                  ro code   0x800'523a          2     0x2  startup_stm32f030x6.o [3]
  .text                  ro code   0x800'523c          4   0x6a4  tasks.o [4]
  .text                  ro code   0x800'58e0          4    0x18  stm32f0xx_hal.o [5]
  .text                  ro code   0x800'58f8          4   0x1f0  stm32f0xx_hal_msp.o [2]
  .text                  ro code   0x800'5ae8          2     0x2  stm32f0xx_hal_uart.o [5]
  .text                  ro code   0x800'5aea          2     0x2  stm32f0xx_hal_uart.o [5]
  .text                  ro code   0x800'5aec          2     0x2  stm32f0xx_hal_uart.o [5]
  .text                  ro code   0x800'5aee          2     0x2  stm32f0xx_hal_uart.o [5]
  .text                  ro code   0x800'5af0          4    0xc4  stm32f0xx_hal_timebase_tim.o [2]
  .text                  ro code   0x800'5bb4          2     0x2  stm32f0xx_hal.o [5]
  .text                  ro code   0x800'5bb6          2     0x2  startup_stm32f030x6.o [3]
  .text                  ro code   0x800'5bb8          4    0x1e  U64Shr.o [7]
  .text                  ro code   0x800'5bd6          2     0x2  startup_stm32f030x6.o [3]
  .text                  ro code   0x800'5bd8          4     0x2  IntDivZer.o [7]
  .text                  ro code   0x800'5bda          2     0x2  startup_stm32f030x6.o [3]
  .text                  ro code   0x800'5bdc          4   0x21c  heap_4.o [4]
  .text                  ro code   0x800'5df8          2    0x9c  list.o [4]
  .text                  ro code   0x800'5e94          4   0x108  port.o [4]
  .text                  ro code   0x800'5f9c          4    0x18  freertos.o [2]
  .text                  ro code   0x800'5fb4          4   0x2c8  stm32f0xx_hal_tim.o [5]
  CODE                   ro code   0x800'627c          4    0x7c  portasm.o [4]
  .text                  ro code   0x800'62f8          2     0x2  stm32f0xx_hal_tim.o [5]
  .text                  ro code   0x800'62fa          2     0x2  stm32f0xx_hal_tim.o [5]
  .text                  ro code   0x800'62fc          2     0x2  stm32f0xx_hal_tim.o [5]
  .text                  ro code   0x800'62fe          2     0x2  stm32f0xx_hal_tim.o [5]
  .text                  ro code   0x800'6300          2     0x2  stm32f0xx_hal_tim_ex.o [5]
  .text                  ro code   0x800'6302          2     0x2  stm32f0xx_hal_tim.o [5]
  .text                  ro code   0x800'6304          2     0x2  stm32f0xx_hal_tim_ex.o [5]
  .text                  ro code   0x800'6306          2     0x2  startup_stm32f030x6.o [3]
  .text                  ro code   0x800'6308          4   0x204  dlib_lock_glue.o [3]
  .text                  ro code   0x800'650c          4    0x80  xsyslock_mtx.o [9]
  .text                  ro code   0x800'658c          2     0x4  xfiles.o [6]
  .text                  ro code   0x800'6590          4    0x14  xlockref.o [6]
  .rodata                const     0x800'65a4          4   0x200  mbcrc.o [2]
  .text                  ro code   0x800'67a4          4    0x64  stm32f0xx_it.o [2]
  .text                  ro code   0x800'6808          2    0x3c  zero_init3.o [7]
  .text                  ro code   0x800'6844          2    0x30  copy_init3.o [7]
  .text                  ro code   0x800'6874          4    0x28  data_init.o [7]
  .text                  ro code   0x800'689c          4    0x22  cmain.o [7]
  .text                  ro code   0x800'68be          2     0x4  low_level_init.o [6]
  .text                  ro code   0x800'68c2          2     0x8  exit.o [6]
  .text                  ro code   0x800'68ca          2     0x2  startup_stm32f030x6.o [3]
  .text                  ro code   0x800'68cc          4     0x4  cexit.o [7]
  .text                  ro code   0x800'68d0          4     0xe  cexit_2.o [7]
  .text                  ro code   0x800'68de          2     0x2  startup_stm32f030x6.o [3]
  .text                  ro code   0x800'68e0          4    0x14  exit.o [8]
  .iar.init_table        const     0x800'68f4          4    0x28  - Linker created -
  .text                  ro code   0x800'691c          4    0x20  cmain_call_ctors.o [7]
  .text                  ro code   0x800'693c          4    0x18  cppinit.o [6]
  Initializer bytes      const     0x800'6954          4    0x20  <for P3-1>
  .rodata                const     0x800'6974          4    0x1c  main.o [2]
  .rodata                const     0x800'6990          4    0x1c  main.o [2]
  .text                  ro code   0x800'69ac          4    0x1c  cstartup_M.o [7]
  .rodata                const     0x800'69c8          4    0x10  stm32f0xx_hal_rcc.o [5]
  .rodata                const     0x800'69d8          4    0x10  stm32f0xx_hal_rcc.o [5]
  .rodata                const     0x800'69e8          4    0x10  system_stm32f0xx.o [1]
  .text                  ro code   0x800'69f8          4    0x10  startup_stm32f030x6.o [3]
  .rodata                const     0x800'6a08          4     0xc  main.o [2]
  .rodata                const     0x800'6a14          4     0xc  main.o [2]
  .rodata                const     0x800'6a20          4     0x8  main.o [2]
  .rodata                const     0x800'6a28          4     0x8  system_stm32f0xx.o [1]
  .rodata                const     0x800'6a30          4     0x8  tasks.o [4]
  .rodata                const     0x800'6a38          4     0x4  heap_4.o [4]
  SHT$$PREINIT_ARRAY               0x800'6a3c                0x0  <Block>
  SHT$$INIT_ARRAY                  0x800'6a3c                0x4  <Block>
    .init_array          const     0x800'6a3c          4     0x4  dlib_lock_glue.o [3]
  __iar_tls$$INIT_ARRAY            0x800'6a40                0x0  <Block>
  .text                  ro code   0x800'6a40          2     0x2  startup_stm32f030x6.o [3]
  .text                  ro code   0x800'6a42          2     0x2  startup_stm32f030x6.o [3]
  .text                  ro code   0x800'6a44          2     0x2  startup_stm32f030x6.o [3]
  .text                  ro code   0x800'6a46          2     0x2  startup_stm32f030x6.o [3]
  .text                  ro code   0x800'6a48          2     0x2  startup_stm32f030x6.o [3]
  .text                  ro code   0x800'6a4c          4     0x2  system_stm32f0xx.o [1]
  .text                  ro code   0x800'6a50          4     0x0  cstart_clearlocks.o [7]
  .rodata                const     0x800'6a50                0x0  zero_init3.o [7]
  .rodata                const     0x800'6a50                0x0  copy_init3.o [7]
                                 - 0x800'6a50             0x59a0

"A1":                                                        0x2
  .checksum              const     0x800'7bfe                0x2  Place holder __checksum
                                 - 0x800'7c00                0x2

Absolute sections:                                          0xff
  .noinit                uninit   0x2000'0000               0xff  main.o [2]
                                - 0x2000'00ff               0xff

"P3", part 1 of 3:                                          0x20
  P3-1                            0x2000'0100          4    0x1f  <Init block>
    .data                inited   0x2000'0100          4     0x8  main.o [2]
    .data                inited   0x2000'0108          4     0x8  main.o [2]
    .data                inited   0x2000'0110          4     0x4  port.o [4]
    .data                inited   0x2000'0114          4     0x4  stm32f0xx_hal.o [5]
    .data                inited   0x2000'0118          4     0x4  system_stm32f0xx.o [1]
    .data                inited   0x2000'011c                0x1  main.o [2]
    .data                inited   0x2000'011d                0x1  main.o [2]
    .data                inited   0x2000'011e                0x1  stm32f0xx_hal.o [5]
                                - 0x2000'011f               0x1f

"P3", part 2 of 3:                                         0x9b0
  .bss                   zero     0x2000'0120          4   0x400  heap_4.o [4]
  .bss                   zero     0x2000'0520          4   0x180  freertos.o [2]
  .bss                   zero     0x2000'06a0          4    0x8c  tasks.o [4]
  .bss                   zero     0x2000'072c          4    0x88  main.o [2]
  .bss                   zero     0x2000'07b4          4    0x54  freertos.o [2]
  .bss                   zero     0x2000'0808          4    0x54  main.o [2]
  .bss                   zero     0x2000'085c          4    0x48  stm32f0xx_hal_timebase_tim.o [2]
  .bss                   zero     0x2000'08a4          4    0x44  main.o [2]
  .bss                   zero     0x2000'08e8          4    0x44  main.o [2]
  .bss                   zero     0x2000'092c          4    0x20  main.o [2]
  .bss                   zero     0x2000'094c          4    0x14  tasks.o [4]
  .bss                   zero     0x2000'0960          8    0x20  stm32f0xx_hal_flash.o [5]
  .bss                   zero     0x2000'0980          4    0x20  xfiles.o [6]
  .bss                   zero     0x2000'09a0          4    0x14  tasks.o [4]
  .bss                   zero     0x2000'09b4          4    0x14  tasks.o [4]
  .bss                   zero     0x2000'09c8          4    0x14  tasks.o [4]
  .bss                   zero     0x2000'09dc          4    0x14  tasks.o [4]
  .bss                   zero     0x2000'09f0          4    0x10  main.o [2]
  .bss                   zero     0x2000'0a00          4    0x10  xsyslock_mtx.o [9]
  .bss                   zero     0x2000'0a10          4     0xc  dlib_lock_glue.o [3]
  .bss                   zero     0x2000'0a1c          4     0xc  dlib_lock_glue.o [3]
  .bss                   zero     0x2000'0a28          4     0xc  main.o [2]
  .bss                   zero     0x2000'0a34          4     0xc  main.o [2]
  .bss                   zero     0x2000'0a40          4     0x8  heap_4.o [4]
  .bss                   zero     0x2000'0a48          4     0x4  heap_4.o [4]
  .bss                   zero     0x2000'0a4c          4     0x4  heap_4.o [4]
  .bss                   zero     0x2000'0a50          4     0x4  heap_4.o [4]
  .bss                   zero     0x2000'0a54          4     0x4  heap_4.o [4]
  .bss                   zero     0x2000'0a58          4     0x4  main.o [2]
  .bss                   zero     0x2000'0a5c          4     0x4  main.o [2]
  .bss                   zero     0x2000'0a60          4     0x4  main.o [2]
  .bss                   zero     0x2000'0a64          4     0x4  main.o [2]
  .bss                   zero     0x2000'0a68          4     0x4  main.o [2]
  .bss                   zero     0x2000'0a6c          4     0x4  main.o [2]
  .bss                   zero     0x2000'0a70          4     0x4  main.o [2]
  .bss                   zero     0x2000'0a74          4     0x4  stm32f0xx_hal.o [5]
  .bss                   zero     0x2000'0a78          4     0x4  stm32f0xx_it.o [2]
  .bss                   zero     0x2000'0a7c          4     0x4  tasks.o [4]
  .bss                   zero     0x2000'0a80          4     0x4  tasks.o [4]
  .bss                   zero     0x2000'0a84          4     0x4  tasks.o [4]
  .bss                   zero     0x2000'0a88          4     0x4  tasks.o [4]
  .bss                   zero     0x2000'0a8c          4     0x4  tasks.o [4]
  .bss                   zero     0x2000'0a90          4     0x4  tasks.o [4]
  .bss                   zero     0x2000'0a94          4     0x4  tasks.o [4]
  .bss                   zero     0x2000'0a98          4     0x4  tasks.o [4]
  .bss                   zero     0x2000'0a9c          4     0x4  tasks.o [4]
  .bss                   zero     0x2000'0aa0          4     0x4  tasks.o [4]
  .bss                   zero     0x2000'0aa4          4     0x4  tasks.o [4]
  .bss                   zero     0x2000'0aa8          4     0x4  tasks.o [4]
  .bss                   zero     0x2000'0aac          4     0x4  tasks.o [4]
  .bss                   zero     0x2000'0ab0          4     0x4  tasks.o [4]
  .bss                   zero     0x2000'0ab4          4     0x4  tasks.o [4]
  .bss                   zero     0x2000'0ab8          2     0x2  main.o [2]
  .bss                   zero     0x2000'0aba          2     0x2  main.o [2]
  .bss                   zero     0x2000'0abc          2     0x2  main.o [2]
  .bss                   zero     0x2000'0abe          2     0x2  main.o [2]
  .bss                   zero     0x2000'0ac0          2     0x2  main.o [2]
  .bss                   zero     0x2000'0ac2          2     0x2  main.o [2]
  .bss                   zero     0x2000'0ac4          2     0x2  main.o [2]
  .bss                   zero     0x2000'0ac6                0x1  main.o [2]
  .bss                   zero     0x2000'0ac7                0x1  main.o [2]
  .bss                   zero     0x2000'0ac8                0x1  main.o [2]
  .bss                   zero     0x2000'0ac9                0x1  main.o [2]
  .bss                   zero     0x2000'0aca                0x1  main.o [2]
  .bss                   zero     0x2000'0acb                0x1  main.o [2]
  .bss                   zero     0x2000'0acc                0x1  main.o [2]
  .bss                   zero     0x2000'0acd                0x1  main.o [2]
  .bss                   zero     0x2000'0ace                0x1  main.o [2]
  .bss                   zero     0x2000'0acf                0x1  main.o [2]
                                - 0x2000'0ad0              0x9b0

"P3", part 3 of 3:                                         0x4c0
  .noinit                uninit   0x2000'0ad0          4    0x80  dlib_lock_glue.o [3]
  .noinit                uninit   0x2000'0b50          4    0x40  dlib_lock_glue.o [3]
  CSTACK                          0x2000'0b90          8   0x400  <Block>
    CSTACK               uninit   0x2000'0b90              0x400  <Block tail>
                                - 0x2000'0f90              0x4c0

Unused ranges:

         From           To    Size
         ----           --    ----
   0x800'6a50   0x800'7bfd  0x11ae
  0x2000'00ff  0x2000'00ff     0x1
  0x2000'0f90  0x2000'0fff    0x70


*******************************************************************************
*** INIT TABLE
***

          Address      Size
          -------      ----
Zero (__iar_zero_init3)
    1 destination range, total size 0x9b0:
          0x2000'0120  0x9b0

Copy (__iar_copy_init3)
    1 source range, total size 0x20 (103% of destination):
           0x800'6954   0x20
    1 destination range, total size 0x1f:
          0x2000'0100   0x1f

Extra (__iar_cstart_call_ctors)



*******************************************************************************
*** MODULE SUMMARY
***

    Module                        ro code  ro data  rw data  rw data
                                                              (abs)
    ------                        -------  -------  -------  -------
command line/config:
    Place holder __checksum                      2
    ----------------------------------------------------------------
    Total:                                       2

C:\Users\User\Desktop\Активные проекты\project RM\RM\EWARM\URM\Obj\CMSIS_6603591812247902717.dir: [1]
    system_stm32f0xx.o                  2       28        4
    ----------------------------------------------------------------
    Total:                              2       28        4

C:\Users\User\Desktop\Активные проекты\project RM\RM\EWARM\URM\Obj\Core_13247989168731456611.dir: [2]
    freertos.o                         24               468
    main.o                          5'810      106      498      255
    mbcrc.o                            76      512
    stm32f0xx_hal_iwdg.o              132
    stm32f0xx_hal_msp.o               496
    stm32f0xx_hal_timebase_tim.o      196                72
    stm32f0xx_it.o                    100                 4
    ----------------------------------------------------------------
    Total:                          6'834      618    1'042      255

C:\Users\User\Desktop\Активные проекты\project RM\RM\EWARM\URM\Obj\EWARM_18443280873093131863.dir: [3]
    dlib_lock_glue.o                  516        4      216
    startup_stm32f030x6.o             226
    ----------------------------------------------------------------
    Total:                            742        4      216

C:\Users\User\Desktop\Активные проекты\project RM\RM\EWARM\URM\Obj\FreeRTOS_4809373609813369194.dir: [4]
    cmsis_os.o                        164
    heap_4.o                          540        4    1'048
    list.o                            156
    port.o                            264        4        4
    portasm.o                         124
    tasks.o                         1'700        8      300
    ----------------------------------------------------------------
    Total:                          2'948       16    1'352

C:\Users\User\Desktop\Активные проекты\project RM\RM\EWARM\URM\Obj\STM32F0xx_HAL_Driver_12736992878974344111.dir: [5]
    stm32f0xx_hal.o                   158        5        9
    stm32f0xx_hal_cortex.o            296
    stm32f0xx_hal_dma.o               772
    stm32f0xx_hal_flash.o             440                32
    stm32f0xx_hal_flash_ex.o          260
    stm32f0xx_hal_gpio.o              912
    stm32f0xx_hal_i2c.o             1'400
    stm32f0xx_hal_i2c_ex.o            208
    stm32f0xx_hal_rcc.o             1'760       32
    stm32f0xx_hal_rcc_ex.o            304
    stm32f0xx_hal_tim.o               722
    stm32f0xx_hal_tim_ex.o              4
    stm32f0xx_hal_uart.o            3'490
    stm32f0xx_hal_uart_ex.o           290
    ----------------------------------------------------------------
    Total:                         11'016       37       41

dl6M_tlf.a: [6]
    cppinit.o                          24
    exit.o                              8
    low_level_init.o                    4
    xfiles.o                            4                32
    xlockref.o                         20
    ----------------------------------------------------------------
    Total:                             60                32

rt6M_tl.a: [7]
    ABImemcpy.o                        78
    ABImemset.o                        78
    I32DivModFast.o                   174
    IntDivZer.o                         2
    U64Shr.o                           30
    cexit.o                             4
    cexit_2.o                          14
    cmain.o                            34
    cmain_call_ctors.o                 32
    copy_init3.o                       48
    cstart_clearlocks.o
    cstartup_M.o                       28
    data_init.o                        40
    zero_init3.o                       60
    ----------------------------------------------------------------
    Total:                            622

shb_l.a: [8]
    exit.o                             20
    ----------------------------------------------------------------
    Total:                             20

th6M_tlf.a: [9]
    xsyslock_mtx.o                    128                16
    ----------------------------------------------------------------
    Total:                            128                16

    Gaps                                4
    Linker created                              41    1'024
--------------------------------------------------------------------
    Grand Total:                   22'376      746    3'727      255


*******************************************************************************
*** ENTRY LIST
***

Entry                       Address   Size  Type      Object
-----                       -------   ----  ----      ------
.iar.init_table$$Base    0x800'68f4          --   Gb  - Linker created -
.iar.init_table$$Limit   0x800'691c          --   Gb  - Linker created -
.intvec$$Base            0x800'1000          --   Gb  - Linker created -
.intvec$$Limit           0x800'10b0          --   Gb  - Linker created -
?main                    0x800'689d         Code  Gb  cmain.o [7]
ADC1_IRQHandler          0x800'6307         Code  Wk  startup_stm32f030x6.o [3]
AHBPrescTable            0x800'69e8   0x10  Data  Gb  system_stm32f0xx.o [1]
APBPrescTable            0x800'6a28    0x8  Data  Gb  system_stm32f0xx.o [1]
ApplyUartSettingsBeforeSignal
                         0x800'1a95   0x90  Code  Lc  main.o [2]
CSTACK$$Base            0x2000'0b90          --   Gb  - Linker created -
CSTACK$$Limit           0x2000'0f90          --   Gb  - Linker created -
CheckTumblerSetting      0x800'19dd   0xb2  Code  Gb  main.o [2]
DMA1_Channel1_IRQHandler
                         0x800'5bd7         Code  Wk  startup_stm32f030x6.o [3]
DMA1_Channel2_3_IRQHandler
                         0x800'67b3   0x10  Code  Gb  stm32f0xx_it.o [2]
DMA1_Channel4_5_IRQHandler
                         0x800'5bdb         Code  Wk  startup_stm32f030x6.o [3]
DMA_CalcBaseAndBitshift
                         0x800'42f7   0x1a  Code  Lc  stm32f0xx_hal_dma.o [5]
DMA_SetConfig            0x800'42cd   0x2a  Code  Lc  stm32f0xx_hal_dma.o [5]
ERROR_checksum_handler   0x800'12b9   0x26  Code  Gb  main.o [2]
ERROR_handler            0x800'12df   0x4a  Code  Gb  main.o [2]
EXTI0_1_IRQHandler       0x800'3a9f         Code  Wk  startup_stm32f030x6.o [3]
EXTI2_3_IRQHandler       0x800'523b         Code  Wk  startup_stm32f030x6.o [3]
EXTI4_15_IRQHandler      0x800'5bb7         Code  Wk  startup_stm32f030x6.o [3]
Error_Handler            0x800'275d    0x6  Code  Gb  main.o [2]
FLAG_OK                 0x2000'011d    0x1  Data  Gb  main.o [2]
FLASH_IRQHandler         0x800'2c67         Code  Wk  startup_stm32f030x6.o [3]
FLASH_MassErase          0x800'5135   0x1a  Code  Lc  stm32f0xx_hal_flash_ex.o [5]
FLASH_PageErase          0x800'5161   0x1e  Code  Gb  stm32f0xx_hal_flash_ex.o [5]
FLASH_Program_HalfWord   0x800'4fc9   0x18  Code  Lc  stm32f0xx_hal_flash.o [5]
FLASH_SetErrorCode       0x800'5031   0x3e  Code  Lc  stm32f0xx_hal_flash.o [5]
FLASH_WaitForLastOperation
                         0x800'4fe1   0x50  Code  Gb  stm32f0xx_hal_flash.o [5]
Flash_ReadU16            0x800'1f31   0x2a  Code  Gb  main.o [2]
Flash_WriteU16_Preserve100
                         0x800'20a5   0xf0  Code  Gb  main.o [2]
HAL_DMA_Abort            0x800'414f   0x4c  Code  Gb  stm32f0xx_hal_dma.o [5]
HAL_DMA_Abort_IT         0x800'419b   0x58  Code  Gb  stm32f0xx_hal_dma.o [5]
HAL_DMA_DeInit           0x800'4071   0x52  Code  Gb  stm32f0xx_hal_dma.o [5]
HAL_DMA_GetError         0x800'42c9    0x4  Code  Gb  stm32f0xx_hal_dma.o [5]
HAL_DMA_IRQHandler       0x800'41f3   0xd6  Code  Gb  stm32f0xx_hal_dma.o [5]
HAL_DMA_Init             0x800'4019   0x54  Code  Gb  stm32f0xx_hal_dma.o [5]
HAL_DMA_Start_IT         0x800'40c3   0x8c  Code  Gb  stm32f0xx_hal_dma.o [5]
HAL_DeInit               0x800'4343   0x22  Code  Gb  stm32f0xx_hal.o [5]
HAL_Delay                0x800'4419   0x2c  Code  Wk  stm32f0xx_hal.o [5]
HAL_FLASHEx_Erase        0x800'5089   0xac  Code  Gb  stm32f0xx_hal_flash_ex.o [5]
HAL_FLASH_Lock           0x800'4faf    0xe  Code  Gb  stm32f0xx_hal_flash.o [5]
HAL_FLASH_Program        0x800'4ed1   0xb4  Code  Gb  stm32f0xx_hal_flash.o [5]
HAL_FLASH_Unlock         0x800'4f85   0x2a  Code  Gb  stm32f0xx_hal_flash.o [5]
HAL_GPIO_DeInit          0x800'2a83  0x13c  Code  Gb  stm32f0xx_hal_gpio.o [5]
HAL_GPIO_Init            0x800'2889  0x1fa  Code  Gb  stm32f0xx_hal_gpio.o [5]
HAL_GPIO_ReadPin         0x800'2bbf   0x1a  Code  Gb  stm32f0xx_hal_gpio.o [5]
HAL_GPIO_WritePin        0x800'2bd9   0x1a  Code  Gb  stm32f0xx_hal_gpio.o [5]
HAL_GetTick              0x800'431d    0xc  Code  Wk  stm32f0xx_hal.o [5]
HAL_I2CEx_ConfigAnalogFilter
                         0x800'4c55   0x66  Code  Gb  stm32f0xx_hal_i2c_ex.o [5]
HAL_I2CEx_ConfigDigitalFilter
                         0x800'4cbb   0x60  Code  Gb  stm32f0xx_hal_i2c_ex.o [5]
HAL_I2C_Init             0x800'3aa1   0xda  Code  Gb  stm32f0xx_hal_i2c.o [5]
HAL_I2C_Master_Transmit
                         0x800'3b7b  0x192  Code  Gb  stm32f0xx_hal_i2c.o [5]
HAL_I2C_MspInit          0x800'592f   0x64  Code  Gb  stm32f0xx_hal_msp.o [2]
HAL_IWDG_Init            0x800'4d25   0x6a  Code  Gb  stm32f0xx_hal_iwdg.o [2]
HAL_IWDG_Refresh         0x800'4d8f    0xc  Code  Gb  stm32f0xx_hal_iwdg.o [2]
HAL_IncTick              0x800'58e1   0x18  Code  Wk  stm32f0xx_hal.o [5]
HAL_Init                 0x800'4329   0x1a  Code  Gb  stm32f0xx_hal.o [5]
HAL_InitTick             0x800'5af1   0xaa  Code  Gb  stm32f0xx_hal_timebase_tim.o [2]
HAL_MspDeInit            0x800'5bb5    0x2  Code  Wk  stm32f0xx_hal.o [5]
HAL_MspInit              0x800'58f9   0x36  Code  Gb  stm32f0xx_hal_msp.o [2]
HAL_NVIC_DisableIRQ      0x800'4ea3    0xe  Code  Gb  stm32f0xx_hal_cortex.o [5]
HAL_NVIC_EnableIRQ       0x800'4e95    0xe  Code  Gb  stm32f0xx_hal_cortex.o [5]
HAL_NVIC_SetPriority     0x800'4e81   0x14  Code  Gb  stm32f0xx_hal_cortex.o [5]
HAL_NVIC_SystemReset     0x800'4eb1    0x8  Code  Gb  stm32f0xx_hal_cortex.o [5]
HAL_RCCEx_PeriphCLKConfig
                         0x800'4b25  0x110  Code  Gb  stm32f0xx_hal_rcc_ex.o [5]
HAL_RCC_ClockConfig      0x800'4905  0x128  Code  Gb  stm32f0xx_hal_rcc.o [5]
HAL_RCC_GetClockConfig   0x800'4ac1   0x32  Code  Gb  stm32f0xx_hal_rcc.o [5]
HAL_RCC_GetHCLKFreq      0x800'4a9b    0x6  Code  Gb  stm32f0xx_hal_rcc.o [5]
HAL_RCC_GetPCLK1Freq     0x800'4aa1   0x18  Code  Gb  stm32f0xx_hal_rcc.o [5]
HAL_RCC_GetSysClockFreq
                         0x800'4a41   0x5a  Code  Gb  stm32f0xx_hal_rcc.o [5]
HAL_RCC_GetSysClockFreq::aPLLMULFactorTable
                         0x800'69c8   0x10  Data  Lc  stm32f0xx_hal_rcc.o [5]
HAL_RCC_GetSysClockFreq::aPredivFactorTable
                         0x800'69d8   0x10  Data  Lc  stm32f0xx_hal_rcc.o [5]
HAL_RCC_OscConfig        0x800'4445  0x4ac  Code  Gb  stm32f0xx_hal_rcc.o [5]
HAL_RS485Ex_Init         0x800'2765   0x92  Code  Gb  stm32f0xx_hal_uart_ex.o [5]
HAL_TIMEx_BreakCallback
                         0x800'6301    0x2  Code  Wk  stm32f0xx_hal_tim_ex.o [5]
HAL_TIMEx_CommutCallback
                         0x800'6305    0x2  Code  Wk  stm32f0xx_hal_tim_ex.o [5]
HAL_TIM_Base_Init        0x800'5fb5   0x5c  Code  Gb  stm32f0xx_hal_tim.o [5]
HAL_TIM_Base_MspInit     0x800'62f9    0x2  Code  Wk  stm32f0xx_hal_tim.o [5]
HAL_TIM_Base_Start_IT    0x800'6011   0x5a  Code  Gb  stm32f0xx_hal_tim.o [5]
HAL_TIM_IC_CaptureCallback
                         0x800'62fb    0x2  Code  Wk  stm32f0xx_hal_tim.o [5]
HAL_TIM_IRQHandler       0x800'6075  0x176  Code  Gb  stm32f0xx_hal_tim.o [5]
HAL_TIM_OC_DelayElapsedCallback
                         0x800'62fd    0x2  Code  Wk  stm32f0xx_hal_tim.o [5]
HAL_TIM_PWM_PulseFinishedCallback
                         0x800'62ff    0x2  Code  Wk  stm32f0xx_hal_tim.o [5]
HAL_TIM_PeriodElapsedCallback
                         0x800'26e5   0x12  Code  Gb  main.o [2]
HAL_TIM_TriggerCallback
                         0x800'6303    0x2  Code  Wk  stm32f0xx_hal_tim.o [5]
HAL_UARTEx_ReceiveToIdle_DMA
                         0x800'2801   0x86  Code  Gb  stm32f0xx_hal_uart_ex.o [5]
HAL_UARTEx_RxEventCallback
                         0x800'1199   0x7c  Code  Gb  main.o [2]
HAL_UART_Abort           0x800'2ed9  0x122  Code  Gb  stm32f0xx_hal_uart.o [5]
HAL_UART_AbortReceive    0x800'2ffb   0xca  Code  Gb  stm32f0xx_hal_uart.o [5]
HAL_UART_DMAStop         0x800'2e2b   0xae  Code  Gb  stm32f0xx_hal_uart.o [5]
HAL_UART_DeInit          0x800'2d05   0x46  Code  Gb  stm32f0xx_hal_uart.o [5]
HAL_UART_ErrorCallback   0x800'5ae9    0x2  Code  Wk  stm32f0xx_hal_uart.o [5]
HAL_UART_IRQHandler      0x800'30d1  0x30c  Code  Gb  stm32f0xx_hal_uart.o [5]
HAL_UART_MspDeInit       0x800'5a7d   0x3e  Code  Gb  stm32f0xx_hal_msp.o [2]
HAL_UART_MspInit         0x800'5993   0xea  Code  Gb  stm32f0xx_hal_msp.o [2]
HAL_UART_RxCpltCallback
                         0x800'5aeb    0x2  Code  Wk  stm32f0xx_hal_uart.o [5]
HAL_UART_RxHalfCpltCallback
                         0x800'5aed    0x2  Code  Wk  stm32f0xx_hal_uart.o [5]
HAL_UART_Transmit        0x800'2d4b   0xe0  Code  Gb  stm32f0xx_hal_uart.o [5]
HAL_UART_TxCpltCallback
                         0x800'5aef    0x2  Code  Wk  stm32f0xx_hal_uart.o [5]
HardFault_Handler        0x800'67a9    0xa  Code  Gb  stm32f0xx_it.o [2]
I2C1_IRQHandler          0x800'6a47         Code  Wk  startup_stm32f030x6.o [3]
I2C_Flush_TXDR           0x800'3d2d   0x28  Code  Lc  stm32f0xx_hal_i2c.o [5]
I2C_IsErrorOccurred      0x800'3e99  0x142  Code  Lc  stm32f0xx_hal_i2c.o [5]
I2C_TransferConfig       0x800'3fdb   0x36  Code  Lc  stm32f0xx_hal_i2c.o [5]
I2C_WaitOnFlagUntilTimeout
                         0x800'3d55   0x82  Code  Lc  stm32f0xx_hal_i2c.o [5]
I2C_WaitOnSTOPFlagUntilTimeout
                         0x800'3e3d   0x5c  Code  Lc  stm32f0xx_hal_i2c.o [5]
I2C_WaitOnTXISFlagUntilTimeout
                         0x800'3dd7   0x66  Code  Lc  stm32f0xx_hal_i2c.o [5]
ID_parsing               0x800'113b   0x30  Code  Gb  main.o [2]
IsFrameCrcValid          0x800'1479   0x4c  Code  Gb  main.o [2]
MX_DMA_Init              0x800'1d29   0x26  Code  Lc  main.o [2]
MX_GPIO_Init             0x800'1d55   0xb0  Code  Lc  main.o [2]
MX_I2C1_Init             0x800'1c77   0x4e  Code  Lc  main.o [2]
MX_IWDG_Init             0x800'1cc5   0x20  Code  Lc  main.o [2]
MX_USART1_UART_Init      0x800'1ce5   0x40  Code  Lc  main.o [2]
NMI_Handler              0x800'67a5    0x4  Code  Gb  stm32f0xx_it.o [2]
OS_update                0x800'21ad   0x68  Code  Gb  main.o [2]
PendSV_Handler           0x800'6283         Code  Gb  portasm.o [4]
RCC_IRQHandler           0x800'2cb7         Code  Wk  startup_stm32f030x6.o [3]
RDO_command_1            0x800'1215   0x36  Code  Gb  main.o [2]
RTC_IRQHandler           0x800'2887         Code  Wk  startup_stm32f030x6.o [3]
Region$$Table$$Base      0x800'68f4          --   Gb  - Linker created -
Region$$Table$$Limit     0x800'691c          --   Gb  - Linker created -
ResetOutput              0x800'1649   0x22  Code  Gb  main.o [2]
Reset_Handler            0x800'69f9         Code  Wk  startup_stm32f030x6.o [3]
SHT$$INIT_ARRAY$$Base    0x800'6a3c          --   Gb  - Linker created -
SHT$$INIT_ARRAY$$Limit   0x800'6a40          --   Gb  - Linker created -
SHT$$PREINIT_ARRAY$$Base
                         0x800'6a3c          --   Gb  - Linker created -
SHT$$PREINIT_ARRAY$$Limit
                         0x800'6a3c          --   Gb  - Linker created -
SPI1_IRQHandler          0x800'6a49         Code  Wk  startup_stm32f030x6.o [3]
SVC_Handler              0x800'62c1         Code  Gb  portasm.o [4]
SetOsAddr                0x800'240f   0x44  Code  Gb  main.o [2]
StartDefaultTask         0x800'2465   0xc6  Code  Gb  main.o [2]
StartTask02              0x800'2571  0x16e  Code  Gb  main.o [2]
SwitchToReceive          0x800'10ff   0x3c  Code  Gb  main.o [2]
SysTick_Handler          0x800'5f37   0x20  Code  Gb  port.o [4]
SystemClock_Config       0x800'1bfd   0x7a  Code  Gb  main.o [2]
SystemCoreClock         0x2000'0118    0x4  Data  Gb  system_stm32f0xx.o [1]
SystemInit               0x800'6a4d    0x2  Code  Gb  system_stm32f0xx.o [1]
TIM14_IRQHandler         0x800'6a41         Code  Wk  startup_stm32f030x6.o [3]
TIM16_IRQHandler         0x800'6a43         Code  Wk  startup_stm32f030x6.o [3]
TIM17_IRQHandler         0x800'6a45         Code  Wk  startup_stm32f030x6.o [3]
TIM1_BRK_UP_TRG_COM_IRQHandler
                         0x800'67c3    0xa  Code  Gb  stm32f0xx_it.o [2]
TIM1_CC_IRQHandler       0x800'68cb         Code  Wk  startup_stm32f030x6.o [3]
TIM3_IRQHandler          0x800'68df         Code  Wk  startup_stm32f030x6.o [3]
TIM_Base_SetConfig       0x800'61eb   0x7a  Code  Gb  stm32f0xx_hal_tim.o [5]
UART1_FullRestartRx      0x800'1e31   0xf6  Code  Gb  main.o [2]
UART_AdvFeatureConfig    0x800'3565   0xde  Code  Gb  stm32f0xx_hal_uart.o [5]
UART_CheckIdleState      0x800'3655   0xc8  Code  Gb  stm32f0xx_hal_uart.o [5]
UART_DMAAbortOnError     0x800'3a59   0x18  Code  Lc  stm32f0xx_hal_uart.o [5]
UART_DMAError            0x800'3a09   0x50  Code  Lc  stm32f0xx_hal_uart.o [5]
UART_DMAReceiveCplt      0x800'3929   0xa4  Code  Lc  stm32f0xx_hal_uart.o [5]
UART_DMARxHalfCplt       0x800'39e1   0x28  Code  Lc  stm32f0xx_hal_uart.o [5]
UART_EndRxTransfer       0x800'38c1   0x64  Code  Lc  stm32f0xx_hal_uart.o [5]
UART_EndTransmit_IT      0x800'3a71   0x2e  Code  Lc  stm32f0xx_hal_uart.o [5]
UART_EndTxTransfer       0x800'38a1   0x20  Code  Lc  stm32f0xx_hal_uart.o [5]
UART_SetConfig           0x800'33f1  0x174  Code  Gb  stm32f0xx_hal_uart.o [5]
UART_Start_Receive_DMA   0x800'37e1   0xb6  Code  Gb  stm32f0xx_hal_uart.o [5]
UART_WaitOnFlagUntilTimeout
                         0x800'372d   0x9c  Code  Gb  stm32f0xx_hal_uart.o [5]
USART1_IRQHandler        0x800'67cd   0x22  Code  Gb  stm32f0xx_it.o [2]
USART1_IRQHandler::sErrCount
                        0x2000'0a78    0x4  Data  Lc  stm32f0xx_it.o [2]
UartCfg_Apply            0x800'2341   0xce  Code  Lc  main.o [2]
UartCfg_LoadFromFlash    0x800'22dd   0x5c  Code  Lc  main.o [2]
UartCfg_SetDefaults      0x800'22c9   0x14  Code  Lc  main.o [2]
UartCfg_Validate         0x800'2229   0x9a  Code  Lc  main.o [2]
VectorTable_CopyToSRAM_AndRemap
                         0x800'10b1   0x4e  Code  Lc  main.o [2]
WMDO_command_15          0x800'124b   0x6e  Code  Gb  main.o [2]
WWDG_IRQHandler          0x800'2763         Code  Wk  startup_stm32f030x6.o [3]
__ICFEDIT_region_RAM_end__ {Abs}
                        0x2000'0fff          --   Gb  <internal module>
__ICFEDIT_region_RAM_start__ {Abs}
                        0x2000'0000          --   Gb  <internal module>
__NVIC_DisableIRQ        0x800'4dc1   0x20  Code  Lc  stm32f0xx_hal_cortex.o [5]
__NVIC_EnableIRQ         0x800'4da9   0x18  Code  Lc  stm32f0xx_hal_cortex.o [5]
__NVIC_SetPriority       0x800'4de1   0x8c  Code  Lc  stm32f0xx_hal_cortex.o [5]
__NVIC_SystemReset       0x800'4e6d   0x14  Code  Lc  stm32f0xx_hal_cortex.o [5]
__aeabi_idiv0            0x800'5bd9         Code  Gb  IntDivZer.o [7]
__aeabi_llsr             0x800'5bb9         Code  Gb  U64Shr.o [7]
__aeabi_memcpy           0x800'2c9d         Code  Gb  ABImemcpy.o [7]
__aeabi_memcpy4          0x800'2c69         Code  Gb  ABImemcpy.o [7]
__aeabi_memcpy8          0x800'2c69         Code  Gb  ABImemcpy.o [7]
__aeabi_memset           0x800'2c19         Code  Gb  ABImemset.o [7]
__aeabi_uidiv            0x800'518d         Code  Gb  I32DivModFast.o [7]
__aeabi_uidivmod         0x800'518d         Code  Gb  I32DivModFast.o [7]
__call_ctors             0x800'693d   0x18  Code  Gb  cppinit.o [6]
__cexit_clearlocks       0x800'68d3         Code  Gb  cexit_2.o [7]
__checksum               0x800'7bfe    0x2  Data  Gb  Place holder __checksum
__checksum_begin {Abs}   0x800'1000          --   Gb  <internal module>
__checksum_end {Abs}     0x800'7bfd          --   Gb  <internal module>
__cmain                  0x800'689d         Code  Gb  cmain.o [7]
__cstart_clearlocks      0x800'6a50         Data  Gb  cstart_clearlocks.o [7]
__dlib_thread_safety_init
                         0x800'6393   0x4e  Code  Gb  dlib_lock_glue.o [3]
__exit                   0x800'68e1   0x14  Code  Gb  exit.o [8]
__iar_Initlocks          0x800'6553   0x36  Code  Gb  xsyslock_mtx.o [9]
__iar_Memcpy             0x800'2ca9         Code  Gb  ABImemcpy.o [7]
__iar_Memset4_word       0x800'2c39         Code  Gb  ABImemset.o [7]
__iar_Memset_word        0x800'2c25         Code  Gb  ABImemset.o [7]
__iar_clearlocks         0x800'650d   0x46  Code  Gb  xsyslock_mtx.o [9]
__iar_copy_init3         0x800'6845   0x30  Code  Gb  copy_init3.o [7]
__iar_cstart_call_ctors
                         0x800'691d   0x20  Code  Gb  cmain_call_ctors.o [7]
__iar_data_init3         0x800'6875   0x28  Code  Gb  data_init.o [7]
__iar_file_FOPEN_MAX     0x800'658d    0x4  Code  Gb  xfiles.o [6]
__iar_file_LockRef       0x800'6591   0x14  Code  Gb  xlockref.o [6]
__iar_file_Mtxdst        0x800'64c5   0x38  Code  Gb  dlib_lock_glue.o [3]
__iar_file_Mtxinit       0x800'646f   0x56  Code  Gb  dlib_lock_glue.o [3]
__iar_file_mtx          0x2000'0980   0x20  Data  Gb  xfiles.o [6]
__iar_program_start      0x800'69ad         Code  Gb  cstartup_M.o [7]
__iar_system_Mtxdst      0x800'6437   0x38  Code  Gb  dlib_lock_glue.o [3]
__iar_system_Mtxinit     0x800'63e1   0x56  Code  Gb  dlib_lock_glue.o [3]
__iar_tls$$INIT_ARRAY$$Base
                         0x800'6a40          --   Gb  - Linker created -
__iar_tls$$INIT_ARRAY$$Limit
                         0x800'6a40          --   Gb  - Linker created -
__iar_zero_init3         0x800'6809   0x3c  Code  Gb  zero_init3.o [7]
__low_level_init         0x800'68bf    0x4  Code  Gb  low_level_init.o [6]
__vector_table           0x800'1000         Data  Gb  startup_stm32f030x6.o [3]
_call_main               0x800'68a9         Code  Gb  cmain.o [7]
_exit                    0x800'68cd         Code  Gb  cexit.o [7]
_exit_2                  0x800'68d1         Code  Gb  cexit_2.o [7]
bit_map                  0x800'6a20    0x8  Data  Lc  main.o [2]
crc16table               0x800'65a4  0x200  Data  Lc  mbcrc.o [2]
def_uart                0x2000'0100    0x8  Data  Gb  main.o [2]
defaultTaskHandle       0x2000'0a58    0x4  Data  Gb  main.o [2]
double_DO                0x800'1835  0x1a8  Code  Gb  main.o [2]
exit                     0x800'68c3    0x8  Code  Gb  exit.o [6]
func_06                  0x800'14e1  0x15c  Code  Gb  main.o [2]
gCheckingTumbler        0x2000'0acc    0x1  Data  Gb  main.o [2]
gCrcErrCnt              0x2000'0acd    0x1  Data  Gb  main.o [2]
gErrorCount             0x2000'0a6c    0x4  Data  Gb  main.o [2]
gID                     0x2000'0ab8    0x2  Data  Gb  main.o [2]
gInp                    0x2000'0ac8    0x1  Data  Gb  main.o [2]
gLastTickCount          0x2000'0a70    0x4  Data  Gb  main.o [2]
gOsBuff                 0x2000'0ac9    0x1  Data  Gb  main.o [2]
gReset                  0x2000'0acb    0x1  Data  Gb  main.o [2]
gRxFrameDropCnt         0x2000'0a64    0x4  Data  Gb  main.o [2]
gRxFrameSize            0x2000'0ac4    0x2  Data  Gb  main.o [2]
gSwitchToReceiveCount   0x2000'0a68    0x4  Data  Gb  main.o [2]
gTumblerBuff            0x2000'0abc    0x2  Data  Gb  main.o [2]
gUartCfg                0x2000'0108    0x8  Data  Gb  main.o [2]
gVecPad                 0x2000'0000   0xff  Data  Wk  main.o [2]
global_error            0x2000'0ac7    0x1  Data  Gb  main.o [2]
hdma_usart1_rx          0x2000'08a4   0x44  Data  Gb  main.o [2]
hdma_usart1_tx          0x2000'08e8   0x44  Data  Gb  main.o [2]
hi2c1                   0x2000'0808   0x54  Data  Gb  main.o [2]
hiwdg                   0x2000'09f0   0x10  Data  Gb  main.o [2]
htim1                   0x2000'085c   0x48  Data  Gb  stm32f0xx_hal_timebase_tim.o [2]
huart1                  0x2000'072c   0x88  Data  Gb  main.o [2]
main                     0x800'1b65   0x8e  Code  Gb  main.o [2]
makeFreeRtosPriority     0x800'4375   0x18  Code  Lc  cmsis_os.o [4]
mbcrc                    0x800'2cb9   0x4c  Code  Gb  mbcrc.o [2]
modbus_t35_us            0x800'2531   0x20  Code  Lc  main.o [2]
modbus_timeout          0x2000'0ac0    0x2  Data  Gb  main.o [2]
mtx                     0x2000'0a00   0x10  Data  Lc  xsyslock_mtx.o [9]
myTask02Handle          0x2000'0a5c    0x4  Data  Gb  main.o [2]
new_paket               0x2000'0ac2    0x2  Data  Gb  main.o [2]
osDelay                  0x800'43f7   0x22  Code  Gb  cmsis_os.o [4]
osKernelStart            0x800'438d    0xa  Code  Gb  cmsis_os.o [4]
osThreadCreate           0x800'4397   0x60  Code  Gb  cmsis_os.o [4]
pFlash                  0x2000'0960   0x20  Data  Gb  stm32f0xx_hal_flash.o [5]
password                0x2000'0abe    0x2  Data  Gb  main.o [2]
prvAddCurrentTaskToDelayedList
                         0x800'5861   0x66  Code  Lc  tasks.o [4]
prvAddNewTaskToReadyList
                         0x800'53a7   0x7c  Code  Lc  tasks.o [4]
prvCheckTasksWaitingTermination
                         0x800'579b   0x38  Code  Lc  tasks.o [4]
prvDeleteTCB             0x800'57d5   0x38  Code  Lc  tasks.o [4]
prvHeapInit              0x800'5d21   0x5e  Code  Lc  heap_4.o [4]
prvIdleTask              0x800'5741   0x16  Code  Lc  tasks.o [4]
prvInitialiseNewTask     0x800'5319   0x8e  Code  Lc  tasks.o [4]
prvInitialiseTaskLists   0x800'5757   0x44  Code  Lc  tasks.o [4]
prvInsertBlockIntoFreeList
                         0x800'5d7f   0x5c  Code  Lc  heap_4.o [4]
prvResetNextTaskUnblockTime
                         0x800'580d   0x26  Code  Lc  tasks.o [4]
prvSetupTimerInterrupt   0x800'5f57   0x24  Code  Lc  port.o [4]
prvTaskExitError         0x800'5eb1   0x16  Code  Lc  port.o [4]
pvPortMalloc             0x800'5bdd   0xe2  Code  Gb  heap_4.o [4]
pxCurrentTCB            0x2000'0a7c    0x4  Data  Gb  tasks.o [4]
pxDelayedTaskList       0x2000'0a80    0x4  Data  Lc  tasks.o [4]
pxEnd                   0x2000'0a48    0x4  Data  Lc  heap_4.o [4]
pxOverflowDelayedTaskList
                        0x2000'0a84    0x4  Data  Lc  tasks.o [4]
pxPortInitialiseStack    0x800'5e95   0x1a  Code  Gb  port.o [4]
pxReadyTasksLists       0x2000'06a0   0x8c  Data  Lc  tasks.o [4]
reading_DO               0x800'1351  0x120  Code  Gb  main.o [2]
receive_buf             0x2000'0a34    0xc  Data  Gb  main.o [2]
send_uart_signal_once    0x800'1b2d   0x20  Code  Gb  main.o [2]
send_uart_signal_once::has_run
                        0x2000'0ace    0x1  Data  Lc  main.o [2]
single_DO                0x800'167d  0x17c  Code  Gb  main.o [2]
state                   0x2000'0ac6    0x1  Data  Gb  main.o [2]
state11                 0x2000'011c    0x1  Data  Gb  main.o [2]
static_file_list_lock   0x2000'0a1c    0xc  Data  Lc  dlib_lock_glue.o [3]
static_file_lock        0x2000'0ad0   0x80  Data  Lc  dlib_lock_glue.o [3]
static_system_list_lock
                        0x2000'0a10    0xc  Data  Lc  dlib_lock_glue.o [3]
static_system_lock      0x2000'0b50   0x40  Data  Lc  dlib_lock_glue.o [3]
stm32_lock_acquire       0x800'632f   0x32  Code  Lc  dlib_lock_glue.o [3]
stm32_lock_init          0x800'6309   0x26  Code  Lc  dlib_lock_glue.o [3]
stm32_lock_release       0x800'6361   0x32  Code  Lc  dlib_lock_glue.o [3]
temp_gID                0x2000'0aba    0x2  Data  Gb  main.o [2]
timer_finish            0x2000'0aca    0x1  Data  Lc  main.o [2]
timer_ms                0x2000'0a60    0x4  Data  Lc  main.o [2]
transmit_buf            0x2000'092c   0x20  Data  Gb  main.o [2]
uart_rx_dma_buf         0x2000'0a28    0xc  Data  Gb  main.o [2]
ucHeap                  0x2000'0120  0x400  Data  Lc  heap_4.o [4]
ulSetInterruptMaskFromISR
                         0x800'62e5         Code  Gb  portasm.o [4]
usart_signal             0x800'1f75  0x11a  Code  Gb  main.o [2]
usart_signal::already_sent
                        0x2000'0acf    0x1  Data  Lc  main.o [2]
uwTick                  0x2000'0a74    0x4  Data  Gb  stm32f0xx_hal.o [5]
uwTickFreq              0x2000'011e    0x1  Data  Gb  stm32f0xx_hal.o [5]
uwTickPrio              0x2000'0114    0x4  Data  Gb  stm32f0xx_hal.o [5]
uxCriticalNesting       0x2000'0110    0x4  Data  Lc  port.o [4]
uxCurrentNumberOfTasks  0x2000'0a8c    0x4  Data  Lc  tasks.o [4]
uxDeletedTasksWaitingCleanUp
                        0x2000'0a88    0x4  Data  Lc  tasks.o [4]
uxListRemove             0x800'5e6b   0x2a  Code  Gb  list.o [4]
uxPendedTicks           0x2000'0a9c    0x4  Data  Lc  tasks.o [4]
uxSchedulerSuspended    0x2000'0ab4    0x4  Data  Lc  tasks.o [4]
uxTaskNumber            0x2000'0aa8    0x4  Data  Lc  tasks.o [4]
uxTopReadyPriority      0x2000'0a94    0x4  Data  Lc  tasks.o [4]
vApplicationGetIdleTaskMemory
                         0x800'5f9d   0x18  Code  Gb  freertos.o [2]
vClearInterruptMaskFromISR
                         0x800'62ed         Code  Gb  portasm.o [4]
vListInitialise          0x800'5df9   0x1e  Code  Gb  list.o [4]
vListInitialiseItem      0x800'5e17    0x6  Code  Gb  list.o [4]
vListInsert              0x800'5e35   0x36  Code  Gb  list.o [4]
vListInsertEnd           0x800'5e1d   0x18  Code  Gb  list.o [4]
vPortEnterCritical       0x800'5f05   0x14  Code  Gb  port.o [4]
vPortExitCritical        0x800'5f19   0x1e  Code  Gb  port.o [4]
vPortFree                0x800'5cc1   0x60  Code  Gb  heap_4.o [4]
vPortStartFirstTask      0x800'62c3         Code  Gb  portasm.o [4]
vPortYield               0x800'5ef1   0x12  Code  Gb  port.o [4]
vSetMSP                  0x800'627d         Code  Gb  portasm.o [4]
vTaskDelay               0x800'5425   0x32  Code  Gb  tasks.o [4]
vTaskStartScheduler      0x800'5475   0x6a  Code  Gb  tasks.o [4]
vTaskSuspendAll          0x800'54e1    0xa  Code  Gb  tasks.o [4]
vTaskSwitchContext       0x800'56b9   0x5c  Code  Gb  tasks.o [4]
xBlockAllocatedBit      0x2000'0a54    0x4  Data  Lc  heap_4.o [4]
xDelayedTaskList1       0x2000'094c   0x14  Data  Lc  tasks.o [4]
xDelayedTaskList2       0x2000'09a0   0x14  Data  Lc  tasks.o [4]
xFreeBytesRemaining     0x2000'0a4c    0x4  Data  Lc  heap_4.o [4]
xHeapStructSize          0x800'6a38    0x4  Data  Lc  heap_4.o [4]
xIdleStack              0x2000'0520  0x180  Data  Lc  freertos.o [2]
xIdleTaskHandle         0x2000'0ab0    0x4  Data  Lc  tasks.o [4]
xIdleTaskTCBBuffer      0x2000'07b4   0x54  Data  Lc  freertos.o [2]
xMinimumEverFreeBytesRemaining
                        0x2000'0a50    0x4  Data  Lc  heap_4.o [4]
xNextTaskUnblockTime    0x2000'0aac    0x4  Data  Lc  tasks.o [4]
xNumOfOverflows         0x2000'0aa4    0x4  Data  Lc  tasks.o [4]
xPendingReadyList       0x2000'09b4   0x14  Data  Lc  tasks.o [4]
xPortStartScheduler      0x800'5ec7   0x2a  Code  Gb  port.o [4]
xSchedulerRunning       0x2000'0a98    0x4  Data  Lc  tasks.o [4]
xStart                  0x2000'0a40    0x8  Data  Lc  heap_4.o [4]
xSuspendedTaskList      0x2000'09dc   0x14  Data  Lc  tasks.o [4]
xTaskCreate              0x800'52ab   0x6c  Code  Gb  tasks.o [4]
xTaskCreateStatic        0x800'523d   0x6e  Code  Gb  tasks.o [4]
xTaskGetTickCount        0x800'55a5    0x6  Code  Gb  tasks.o [4]
xTaskIncrementTick       0x800'55c1   0xe2  Code  Gb  tasks.o [4]
xTaskResumeAll           0x800'54ed   0xb8  Code  Gb  tasks.o [4]
xTasksWaitingTermination
                        0x2000'09c8   0x14  Data  Lc  tasks.o [4]
xTickCount              0x2000'0a90    0x4  Data  Lc  tasks.o [4]
xYieldPending           0x2000'0aa0    0x4  Data  Lc  tasks.o [4]
zeroing_the_buffer       0x800'116b   0x2e  Code  Gb  main.o [2]


[1] = C:\Users\User\Desktop\Активные проекты\project RM\RM\EWARM\URM\Obj\CMSIS_6603591812247902717.dir
[2] = C:\Users\User\Desktop\Активные проекты\project RM\RM\EWARM\URM\Obj\Core_13247989168731456611.dir
[3] = C:\Users\User\Desktop\Активные проекты\project RM\RM\EWARM\URM\Obj\EWARM_18443280873093131863.dir
[4] = C:\Users\User\Desktop\Активные проекты\project RM\RM\EWARM\URM\Obj\FreeRTOS_4809373609813369194.dir
[5] = C:\Users\User\Desktop\Активные проекты\project RM\RM\EWARM\URM\Obj\STM32F0xx_HAL_Driver_12736992878974344111.dir
[6] = dl6M_tlf.a
[7] = rt6M_tl.a
[8] = shb_l.a
[9] = th6M_tlf.a

  22'376 bytes of readonly  code memory
     746 bytes of readonly  data memory
   3'727 bytes of readwrite data memory (+ 255 absolute)

Errors: none
Warnings: none
