###############################################################################
#
# IAR ELF Linker V9.70.1.475/W64 for ARM                  19/Dec/2025  14:23:38
# Copyright 2007-2025 IAR Systems AB.
#
#    Output file  =  C:\Users\User\Desktop\project RM\RM\EWARM\URM\Exe\URM.out
#    Map file     =  C:\Users\User\Desktop\project RM\RM\EWARM\URM\List\URM.map
#    Command line =
#        -f "C:\Users\User\Desktop\project RM\RM\EWARM\URM\Exe\URM.out.rsp"
#        ("C:\Users\User\Desktop\project
#        RM\RM\EWARM\URM\Obj\FreeRTOS_4809373609813369194.dir\cmsis_os.o"
#        "C:\Users\User\Desktop\project
#        RM\RM\EWARM\URM\Obj\FreeRTOS_4809373609813369194.dir\croutine.o"
#        "C:\Users\User\Desktop\project
#        RM\RM\EWARM\URM\Obj\EWARM_18443280873093131863.dir\dlib_lock_glue.o"
#        "C:\Users\User\Desktop\project
#        RM\RM\EWARM\URM\Obj\FreeRTOS_4809373609813369194.dir\event_groups.o"
#        "C:\Users\User\Desktop\project
#        RM\RM\EWARM\URM\Obj\Core_13247989168731456611.dir\freertos.o"
#        "C:\Users\User\Desktop\project
#        RM\RM\EWARM\URM\Obj\FreeRTOS_4809373609813369194.dir\heap_4.o"
#        "C:\Users\User\Desktop\project
#        RM\RM\EWARM\URM\Obj\FreeRTOS_4809373609813369194.dir\list.o"
#        "C:\Users\User\Desktop\project
#        RM\RM\EWARM\URM\Obj\Core_13247989168731456611.dir\main.o"
#        "C:\Users\User\Desktop\project
#        RM\RM\EWARM\URM\Obj\Core_13247989168731456611.dir\mbcrc.o"
#        "C:\Users\User\Desktop\project
#        RM\RM\EWARM\URM\Obj\FreeRTOS_4809373609813369194.dir\port.o"
#        "C:\Users\User\Desktop\project
#        RM\RM\EWARM\URM\Obj\FreeRTOS_4809373609813369194.dir\portasm.o"
#        "C:\Users\User\Desktop\project
#        RM\RM\EWARM\URM\Obj\FreeRTOS_4809373609813369194.dir\queue.o"
#        "C:\Users\User\Desktop\project
#        RM\RM\EWARM\URM\Obj\EWARM_18443280873093131863.dir\startup_stm32f030x6.o"
#        "C:\Users\User\Desktop\project
#        RM\RM\EWARM\URM\Obj\STM32F0xx_HAL_Driver_12736992878974344111.dir\stm32f0xx_hal.o"
#        "C:\Users\User\Desktop\project
#        RM\RM\EWARM\URM\Obj\STM32F0xx_HAL_Driver_12736992878974344111.dir\stm32f0xx_hal_cortex.o"
#        "C:\Users\User\Desktop\project
#        RM\RM\EWARM\URM\Obj\STM32F0xx_HAL_Driver_12736992878974344111.dir\stm32f0xx_hal_dma.o"
#        "C:\Users\User\Desktop\project
#        RM\RM\EWARM\URM\Obj\STM32F0xx_HAL_Driver_12736992878974344111.dir\stm32f0xx_hal_exti.o"
#        "C:\Users\User\Desktop\project
#        RM\RM\EWARM\URM\Obj\STM32F0xx_HAL_Driver_12736992878974344111.dir\stm32f0xx_hal_flash.o"
#        "C:\Users\User\Desktop\project
#        RM\RM\EWARM\URM\Obj\STM32F0xx_HAL_Driver_12736992878974344111.dir\stm32f0xx_hal_flash_ex.o"
#        "C:\Users\User\Desktop\project
#        RM\RM\EWARM\URM\Obj\STM32F0xx_HAL_Driver_12736992878974344111.dir\stm32f0xx_hal_gpio.o"
#        "C:\Users\User\Desktop\project
#        RM\RM\EWARM\URM\Obj\STM32F0xx_HAL_Driver_12736992878974344111.dir\stm32f0xx_hal_i2c.o"
#        "C:\Users\User\Desktop\project
#        RM\RM\EWARM\URM\Obj\STM32F0xx_HAL_Driver_12736992878974344111.dir\stm32f0xx_hal_i2c_ex.o"
#        "C:\Users\User\Desktop\project
#        RM\RM\EWARM\URM\Obj\Core_13247989168731456611.dir\stm32f0xx_hal_iwdg.o"
#        "C:\Users\User\Desktop\project
#        RM\RM\EWARM\URM\Obj\Core_13247989168731456611.dir\stm32f0xx_hal_msp.o"
#        "C:\Users\User\Desktop\project
#        RM\RM\EWARM\URM\Obj\STM32F0xx_HAL_Driver_12736992878974344111.dir\stm32f0xx_hal_pwr.o"
#        "C:\Users\User\Desktop\project
#        RM\RM\EWARM\URM\Obj\STM32F0xx_HAL_Driver_12736992878974344111.dir\stm32f0xx_hal_pwr_ex.o"
#        "C:\Users\User\Desktop\project
#        RM\RM\EWARM\URM\Obj\STM32F0xx_HAL_Driver_12736992878974344111.dir\stm32f0xx_hal_rcc.o"
#        "C:\Users\User\Desktop\project
#        RM\RM\EWARM\URM\Obj\STM32F0xx_HAL_Driver_12736992878974344111.dir\stm32f0xx_hal_rcc_ex.o"
#        "C:\Users\User\Desktop\project
#        RM\RM\EWARM\URM\Obj\STM32F0xx_HAL_Driver_12736992878974344111.dir\stm32f0xx_hal_tim.o"
#        "C:\Users\User\Desktop\project
#        RM\RM\EWARM\URM\Obj\STM32F0xx_HAL_Driver_12736992878974344111.dir\stm32f0xx_hal_tim_ex.o"
#        "C:\Users\User\Desktop\project
#        RM\RM\EWARM\URM\Obj\Core_13247989168731456611.dir\stm32f0xx_hal_timebase_tim.o"
#        "C:\Users\User\Desktop\project
#        RM\RM\EWARM\URM\Obj\STM32F0xx_HAL_Driver_12736992878974344111.dir\stm32f0xx_hal_uart.o"
#        "C:\Users\User\Desktop\project
#        RM\RM\EWARM\URM\Obj\STM32F0xx_HAL_Driver_12736992878974344111.dir\stm32f0xx_hal_uart_ex.o"
#        "C:\Users\User\Desktop\project
#        RM\RM\EWARM\URM\Obj\Core_13247989168731456611.dir\stm32f0xx_it.o"
#        "C:\Users\User\Desktop\project
#        RM\RM\EWARM\URM\Obj\FreeRTOS_4809373609813369194.dir\stream_buffer.o"
#        "C:\Users\User\Desktop\project
#        RM\RM\EWARM\URM\Obj\CMSIS_6603591812247902717.dir\system_stm32f0xx.o"
#        "C:\Users\User\Desktop\project
#        RM\RM\EWARM\URM\Obj\FreeRTOS_4809373609813369194.dir\tasks.o"
#        "C:\Users\User\Desktop\project
#        RM\RM\EWARM\URM\Obj\FreeRTOS_4809373609813369194.dir\timers.o"
#        --no_out_extension -o "C:\Users\User\Desktop\project
#        RM\RM\EWARM\URM\Exe\URM.out" --redirect _Printf=_PrintfFullNoMb
#        --redirect _Scanf=_ScanfFullNoMb --map "C:\Users\User\Desktop\project
#        RM\RM\EWARM\URM\List\URM.map" --config "C:\Users\User\Desktop\project
#        RM\RM\EWARM/stm32f030x6_flash.icf" --semihosting --entry
#        __iar_program_start --vfe --threaded_lib --text_out locale
#        --cpu=Cortex-M0 --fpu=None) --diagnostics_format=sarif_stdout
#        --dependencies=n "C:\Users\User\Desktop\project
#        RM\RM\EWARM\URM\Exe\URM.out.iar_deps" --dynamic_output
#        "C:\Users\User\Desktop\project RM\RM\EWARM\URM\Exe\URM.out.iar_dynout"
#
###############################################################################

*******************************************************************************
*** RUNTIME MODEL ATTRIBUTES
***

CppFlavor                     = *
__CPP_Runtime                 = 1
__Heap_Handler                = Basic
__SystemLibrary               = DLib
__dlib_dynamic_initialization = normal
__dlib_version                = 6


*******************************************************************************
*** HEAP SELECTION
***

The basic heap was selected because --advanced_heap
was not specified and the application did not appear to
be primarily optimized for speed.


*******************************************************************************
*** PLACEMENT SUMMARY
***

"A0":  place at address 0x800'1000 {  ro section .intvec };
"P2":  place in [from 0x800'1000 to 0x800'7bff] {  ro };
define block CSTACK with size = 1K, alignment = 8 { };
define block HEAP with size = 1K, alignment = 8 { };
"P3":  place in [from 0x2000'0000 to 0x2000'0fff] {
           rw,  block CSTACK,  block HEAP };
initialize by copy {  rw };

No sections matched the following patterns:

  ro section .flags  in "P1"


  Section                Kind         Address  Alignment    Size  Object
  -------                ----         -------  ---------    ----  ------
"A0":                                                       0xb0
  .intvec                          0x800'1000               0xb0  <Block>
    .intvec              ro code   0x800'1000          4    0xb0  startup_stm32f030x6.o [3]
                                 - 0x800'10b0               0xb0

"P2":                                                     0x51fc
  .text                  ro code   0x800'10b0          4   0xf4e  main.o [2]
  .text                  ro code   0x800'1ffe          2     0x2  startup_stm32f030x6.o [3]
  .text                  ro code   0x800'2000          4   0x122  stm32f0xx_hal_uart_ex.o [5]
  .text                  ro code   0x800'2122          2     0x2  startup_stm32f030x6.o [3]
  .text                  ro code   0x800'2124          4   0x390  stm32f0xx_hal_gpio.o [5]
  .text                  ro code   0x800'24b4          4    0x4e  ABImemset.o [7]
  .text                  ro code   0x800'2502          2     0x2  startup_stm32f030x6.o [3]
  .text                  ro code   0x800'2504          4    0x4c  mbcrc.o [2]
  .text                  ro code   0x800'2550          4   0xd9a  stm32f0xx_hal_uart.o [5]
  .text                  ro code   0x800'32ea          2     0x2  startup_stm32f030x6.o [3]
  .text                  ro code   0x800'32ec          4   0x578  stm32f0xx_hal_i2c.o [5]
  .text                  ro code   0x800'3864          4    0x4c  stm32f0xx_hal.o [5]
  .text                  ro code   0x800'38b0          4    0x4e  ABImemcpy.o [7]
  .text                  ro code   0x800'38fe          2     0x2  startup_stm32f030x6.o [3]
  .text                  ro code   0x800'3900          4    0xa4  cmsis_os.o [4]
  .text                  ro code   0x800'39a4          4   0x6e0  stm32f0xx_hal_rcc.o [5]
  .text                  ro code   0x800'4084          4   0x130  stm32f0xx_hal_rcc_ex.o [5]
  .text                  ro code   0x800'41b4          4    0xd0  stm32f0xx_hal_i2c_ex.o [5]
  .text                  ro code   0x800'4284          4    0x84  stm32f0xx_hal_iwdg.o [2]
  .text                  ro code   0x800'4308          4   0x128  stm32f0xx_hal_cortex.o [5]
  .text                  ro code   0x800'4430          4   0x304  stm32f0xx_hal_dma.o [5]
  .text                  ro code   0x800'4734          4   0x1b8  stm32f0xx_hal_flash.o [5]
  .text                  ro code   0x800'48ec          4   0x104  stm32f0xx_hal_flash_ex.o [5]
  .text                  ro code   0x800'49f0          4   0x6a4  tasks.o [4]
  .text                  ro code   0x800'5094          4    0x18  stm32f0xx_hal.o [5]
  .text                  ro code   0x800'50ac          4   0x1f0  stm32f0xx_hal_msp.o [2]
  .text                  ro code   0x800'529c          4     0xc  stm32f0xx_hal.o [5]
  .text                  ro code   0x800'52a8          2     0x2  stm32f0xx_hal_uart.o [5]
  .text                  ro code   0x800'52aa          2    0xae  I32DivModFast.o [7]
  .text                  ro code   0x800'5358          2     0x2  stm32f0xx_hal_uart.o [5]
  .text                  ro code   0x800'535a          2     0x2  stm32f0xx_hal_uart.o [5]
  .text                  ro code   0x800'535c          2     0x2  stm32f0xx_hal_uart.o [5]
  .text                  ro code   0x800'535e          2     0x2  startup_stm32f030x6.o [3]
  .text                  ro code   0x800'5360          4    0xc4  stm32f0xx_hal_timebase_tim.o [2]
  .text                  ro code   0x800'5424          2     0x2  stm32f0xx_hal.o [5]
  .text                  ro code   0x800'5426          2     0x2  startup_stm32f030x6.o [3]
  .text                  ro code   0x800'5428          4    0x1e  U64Shr.o [7]
  .text                  ro code   0x800'5446          2     0x2  startup_stm32f030x6.o [3]
  .text                  ro code   0x800'5448          4   0x21c  heap_4.o [4]
  .text                  ro code   0x800'5664          2    0x9c  list.o [4]
  .text                  ro code   0x800'5700          4   0x108  port.o [4]
  .text                  ro code   0x800'5808          4    0x18  freertos.o [2]
  .text                  ro code   0x800'5820          4     0x2  IntDivZer.o [7]
  .text                  ro code   0x800'5822          2     0x2  startup_stm32f030x6.o [3]
  .text                  ro code   0x800'5824          4   0x2c8  stm32f0xx_hal_tim.o [5]
  CODE                   ro code   0x800'5aec          4    0x7c  portasm.o [4]
  .text                  ro code   0x800'5b68          2     0x2  stm32f0xx_hal_tim.o [5]
  .text                  ro code   0x800'5b6a          2     0x2  stm32f0xx_hal_tim.o [5]
  .text                  ro code   0x800'5b6c          2     0x2  stm32f0xx_hal_tim.o [5]
  .text                  ro code   0x800'5b6e          2     0x2  stm32f0xx_hal_tim.o [5]
  .text                  ro code   0x800'5b70          2     0x2  stm32f0xx_hal_tim_ex.o [5]
  .text                  ro code   0x800'5b72          2     0x2  stm32f0xx_hal_tim.o [5]
  .text                  ro code   0x800'5b74          2     0x2  stm32f0xx_hal_tim_ex.o [5]
  .text                  ro code   0x800'5b76          2     0x2  startup_stm32f030x6.o [3]
  .text                  ro code   0x800'5b78          4   0x204  dlib_lock_glue.o [3]
  .text                  ro code   0x800'5d7c          4    0x80  xsyslock_mtx.o [9]
  .text                  ro code   0x800'5dfc          2     0x4  xfiles.o [6]
  .text                  ro code   0x800'5e00          4    0x14  xlockref.o [6]
  .rodata                const     0x800'5e14          4   0x200  mbcrc.o [2]
  .text                  ro code   0x800'6014          4    0x64  stm32f0xx_it.o [2]
  .text                  ro code   0x800'6078          2    0x3c  zero_init3.o [7]
  .text                  ro code   0x800'60b4          2    0x30  copy_init3.o [7]
  .text                  ro code   0x800'60e4          4    0x28  data_init.o [7]
  .text                  ro code   0x800'610c          4    0x22  cmain.o [7]
  .text                  ro code   0x800'612e          2     0x4  low_level_init.o [6]
  .text                  ro code   0x800'6132          2     0x8  exit.o [6]
  .text                  ro code   0x800'613a          2     0x2  startup_stm32f030x6.o [3]
  .text                  ro code   0x800'613c          4     0x4  cexit.o [7]
  .text                  ro code   0x800'6140          4     0xe  cexit_2.o [7]
  .text                  ro code   0x800'614e          2     0x2  startup_stm32f030x6.o [3]
  .text                  ro code   0x800'6150          4    0x14  exit.o [8]
  .iar.init_table        const     0x800'6164          4    0x28  - Linker created -
  .text                  ro code   0x800'618c          4    0x20  cmain_call_ctors.o [7]
  .text                  ro code   0x800'61ac          4    0x18  cppinit.o [6]
  .rodata                const     0x800'61c4          4    0x1c  main.o [2]
  .rodata                const     0x800'61e0          4    0x1c  main.o [2]
  .text                  ro code   0x800'61fc          4    0x1c  cstartup_M.o [7]
  Initializer bytes      const     0x800'6218          4    0x14  <for P3-1>
  .text                  ro code   0x800'622c          2     0x2  startup_stm32f030x6.o [3]
  .rodata                const     0x800'6230          4    0x10  stm32f0xx_hal_rcc.o [5]
  .rodata                const     0x800'6240          4    0x10  stm32f0xx_hal_rcc.o [5]
  .rodata                const     0x800'6250          4    0x10  system_stm32f0xx.o [1]
  .text                  ro code   0x800'6260          4    0x10  startup_stm32f030x6.o [3]
  .rodata                const     0x800'6270          4     0xc  main.o [2]
  .rodata                const     0x800'627c          4     0xc  main.o [2]
  .rodata                const     0x800'6288          4     0x8  system_stm32f0xx.o [1]
  .rodata                const     0x800'6290          4     0x8  tasks.o [4]
  .rodata                const     0x800'6298          4     0x4  heap_4.o [4]
  SHT$$PREINIT_ARRAY               0x800'629c                0x0  <Block>
  SHT$$INIT_ARRAY                  0x800'629c                0x4  <Block>
    .init_array          const     0x800'629c          4     0x4  dlib_lock_glue.o [3]
  __iar_tls$$INIT_ARRAY            0x800'62a0                0x0  <Block>
  .text                  ro code   0x800'62a0          2     0x2  startup_stm32f030x6.o [3]
  .text                  ro code   0x800'62a2          2     0x2  startup_stm32f030x6.o [3]
  .text                  ro code   0x800'62a4          2     0x2  startup_stm32f030x6.o [3]
  .text                  ro code   0x800'62a6          2     0x2  startup_stm32f030x6.o [3]
  .text                  ro code   0x800'62a8          4     0x2  system_stm32f0xx.o [1]
  .text                  ro code   0x800'62ac          4     0x0  cstart_clearlocks.o [7]
  .rodata                const     0x800'62ac                0x0  zero_init3.o [7]
  .rodata                const     0x800'62ac                0x0  copy_init3.o [7]
                                 - 0x800'62ac             0x51fc

"P3", part 1 of 3:                                          0x14
  P3-1                            0x2000'0000          4    0x11  <Init block>
    .data                inited   0x2000'0000          4     0x4  port.o [4]
    .data                inited   0x2000'0004          4     0x4  stm32f0xx_hal.o [5]
    .data                inited   0x2000'0008          4     0x4  system_stm32f0xx.o [1]
    .data                inited   0x2000'000c          2     0x2  main.o [2]
    .data                inited   0x2000'000e                0x1  main.o [2]
    .data                inited   0x2000'000f                0x1  main.o [2]
    .data                inited   0x2000'0010                0x1  stm32f0xx_hal.o [5]
                                - 0x2000'0011               0x11

"P3", part 2 of 3:                                         0x988
  .bss                   zero     0x2000'0014          4   0x400  heap_4.o [4]
  .bss                   zero     0x2000'0414          4   0x180  freertos.o [2]
  .bss                   zero     0x2000'0594          4    0x8c  tasks.o [4]
  .bss                   zero     0x2000'0620          4    0x88  main.o [2]
  .bss                   zero     0x2000'06a8          4    0x54  freertos.o [2]
  .bss                   zero     0x2000'06fc          4    0x54  main.o [2]
  .bss                   zero     0x2000'0750          4    0x48  stm32f0xx_hal_timebase_tim.o [2]
  .bss                   zero     0x2000'0798          4    0x44  main.o [2]
  .bss                   zero     0x2000'07dc          4    0x44  main.o [2]
  .bss                   zero     0x2000'0820          4    0x14  tasks.o [4]
  .bss                   zero     0x2000'0838          8    0x20  stm32f0xx_hal_flash.o [5]
  .bss                   zero     0x2000'0858          4    0x20  xfiles.o [6]
  .bss                   zero     0x2000'0878          4    0x14  tasks.o [4]
  .bss                   zero     0x2000'088c          4    0x14  tasks.o [4]
  .bss                   zero     0x2000'08a0          4    0x14  tasks.o [4]
  .bss                   zero     0x2000'08b4          4    0x14  tasks.o [4]
  .bss                   zero     0x2000'08c8          4    0x10  main.o [2]
  .bss                   zero     0x2000'08d8          4    0x10  main.o [2]
  .bss                   zero     0x2000'08e8          4    0x10  xsyslock_mtx.o [9]
  .bss                   zero     0x2000'08f8          4     0xc  dlib_lock_glue.o [3]
  .bss                   zero     0x2000'0904          4     0xc  dlib_lock_glue.o [3]
  .bss                   zero     0x2000'0910          4     0xc  main.o [2]
  .bss                   zero     0x2000'091c          4     0x8  heap_4.o [4]
  .bss                   zero     0x2000'0924          4     0x4  heap_4.o [4]
  .bss                   zero     0x2000'0928          4     0x4  heap_4.o [4]
  .bss                   zero     0x2000'092c          4     0x4  heap_4.o [4]
  .bss                   zero     0x2000'0930          4     0x4  heap_4.o [4]
  .bss                   zero     0x2000'0934          4     0x4  main.o [2]
  .bss                   zero     0x2000'0938          4     0x4  main.o [2]
  .bss                   zero     0x2000'093c          4     0x4  main.o [2]
  .bss                   zero     0x2000'0940          4     0x4  main.o [2]
  .bss                   zero     0x2000'0944          4     0x4  main.o [2]
  .bss                   zero     0x2000'0948          4     0x4  main.o [2]
  .bss                   zero     0x2000'094c          4     0x4  stm32f0xx_hal.o [5]
  .bss                   zero     0x2000'0950          4     0x4  stm32f0xx_it.o [2]
  .bss                   zero     0x2000'0954          4     0x4  tasks.o [4]
  .bss                   zero     0x2000'0958          4     0x4  tasks.o [4]
  .bss                   zero     0x2000'095c          4     0x4  tasks.o [4]
  .bss                   zero     0x2000'0960          4     0x4  tasks.o [4]
  .bss                   zero     0x2000'0964          4     0x4  tasks.o [4]
  .bss                   zero     0x2000'0968          4     0x4  tasks.o [4]
  .bss                   zero     0x2000'096c          4     0x4  tasks.o [4]
  .bss                   zero     0x2000'0970          4     0x4  tasks.o [4]
  .bss                   zero     0x2000'0974          4     0x4  tasks.o [4]
  .bss                   zero     0x2000'0978          4     0x4  tasks.o [4]
  .bss                   zero     0x2000'097c          4     0x4  tasks.o [4]
  .bss                   zero     0x2000'0980          4     0x4  tasks.o [4]
  .bss                   zero     0x2000'0984          4     0x4  tasks.o [4]
  .bss                   zero     0x2000'0988          4     0x4  tasks.o [4]
  .bss                   zero     0x2000'098c          4     0x4  tasks.o [4]
  .bss                   zero     0x2000'0990          2     0x2  main.o [2]
  .bss                   zero     0x2000'0992          2     0x2  main.o [2]
  .bss                   zero     0x2000'0994                0x1  main.o [2]
  .bss                   zero     0x2000'0995                0x1  main.o [2]
  .bss                   zero     0x2000'0996                0x1  main.o [2]
  .bss                   zero     0x2000'0997                0x1  main.o [2]
  .bss                   zero     0x2000'0998                0x1  main.o [2]
  .bss                   zero     0x2000'0999                0x1  main.o [2]
  .bss                   zero     0x2000'099a                0x1  main.o [2]
  .bss                   zero     0x2000'099b                0x1  main.o [2]
                                - 0x2000'099c              0x988

"P3", part 3 of 3:                                         0x4c4
  .noinit                uninit   0x2000'099c          4    0x80  dlib_lock_glue.o [3]
  .noinit                uninit   0x2000'0a1c          4    0x40  dlib_lock_glue.o [3]
  CSTACK                          0x2000'0a60          8   0x400  <Block>
    CSTACK               uninit   0x2000'0a60              0x400  <Block tail>
                                - 0x2000'0e60              0x4c4

Unused ranges:

         From           To    Size
         ----           --    ----
   0x800'62ac   0x800'7bff  0x1954
  0x2000'0e60  0x2000'0fff   0x1a0


*******************************************************************************
*** INIT TABLE
***

          Address      Size
          -------      ----
Zero (__iar_zero_init3)
    1 destination range, total size 0x988:
          0x2000'0014  0x988

Copy (__iar_copy_init3)
    1 source range, total size 0x14 (117% of destination):
           0x800'6218   0x14
    1 destination range, total size 0x11:
          0x2000'0000   0x11

Extra (__iar_cstart_call_ctors)



*******************************************************************************
*** MODULE SUMMARY
***

    Module                        ro code  ro data  rw data
    ------                        -------  -------  -------
command line/config:
    -------------------------------------------------------
    Total:

C:\Users\User\Desktop\project RM\RM\EWARM\URM\Obj\CMSIS_6603591812247902717.dir: [1]
    system_stm32f0xx.o                  2       28        4
    -------------------------------------------------------
    Total:                              2       28        4

C:\Users\User\Desktop\project RM\RM\EWARM\URM\Obj\Core_13247989168731456611.dir: [2]
    freertos.o                         24               468
    main.o                          3'918       84      440
    mbcrc.o                            76      512
    stm32f0xx_hal_iwdg.o              132
    stm32f0xx_hal_msp.o               496
    stm32f0xx_hal_timebase_tim.o      196                72
    stm32f0xx_it.o                    100                 4
    -------------------------------------------------------
    Total:                          4'942      596      984

C:\Users\User\Desktop\project RM\RM\EWARM\URM\Obj\EWARM_18443280873093131863.dir: [3]
    dlib_lock_glue.o                  516        4      216
    startup_stm32f030x6.o             226
    -------------------------------------------------------
    Total:                            742        4      216

C:\Users\User\Desktop\project RM\RM\EWARM\URM\Obj\FreeRTOS_4809373609813369194.dir: [4]
    cmsis_os.o                        164
    heap_4.o                          540        4    1'048
    list.o                            156
    port.o                            264        4        4
    portasm.o                         124
    tasks.o                         1'700        8      300
    -------------------------------------------------------
    Total:                          2'948       16    1'352

C:\Users\User\Desktop\project RM\RM\EWARM\URM\Obj\STM32F0xx_HAL_Driver_12736992878974344111.dir: [5]
    stm32f0xx_hal.o                   114        5        9
    stm32f0xx_hal_cortex.o            296
    stm32f0xx_hal_dma.o               772
    stm32f0xx_hal_flash.o             440                32
    stm32f0xx_hal_flash_ex.o          260
    stm32f0xx_hal_gpio.o              912
    stm32f0xx_hal_i2c.o             1'400
    stm32f0xx_hal_i2c_ex.o            208
    stm32f0xx_hal_rcc.o             1'760       32
    stm32f0xx_hal_rcc_ex.o            304
    stm32f0xx_hal_tim.o               722
    stm32f0xx_hal_tim_ex.o              4
    stm32f0xx_hal_uart.o            3'490
    stm32f0xx_hal_uart_ex.o           290
    -------------------------------------------------------
    Total:                         10'972       37       41

dl6M_tlf.a: [6]
    cppinit.o                          24
    exit.o                              8
    low_level_init.o                    4
    xfiles.o                            4                32
    xlockref.o                         20
    -------------------------------------------------------
    Total:                             60                32

rt6M_tl.a: [7]
    ABImemcpy.o                        78
    ABImemset.o                        78
    I32DivModFast.o                   174
    IntDivZer.o                         2
    U64Shr.o                           30
    cexit.o                             4
    cexit_2.o                          14
    cmain.o                            34
    cmain_call_ctors.o                 32
    copy_init3.o                       48
    cstart_clearlocks.o
    cstartup_M.o                       28
    data_init.o                        40
    zero_init3.o                       60
    -------------------------------------------------------
    Total:                            622

shb_l.a: [8]
    exit.o                             20
    -------------------------------------------------------
    Total:                             20

th6M_tlf.a: [9]
    xsyslock_mtx.o                    128                16
    -------------------------------------------------------
    Total:                            128                16

    Gaps                                2        2        8
    Linker created                              43    1'024
-----------------------------------------------------------
    Grand Total:                   20'438      726    3'677


*******************************************************************************
*** ENTRY LIST
***

Entry                       Address   Size  Type      Object
-----                       -------   ----  ----      ------
.iar.init_table$$Base    0x800'6164          --   Gb  - Linker created -
.iar.init_table$$Limit   0x800'618c          --   Gb  - Linker created -
.intvec$$Base            0x800'1000          --   Gb  - Linker created -
.intvec$$Limit           0x800'10b0          --   Gb  - Linker created -
?main                    0x800'610d         Code  Gb  cmain.o [7]
ADC1_IRQHandler          0x800'5b77         Code  Wk  startup_stm32f030x6.o [3]
AHBPrescTable            0x800'6250   0x10  Data  Gb  system_stm32f0xx.o [1]
APBPrescTable            0x800'6288    0x8  Data  Gb  system_stm32f0xx.o [1]
CSTACK$$Base            0x2000'0a60          --   Gb  - Linker created -
CSTACK$$Limit           0x2000'0e60          --   Gb  - Linker created -
CheckTumblerSetting      0x800'17d1   0xb2  Code  Gb  main.o [2]
DMA1_Channel1_IRQHandler
                         0x800'5447         Code  Wk  startup_stm32f030x6.o [3]
DMA1_Channel2_3_IRQHandler
                         0x800'6023   0x10  Code  Gb  stm32f0xx_it.o [2]
DMA1_Channel4_5_IRQHandler
                         0x800'5823         Code  Wk  startup_stm32f030x6.o [3]
DMA_CalcBaseAndBitshift
                         0x800'470f   0x1a  Code  Lc  stm32f0xx_hal_dma.o [5]
DMA_SetConfig            0x800'46e5   0x2a  Code  Lc  stm32f0xx_hal_dma.o [5]
ERROR_checksum_handler   0x800'1239   0x26  Code  Gb  main.o [2]
ERROR_handler            0x800'125f   0x4a  Code  Gb  main.o [2]
EXTI0_1_IRQHandler       0x800'38ff         Code  Wk  startup_stm32f030x6.o [3]
EXTI2_3_IRQHandler       0x800'535f         Code  Wk  startup_stm32f030x6.o [3]
EXTI4_15_IRQHandler      0x800'5427         Code  Wk  startup_stm32f030x6.o [3]
Error_Handler            0x800'1ff9    0x6  Code  Gb  main.o [2]
FLAG_OK                 0x2000'000f    0x1  Data  Gb  main.o [2]
FLASH_IRQHandler         0x800'2503         Code  Wk  startup_stm32f030x6.o [3]
FLASH_MassErase          0x800'4999   0x1a  Code  Lc  stm32f0xx_hal_flash_ex.o [5]
FLASH_PageErase          0x800'49c5   0x1e  Code  Gb  stm32f0xx_hal_flash_ex.o [5]
FLASH_Program_HalfWord   0x800'482d   0x18  Code  Lc  stm32f0xx_hal_flash.o [5]
FLASH_SetErrorCode       0x800'4895   0x3e  Code  Lc  stm32f0xx_hal_flash.o [5]
FLASH_WaitForLastOperation
                         0x800'4845   0x50  Code  Gb  stm32f0xx_hal_flash.o [5]
Flash_ReadU16            0x800'1c11   0x2a  Code  Gb  main.o [2]
Flash_WriteU16_Preserve100
                         0x800'1c55   0xe2  Code  Gb  main.o [2]
HAL_DMA_Abort            0x800'4567   0x4c  Code  Gb  stm32f0xx_hal_dma.o [5]
HAL_DMA_Abort_IT         0x800'45b3   0x58  Code  Gb  stm32f0xx_hal_dma.o [5]
HAL_DMA_DeInit           0x800'4489   0x52  Code  Gb  stm32f0xx_hal_dma.o [5]
HAL_DMA_GetError         0x800'46e1    0x4  Code  Gb  stm32f0xx_hal_dma.o [5]
HAL_DMA_IRQHandler       0x800'460b   0xd6  Code  Gb  stm32f0xx_hal_dma.o [5]
HAL_DMA_Init             0x800'4431   0x54  Code  Gb  stm32f0xx_hal_dma.o [5]
HAL_DMA_Start_IT         0x800'44db   0x8c  Code  Gb  stm32f0xx_hal_dma.o [5]
HAL_DeInit               0x800'387f   0x22  Code  Gb  stm32f0xx_hal.o [5]
HAL_FLASHEx_Erase        0x800'48ed   0xac  Code  Gb  stm32f0xx_hal_flash_ex.o [5]
HAL_FLASH_Lock           0x800'4813    0xe  Code  Gb  stm32f0xx_hal_flash.o [5]
HAL_FLASH_Program        0x800'4735   0xb4  Code  Gb  stm32f0xx_hal_flash.o [5]
HAL_FLASH_Unlock         0x800'47e9   0x2a  Code  Gb  stm32f0xx_hal_flash.o [5]
HAL_GPIO_DeInit          0x800'231f  0x13c  Code  Gb  stm32f0xx_hal_gpio.o [5]
HAL_GPIO_Init            0x800'2125  0x1fa  Code  Gb  stm32f0xx_hal_gpio.o [5]
HAL_GPIO_ReadPin         0x800'245b   0x1a  Code  Gb  stm32f0xx_hal_gpio.o [5]
HAL_GPIO_WritePin        0x800'2475   0x1a  Code  Gb  stm32f0xx_hal_gpio.o [5]
HAL_GetTick              0x800'529d    0xc  Code  Wk  stm32f0xx_hal.o [5]
HAL_I2CEx_ConfigAnalogFilter
                         0x800'41b5   0x66  Code  Gb  stm32f0xx_hal_i2c_ex.o [5]
HAL_I2CEx_ConfigDigitalFilter
                         0x800'421b   0x60  Code  Gb  stm32f0xx_hal_i2c_ex.o [5]
HAL_I2C_Init             0x800'32ed   0xda  Code  Gb  stm32f0xx_hal_i2c.o [5]
HAL_I2C_Master_Transmit
                         0x800'33c7  0x192  Code  Gb  stm32f0xx_hal_i2c.o [5]
HAL_I2C_MspInit          0x800'50e3   0x64  Code  Gb  stm32f0xx_hal_msp.o [2]
HAL_IWDG_Init            0x800'4285   0x6a  Code  Gb  stm32f0xx_hal_iwdg.o [2]
HAL_IWDG_Refresh         0x800'42ef    0xc  Code  Gb  stm32f0xx_hal_iwdg.o [2]
HAL_IncTick              0x800'5095   0x18  Code  Wk  stm32f0xx_hal.o [5]
HAL_Init                 0x800'3865   0x1a  Code  Gb  stm32f0xx_hal.o [5]
HAL_InitTick             0x800'5361   0xaa  Code  Gb  stm32f0xx_hal_timebase_tim.o [2]
HAL_MspDeInit            0x800'5425    0x2  Code  Wk  stm32f0xx_hal.o [5]
HAL_MspInit              0x800'50ad   0x36  Code  Gb  stm32f0xx_hal_msp.o [2]
HAL_NVIC_DisableIRQ      0x800'4403    0xe  Code  Gb  stm32f0xx_hal_cortex.o [5]
HAL_NVIC_EnableIRQ       0x800'43f5    0xe  Code  Gb  stm32f0xx_hal_cortex.o [5]
HAL_NVIC_SetPriority     0x800'43e1   0x14  Code  Gb  stm32f0xx_hal_cortex.o [5]
HAL_NVIC_SystemReset     0x800'4411    0x8  Code  Gb  stm32f0xx_hal_cortex.o [5]
HAL_RCCEx_PeriphCLKConfig
                         0x800'4085  0x110  Code  Gb  stm32f0xx_hal_rcc_ex.o [5]
HAL_RCC_ClockConfig      0x800'3e65  0x128  Code  Gb  stm32f0xx_hal_rcc.o [5]
HAL_RCC_GetClockConfig   0x800'4021   0x32  Code  Gb  stm32f0xx_hal_rcc.o [5]
HAL_RCC_GetHCLKFreq      0x800'3ffb    0x6  Code  Gb  stm32f0xx_hal_rcc.o [5]
HAL_RCC_GetPCLK1Freq     0x800'4001   0x18  Code  Gb  stm32f0xx_hal_rcc.o [5]
HAL_RCC_GetSysClockFreq
                         0x800'3fa1   0x5a  Code  Gb  stm32f0xx_hal_rcc.o [5]
HAL_RCC_GetSysClockFreq::aPLLMULFactorTable
                         0x800'6230   0x10  Data  Lc  stm32f0xx_hal_rcc.o [5]
HAL_RCC_GetSysClockFreq::aPredivFactorTable
                         0x800'6240   0x10  Data  Lc  stm32f0xx_hal_rcc.o [5]
HAL_RCC_OscConfig        0x800'39a5  0x4ac  Code  Gb  stm32f0xx_hal_rcc.o [5]
HAL_RS485Ex_Init         0x800'2001   0x92  Code  Gb  stm32f0xx_hal_uart_ex.o [5]
HAL_TIMEx_BreakCallback
                         0x800'5b71    0x2  Code  Wk  stm32f0xx_hal_tim_ex.o [5]
HAL_TIMEx_CommutCallback
                         0x800'5b75    0x2  Code  Wk  stm32f0xx_hal_tim_ex.o [5]
HAL_TIM_Base_Init        0x800'5825   0x5c  Code  Gb  stm32f0xx_hal_tim.o [5]
HAL_TIM_Base_MspInit     0x800'5b69    0x2  Code  Wk  stm32f0xx_hal_tim.o [5]
HAL_TIM_Base_Start_IT    0x800'5881   0x5a  Code  Gb  stm32f0xx_hal_tim.o [5]
HAL_TIM_IC_CaptureCallback
                         0x800'5b6b    0x2  Code  Wk  stm32f0xx_hal_tim.o [5]
HAL_TIM_IRQHandler       0x800'58e5  0x176  Code  Gb  stm32f0xx_hal_tim.o [5]
HAL_TIM_OC_DelayElapsedCallback
                         0x800'5b6d    0x2  Code  Wk  stm32f0xx_hal_tim.o [5]
HAL_TIM_PWM_PulseFinishedCallback
                         0x800'5b6f    0x2  Code  Wk  stm32f0xx_hal_tim.o [5]
HAL_TIM_PeriodElapsedCallback
                         0x800'1f99   0x12  Code  Gb  main.o [2]
HAL_TIM_TriggerCallback
                         0x800'5b73    0x2  Code  Wk  stm32f0xx_hal_tim.o [5]
HAL_UARTEx_ReceiveToIdle_DMA
                         0x800'209d   0x86  Code  Gb  stm32f0xx_hal_uart_ex.o [5]
HAL_UARTEx_RxEventCallback
                         0x800'1183   0x12  Code  Gb  main.o [2]
HAL_UART_Abort           0x800'2725  0x122  Code  Gb  stm32f0xx_hal_uart.o [5]
HAL_UART_AbortReceive    0x800'2847   0xca  Code  Gb  stm32f0xx_hal_uart.o [5]
HAL_UART_DMAStop         0x800'2677   0xae  Code  Gb  stm32f0xx_hal_uart.o [5]
HAL_UART_DeInit          0x800'2551   0x46  Code  Gb  stm32f0xx_hal_uart.o [5]
HAL_UART_ErrorCallback   0x800'52a9    0x2  Code  Wk  stm32f0xx_hal_uart.o [5]
HAL_UART_IRQHandler      0x800'291d  0x30c  Code  Gb  stm32f0xx_hal_uart.o [5]
HAL_UART_MspDeInit       0x800'5231   0x3e  Code  Gb  stm32f0xx_hal_msp.o [2]
HAL_UART_MspInit         0x800'5147   0xea  Code  Gb  stm32f0xx_hal_msp.o [2]
HAL_UART_RxCpltCallback
                         0x800'5359    0x2  Code  Wk  stm32f0xx_hal_uart.o [5]
HAL_UART_RxHalfCpltCallback
                         0x800'535b    0x2  Code  Wk  stm32f0xx_hal_uart.o [5]
HAL_UART_Transmit        0x800'2597   0xe0  Code  Gb  stm32f0xx_hal_uart.o [5]
HAL_UART_TxCpltCallback
                         0x800'535d    0x2  Code  Wk  stm32f0xx_hal_uart.o [5]
HardFault_Handler        0x800'6019    0xa  Code  Gb  stm32f0xx_it.o [2]
I2C1_IRQHandler          0x800'62a5         Code  Wk  startup_stm32f030x6.o [3]
I2C_Flush_TXDR           0x800'3579   0x28  Code  Lc  stm32f0xx_hal_i2c.o [5]
I2C_IsErrorOccurred      0x800'36e5  0x142  Code  Lc  stm32f0xx_hal_i2c.o [5]
I2C_TransferConfig       0x800'3827   0x36  Code  Lc  stm32f0xx_hal_i2c.o [5]
I2C_WaitOnFlagUntilTimeout
                         0x800'35a1   0x82  Code  Lc  stm32f0xx_hal_i2c.o [5]
I2C_WaitOnSTOPFlagUntilTimeout
                         0x800'3689   0x5c  Code  Lc  stm32f0xx_hal_i2c.o [5]
I2C_WaitOnTXISFlagUntilTimeout
                         0x800'3623   0x66  Code  Lc  stm32f0xx_hal_i2c.o [5]
ID_parsing               0x800'113b   0x30  Code  Gb  main.o [2]
MX_DMA_Init              0x800'1a3d   0x26  Code  Lc  main.o [2]
MX_GPIO_Init             0x800'1a63   0xae  Code  Lc  main.o [2]
MX_I2C1_Init             0x800'1995   0x4e  Code  Lc  main.o [2]
MX_IWDG_Init             0x800'19e3   0x20  Code  Lc  main.o [2]
MX_USART1_UART_Init      0x800'1a03   0x36  Code  Lc  main.o [2]
NMI_Handler              0x800'6015    0x4  Code  Gb  stm32f0xx_it.o [2]
OS_update                0x800'1d45   0x68  Code  Gb  main.o [2]
PendSV_Handler           0x800'5af3         Code  Gb  portasm.o [4]
RCC_IRQHandler           0x800'32eb         Code  Wk  startup_stm32f030x6.o [3]
RDO_command_1            0x800'1195   0x36  Code  Gb  main.o [2]
RTC_IRQHandler           0x800'2123         Code  Wk  startup_stm32f030x6.o [3]
Region$$Table$$Base      0x800'6164          --   Gb  - Linker created -
Region$$Table$$Limit     0x800'618c          --   Gb  - Linker created -
ResetOutput              0x800'1435   0x22  Code  Gb  main.o [2]
Reset_Handler            0x800'6261         Code  Wk  startup_stm32f030x6.o [3]
SHT$$INIT_ARRAY$$Base    0x800'629c          --   Gb  - Linker created -
SHT$$INIT_ARRAY$$Limit   0x800'62a0          --   Gb  - Linker created -
SHT$$PREINIT_ARRAY$$Base
                         0x800'629c          --   Gb  - Linker created -
SHT$$PREINIT_ARRAY$$Limit
                         0x800'629c          --   Gb  - Linker created -
SPI1_IRQHandler          0x800'62a7         Code  Wk  startup_stm32f030x6.o [3]
SVC_Handler              0x800'5b31         Code  Gb  portasm.o [4]
SetOsAddr                0x800'1db5   0x44  Code  Gb  main.o [2]
StartDefaultTask         0x800'1e05   0x9e  Code  Gb  main.o [2]
StartTask02              0x800'1ebd   0xd6  Code  Gb  main.o [2]
SwitchToReceive          0x800'10ff   0x3c  Code  Gb  main.o [2]
SysTick_Handler          0x800'57a3   0x20  Code  Gb  port.o [4]
SystemClock_Config       0x800'191b   0x7a  Code  Gb  main.o [2]
SystemCoreClock         0x2000'0008    0x4  Data  Gb  system_stm32f0xx.o [1]
SystemInit               0x800'62a9    0x2  Code  Gb  system_stm32f0xx.o [1]
TIM14_IRQHandler         0x800'622d         Code  Wk  startup_stm32f030x6.o [3]
TIM16_IRQHandler         0x800'62a1         Code  Wk  startup_stm32f030x6.o [3]
TIM17_IRQHandler         0x800'62a3         Code  Wk  startup_stm32f030x6.o [3]
TIM1_BRK_UP_TRG_COM_IRQHandler
                         0x800'6033    0xa  Code  Gb  stm32f0xx_it.o [2]
TIM1_CC_IRQHandler       0x800'613b         Code  Wk  startup_stm32f030x6.o [3]
TIM3_IRQHandler          0x800'614f         Code  Wk  startup_stm32f030x6.o [3]
TIM_Base_SetConfig       0x800'5a5b   0x7a  Code  Gb  stm32f0xx_hal_tim.o [5]
UART1_FullRestartRx      0x800'1b35   0xdc  Code  Gb  main.o [2]
UART_AdvFeatureConfig    0x800'2db1   0xde  Code  Gb  stm32f0xx_hal_uart.o [5]
UART_CheckIdleState      0x800'2ea1   0xc8  Code  Gb  stm32f0xx_hal_uart.o [5]
UART_DMAAbortOnError     0x800'32a5   0x18  Code  Lc  stm32f0xx_hal_uart.o [5]
UART_DMAError            0x800'3255   0x50  Code  Lc  stm32f0xx_hal_uart.o [5]
UART_DMAReceiveCplt      0x800'3175   0xa4  Code  Lc  stm32f0xx_hal_uart.o [5]
UART_DMARxHalfCplt       0x800'322d   0x28  Code  Lc  stm32f0xx_hal_uart.o [5]
UART_EndRxTransfer       0x800'310d   0x64  Code  Lc  stm32f0xx_hal_uart.o [5]
UART_EndTransmit_IT      0x800'32bd   0x2e  Code  Lc  stm32f0xx_hal_uart.o [5]
UART_EndTxTransfer       0x800'30ed   0x20  Code  Lc  stm32f0xx_hal_uart.o [5]
UART_SetConfig           0x800'2c3d  0x174  Code  Gb  stm32f0xx_hal_uart.o [5]
UART_Start_Receive_DMA   0x800'302d   0xb6  Code  Gb  stm32f0xx_hal_uart.o [5]
UART_WaitOnFlagUntilTimeout
                         0x800'2f79   0x9c  Code  Gb  stm32f0xx_hal_uart.o [5]
USART1_IRQHandler        0x800'603d   0x22  Code  Gb  stm32f0xx_it.o [2]
USART1_IRQHandler::sErrCount
                        0x2000'0950    0x4  Data  Lc  stm32f0xx_it.o [2]
VectorTable_CopyToSRAM_AndRemap
                         0x800'10b1   0x4e  Code  Lc  main.o [2]
WMDO_command_15          0x800'11cb   0x6e  Code  Gb  main.o [2]
WWDG_IRQHandler          0x800'1fff         Code  Wk  startup_stm32f030x6.o [3]
__ICFEDIT_region_RAM_end__ {Abs}
                        0x2000'0fff          --   Gb  <internal module>
__ICFEDIT_region_RAM_start__ {Abs}
                        0x2000'0000          --   Gb  <internal module>
__NVIC_DisableIRQ        0x800'4321   0x20  Code  Lc  stm32f0xx_hal_cortex.o [5]
__NVIC_EnableIRQ         0x800'4309   0x18  Code  Lc  stm32f0xx_hal_cortex.o [5]
__NVIC_SetPriority       0x800'4341   0x8c  Code  Lc  stm32f0xx_hal_cortex.o [5]
__NVIC_SystemReset       0x800'43cd   0x14  Code  Lc  stm32f0xx_hal_cortex.o [5]
__aeabi_idiv0            0x800'5821         Code  Gb  IntDivZer.o [7]
__aeabi_llsr             0x800'5429         Code  Gb  U64Shr.o [7]
__aeabi_memcpy           0x800'38e5         Code  Gb  ABImemcpy.o [7]
__aeabi_memcpy4          0x800'38b1         Code  Gb  ABImemcpy.o [7]
__aeabi_memcpy8          0x800'38b1         Code  Gb  ABImemcpy.o [7]
__aeabi_memset           0x800'24b5         Code  Gb  ABImemset.o [7]
__aeabi_uidiv            0x800'52ab         Code  Gb  I32DivModFast.o [7]
__aeabi_uidivmod         0x800'52ab         Code  Gb  I32DivModFast.o [7]
__call_ctors             0x800'61ad   0x18  Code  Gb  cppinit.o [6]
__cexit_clearlocks       0x800'6143         Code  Gb  cexit_2.o [7]
__cmain                  0x800'610d         Code  Gb  cmain.o [7]
__cstart_clearlocks      0x800'62ac         Data  Gb  cstart_clearlocks.o [7]
__dlib_thread_safety_init
                         0x800'5c03   0x4e  Code  Gb  dlib_lock_glue.o [3]
__exit                   0x800'6151   0x14  Code  Gb  exit.o [8]
__iar_Initlocks          0x800'5dc3   0x36  Code  Gb  xsyslock_mtx.o [9]
__iar_Memcpy             0x800'38f1         Code  Gb  ABImemcpy.o [7]
__iar_Memset4_word       0x800'24d5         Code  Gb  ABImemset.o [7]
__iar_Memset_word        0x800'24c1         Code  Gb  ABImemset.o [7]
__iar_clearlocks         0x800'5d7d   0x46  Code  Gb  xsyslock_mtx.o [9]
__iar_copy_init3         0x800'60b5   0x30  Code  Gb  copy_init3.o [7]
__iar_cstart_call_ctors
                         0x800'618d   0x20  Code  Gb  cmain_call_ctors.o [7]
__iar_data_init3         0x800'60e5   0x28  Code  Gb  data_init.o [7]
__iar_file_FOPEN_MAX     0x800'5dfd    0x4  Code  Gb  xfiles.o [6]
__iar_file_LockRef       0x800'5e01   0x14  Code  Gb  xlockref.o [6]
__iar_file_Mtxdst        0x800'5d35   0x38  Code  Gb  dlib_lock_glue.o [3]
__iar_file_Mtxinit       0x800'5cdf   0x56  Code  Gb  dlib_lock_glue.o [3]
__iar_file_mtx          0x2000'0858   0x20  Data  Gb  xfiles.o [6]
__iar_program_start      0x800'61fd         Code  Gb  cstartup_M.o [7]
__iar_system_Mtxdst      0x800'5ca7   0x38  Code  Gb  dlib_lock_glue.o [3]
__iar_system_Mtxinit     0x800'5c51   0x56  Code  Gb  dlib_lock_glue.o [3]
__iar_tls$$INIT_ARRAY$$Base
                         0x800'62a0          --   Gb  - Linker created -
__iar_tls$$INIT_ARRAY$$Limit
                         0x800'62a0          --   Gb  - Linker created -
__iar_zero_init3         0x800'6079   0x3c  Code  Gb  zero_init3.o [7]
__low_level_init         0x800'612f    0x4  Code  Gb  low_level_init.o [6]
__vector_table           0x800'1000         Data  Gb  startup_stm32f030x6.o [3]
_call_main               0x800'6119         Code  Gb  cmain.o [7]
_exit                    0x800'613d         Code  Gb  cexit.o [7]
_exit_2                  0x800'6141         Code  Gb  cexit_2.o [7]
cntr                    0x2000'093c    0x4  Data  Gb  main.o [2]
crc16table               0x800'5e14  0x200  Data  Lc  mbcrc.o [2]
defaultTaskHandle       0x2000'0934    0x4  Data  Gb  main.o [2]
double_DO                0x800'1619  0x1a8  Code  Gb  main.o [2]
exit                     0x800'6133    0x8  Code  Gb  exit.o [6]
func_06                  0x800'137d   0xb4  Code  Gb  main.o [2]
gCheckingTumbler        0x2000'099a    0x1  Data  Gb  main.o [2]
gCrcErrCnt              0x2000'0997    0x1  Data  Gb  main.o [2]
gErrorCount             0x2000'0944    0x4  Data  Gb  main.o [2]
gID                     0x2000'0996    0x1  Data  Gb  main.o [2]
gInp                    0x2000'099b    0x1  Data  Gb  main.o [2]
gLastTickCount          0x2000'0948    0x4  Data  Gb  main.o [2]
gOsBuff                 0x2000'0998    0x1  Data  Gb  main.o [2]
gReset                  0x2000'0999    0x1  Data  Gb  main.o [2]
gSwitchToReceiveCount   0x2000'0940    0x4  Data  Gb  main.o [2]
gTumblerBuff            0x2000'0992    0x2  Data  Gb  main.o [2]
global_error            0x2000'0995    0x1  Data  Gb  main.o [2]
hdma_usart1_rx          0x2000'0798   0x44  Data  Gb  main.o [2]
hdma_usart1_tx          0x2000'07dc   0x44  Data  Gb  main.o [2]
hi2c1                   0x2000'06fc   0x54  Data  Gb  main.o [2]
hiwdg                   0x2000'08c8   0x10  Data  Gb  main.o [2]
htim1                   0x2000'0750   0x48  Data  Gb  stm32f0xx_hal_timebase_tim.o [2]
huart1                  0x2000'0620   0x88  Data  Gb  main.o [2]
main                     0x800'189d   0x7e  Code  Gb  main.o [2]
makeFreeRtosPriority     0x800'3901   0x18  Code  Lc  cmsis_os.o [4]
mbcrc                    0x800'2505   0x4c  Code  Gb  mbcrc.o [2]
modbus_timeout          0x2000'000c    0x2  Data  Gb  main.o [2]
mtx                     0x2000'08e8   0x10  Data  Lc  xsyslock_mtx.o [9]
myTask02Handle          0x2000'0938    0x4  Data  Gb  main.o [2]
new_paket               0x2000'0990    0x2  Data  Gb  main.o [2]
osDelay                  0x800'3983   0x22  Code  Gb  cmsis_os.o [4]
osKernelStart            0x800'3919    0xa  Code  Gb  cmsis_os.o [4]
osThreadCreate           0x800'3923   0x60  Code  Gb  cmsis_os.o [4]
pFlash                  0x2000'0838   0x20  Data  Gb  stm32f0xx_hal_flash.o [5]
prvAddCurrentTaskToDelayedList
                         0x800'5015   0x66  Code  Lc  tasks.o [4]
prvAddNewTaskToReadyList
                         0x800'4b5b   0x7c  Code  Lc  tasks.o [4]
prvCheckTasksWaitingTermination
                         0x800'4f4f   0x38  Code  Lc  tasks.o [4]
prvDeleteTCB             0x800'4f89   0x38  Code  Lc  tasks.o [4]
prvHeapInit              0x800'558d   0x5e  Code  Lc  heap_4.o [4]
prvIdleTask              0x800'4ef5   0x16  Code  Lc  tasks.o [4]
prvInitialiseNewTask     0x800'4acd   0x8e  Code  Lc  tasks.o [4]
prvInitialiseTaskLists   0x800'4f0b   0x44  Code  Lc  tasks.o [4]
prvInsertBlockIntoFreeList
                         0x800'55eb   0x5c  Code  Lc  heap_4.o [4]
prvResetNextTaskUnblockTime
                         0x800'4fc1   0x26  Code  Lc  tasks.o [4]
prvSetupTimerInterrupt   0x800'57c3   0x24  Code  Lc  port.o [4]
prvTaskExitError         0x800'571d   0x16  Code  Lc  port.o [4]
pvPortMalloc             0x800'5449   0xe2  Code  Gb  heap_4.o [4]
pxCurrentTCB            0x2000'0954    0x4  Data  Gb  tasks.o [4]
pxDelayedTaskList       0x2000'0958    0x4  Data  Lc  tasks.o [4]
pxEnd                   0x2000'0924    0x4  Data  Lc  heap_4.o [4]
pxOverflowDelayedTaskList
                        0x2000'095c    0x4  Data  Lc  tasks.o [4]
pxPortInitialiseStack    0x800'5701   0x1a  Code  Gb  port.o [4]
pxReadyTasksLists       0x2000'0594   0x8c  Data  Lc  tasks.o [4]
reading_DO               0x800'12bd   0xb2  Code  Gb  main.o [2]
receive_buf             0x2000'0910    0xc  Data  Gb  main.o [2]
single_DO                0x800'1479  0x17c  Code  Gb  main.o [2]
state                   0x2000'0994    0x1  Data  Gb  main.o [2]
state11                 0x2000'000e    0x1  Data  Gb  main.o [2]
static_file_list_lock   0x2000'0904    0xc  Data  Lc  dlib_lock_glue.o [3]
static_file_lock        0x2000'099c   0x80  Data  Lc  dlib_lock_glue.o [3]
static_system_list_lock
                        0x2000'08f8    0xc  Data  Lc  dlib_lock_glue.o [3]
static_system_lock      0x2000'0a1c   0x40  Data  Lc  dlib_lock_glue.o [3]
stm32_lock_acquire       0x800'5b9f   0x32  Code  Lc  dlib_lock_glue.o [3]
stm32_lock_init          0x800'5b79   0x26  Code  Lc  dlib_lock_glue.o [3]
stm32_lock_release       0x800'5bd1   0x32  Code  Lc  dlib_lock_glue.o [3]
transmit_buf            0x2000'08d8   0x10  Data  Gb  main.o [2]
ucHeap                  0x2000'0014  0x400  Data  Lc  heap_4.o [4]
ulSetInterruptMaskFromISR
                         0x800'5b55         Code  Gb  portasm.o [4]
uwTick                  0x2000'094c    0x4  Data  Gb  stm32f0xx_hal.o [5]
uwTickFreq              0x2000'0010    0x1  Data  Gb  stm32f0xx_hal.o [5]
uwTickPrio              0x2000'0004    0x4  Data  Gb  stm32f0xx_hal.o [5]
uxCriticalNesting       0x2000'0000    0x4  Data  Lc  port.o [4]
uxCurrentNumberOfTasks  0x2000'0964    0x4  Data  Lc  tasks.o [4]
uxDeletedTasksWaitingCleanUp
                        0x2000'0960    0x4  Data  Lc  tasks.o [4]
uxListRemove             0x800'56d7   0x2a  Code  Gb  list.o [4]
uxPendedTicks           0x2000'0974    0x4  Data  Lc  tasks.o [4]
uxSchedulerSuspended    0x2000'098c    0x4  Data  Lc  tasks.o [4]
uxTaskNumber            0x2000'0980    0x4  Data  Lc  tasks.o [4]
uxTopReadyPriority      0x2000'096c    0x4  Data  Lc  tasks.o [4]
vApplicationGetIdleTaskMemory
                         0x800'5809   0x18  Code  Gb  freertos.o [2]
vClearInterruptMaskFromISR
                         0x800'5b5d         Code  Gb  portasm.o [4]
vListInitialise          0x800'5665   0x1e  Code  Gb  list.o [4]
vListInitialiseItem      0x800'5683    0x6  Code  Gb  list.o [4]
vListInsert              0x800'56a1   0x36  Code  Gb  list.o [4]
vListInsertEnd           0x800'5689   0x18  Code  Gb  list.o [4]
vPortEnterCritical       0x800'5771   0x14  Code  Gb  port.o [4]
vPortExitCritical        0x800'5785   0x1e  Code  Gb  port.o [4]
vPortFree                0x800'552d   0x60  Code  Gb  heap_4.o [4]
vPortStartFirstTask      0x800'5b33         Code  Gb  portasm.o [4]
vPortYield               0x800'575d   0x12  Code  Gb  port.o [4]
vSetMSP                  0x800'5aed         Code  Gb  portasm.o [4]
vTaskDelay               0x800'4bd9   0x32  Code  Gb  tasks.o [4]
vTaskStartScheduler      0x800'4c29   0x6a  Code  Gb  tasks.o [4]
vTaskSuspendAll          0x800'4c95    0xa  Code  Gb  tasks.o [4]
vTaskSwitchContext       0x800'4e6d   0x5c  Code  Gb  tasks.o [4]
xBlockAllocatedBit      0x2000'0930    0x4  Data  Lc  heap_4.o [4]
xDelayedTaskList1       0x2000'0820   0x14  Data  Lc  tasks.o [4]
xDelayedTaskList2       0x2000'0878   0x14  Data  Lc  tasks.o [4]
xFreeBytesRemaining     0x2000'0928    0x4  Data  Lc  heap_4.o [4]
xHeapStructSize          0x800'6298    0x4  Data  Lc  heap_4.o [4]
xIdleStack              0x2000'0414  0x180  Data  Lc  freertos.o [2]
xIdleTaskHandle         0x2000'0988    0x4  Data  Lc  tasks.o [4]
xIdleTaskTCBBuffer      0x2000'06a8   0x54  Data  Lc  freertos.o [2]
xMinimumEverFreeBytesRemaining
                        0x2000'092c    0x4  Data  Lc  heap_4.o [4]
xNextTaskUnblockTime    0x2000'0984    0x4  Data  Lc  tasks.o [4]
xNumOfOverflows         0x2000'097c    0x4  Data  Lc  tasks.o [4]
xPendingReadyList       0x2000'088c   0x14  Data  Lc  tasks.o [4]
xPortStartScheduler      0x800'5733   0x2a  Code  Gb  port.o [4]
xSchedulerRunning       0x2000'0970    0x4  Data  Lc  tasks.o [4]
xStart                  0x2000'091c    0x8  Data  Lc  heap_4.o [4]
xSuspendedTaskList      0x2000'08b4   0x14  Data  Lc  tasks.o [4]
xTaskCreate              0x800'4a5f   0x6c  Code  Gb  tasks.o [4]
xTaskCreateStatic        0x800'49f1   0x6e  Code  Gb  tasks.o [4]
xTaskGetTickCount        0x800'4d59    0x6  Code  Gb  tasks.o [4]
xTaskIncrementTick       0x800'4d75   0xe2  Code  Gb  tasks.o [4]
xTaskResumeAll           0x800'4ca1   0xb8  Code  Gb  tasks.o [4]
xTasksWaitingTermination
                        0x2000'08a0   0x14  Data  Lc  tasks.o [4]
xTickCount              0x2000'0968    0x4  Data  Lc  tasks.o [4]
xYieldPending           0x2000'0978    0x4  Data  Lc  tasks.o [4]
zeroing_the_buffer       0x800'116b   0x18  Code  Gb  main.o [2]


[1] = C:\Users\User\Desktop\project RM\RM\EWARM\URM\Obj\CMSIS_6603591812247902717.dir
[2] = C:\Users\User\Desktop\project RM\RM\EWARM\URM\Obj\Core_13247989168731456611.dir
[3] = C:\Users\User\Desktop\project RM\RM\EWARM\URM\Obj\EWARM_18443280873093131863.dir
[4] = C:\Users\User\Desktop\project RM\RM\EWARM\URM\Obj\FreeRTOS_4809373609813369194.dir
[5] = C:\Users\User\Desktop\project RM\RM\EWARM\URM\Obj\STM32F0xx_HAL_Driver_12736992878974344111.dir
[6] = dl6M_tlf.a
[7] = rt6M_tl.a
[8] = shb_l.a
[9] = th6M_tlf.a

  20'438 bytes of readonly  code memory
     726 bytes of readonly  data memory
   3'677 bytes of readwrite data memory

Errors: none
Warnings: none
