###############################################################################
#
# IAR ELF Linker V9.70.1.475/W64 for ARM                  23/Dec/2025  10:19:04
# Copyright 2007-2025 IAR Systems AB.
#
#    Output file  =  C:\Users\User\Desktop\project RM\RM\EWARM\URM\Exe\URM.out
#    Map file     =  C:\Users\User\Desktop\project RM\RM\EWARM\URM\List\URM.map
#    Command line =
#        -f "C:\Users\User\Desktop\project RM\RM\EWARM\URM\Exe\URM.out.rsp"
#        ("C:\Users\User\Desktop\project
#        RM\RM\EWARM\URM\Obj\FreeRTOS_4809373609813369194.dir\cmsis_os.o"
#        "C:\Users\User\Desktop\project
#        RM\RM\EWARM\URM\Obj\FreeRTOS_4809373609813369194.dir\croutine.o"
#        "C:\Users\User\Desktop\project
#        RM\RM\EWARM\URM\Obj\EWARM_18443280873093131863.dir\dlib_lock_glue.o"
#        "C:\Users\User\Desktop\project
#        RM\RM\EWARM\URM\Obj\FreeRTOS_4809373609813369194.dir\event_groups.o"
#        "C:\Users\User\Desktop\project
#        RM\RM\EWARM\URM\Obj\Core_13247989168731456611.dir\freertos.o"
#        "C:\Users\User\Desktop\project
#        RM\RM\EWARM\URM\Obj\FreeRTOS_4809373609813369194.dir\heap_4.o"
#        "C:\Users\User\Desktop\project
#        RM\RM\EWARM\URM\Obj\FreeRTOS_4809373609813369194.dir\list.o"
#        "C:\Users\User\Desktop\project
#        RM\RM\EWARM\URM\Obj\Core_13247989168731456611.dir\main.o"
#        "C:\Users\User\Desktop\project
#        RM\RM\EWARM\URM\Obj\Core_13247989168731456611.dir\mbcrc.o"
#        "C:\Users\User\Desktop\project
#        RM\RM\EWARM\URM\Obj\FreeRTOS_4809373609813369194.dir\port.o"
#        "C:\Users\User\Desktop\project
#        RM\RM\EWARM\URM\Obj\FreeRTOS_4809373609813369194.dir\portasm.o"
#        "C:\Users\User\Desktop\project
#        RM\RM\EWARM\URM\Obj\FreeRTOS_4809373609813369194.dir\queue.o"
#        "C:\Users\User\Desktop\project
#        RM\RM\EWARM\URM\Obj\EWARM_18443280873093131863.dir\startup_stm32f030x6.o"
#        "C:\Users\User\Desktop\project
#        RM\RM\EWARM\URM\Obj\STM32F0xx_HAL_Driver_12736992878974344111.dir\stm32f0xx_hal.o"
#        "C:\Users\User\Desktop\project
#        RM\RM\EWARM\URM\Obj\STM32F0xx_HAL_Driver_12736992878974344111.dir\stm32f0xx_hal_cortex.o"
#        "C:\Users\User\Desktop\project
#        RM\RM\EWARM\URM\Obj\STM32F0xx_HAL_Driver_12736992878974344111.dir\stm32f0xx_hal_dma.o"
#        "C:\Users\User\Desktop\project
#        RM\RM\EWARM\URM\Obj\STM32F0xx_HAL_Driver_12736992878974344111.dir\stm32f0xx_hal_exti.o"
#        "C:\Users\User\Desktop\project
#        RM\RM\EWARM\URM\Obj\STM32F0xx_HAL_Driver_12736992878974344111.dir\stm32f0xx_hal_flash.o"
#        "C:\Users\User\Desktop\project
#        RM\RM\EWARM\URM\Obj\STM32F0xx_HAL_Driver_12736992878974344111.dir\stm32f0xx_hal_flash_ex.o"
#        "C:\Users\User\Desktop\project
#        RM\RM\EWARM\URM\Obj\STM32F0xx_HAL_Driver_12736992878974344111.dir\stm32f0xx_hal_gpio.o"
#        "C:\Users\User\Desktop\project
#        RM\RM\EWARM\URM\Obj\STM32F0xx_HAL_Driver_12736992878974344111.dir\stm32f0xx_hal_i2c.o"
#        "C:\Users\User\Desktop\project
#        RM\RM\EWARM\URM\Obj\STM32F0xx_HAL_Driver_12736992878974344111.dir\stm32f0xx_hal_i2c_ex.o"
#        "C:\Users\User\Desktop\project
#        RM\RM\EWARM\URM\Obj\Core_13247989168731456611.dir\stm32f0xx_hal_iwdg.o"
#        "C:\Users\User\Desktop\project
#        RM\RM\EWARM\URM\Obj\Core_13247989168731456611.dir\stm32f0xx_hal_msp.o"
#        "C:\Users\User\Desktop\project
#        RM\RM\EWARM\URM\Obj\STM32F0xx_HAL_Driver_12736992878974344111.dir\stm32f0xx_hal_pwr.o"
#        "C:\Users\User\Desktop\project
#        RM\RM\EWARM\URM\Obj\STM32F0xx_HAL_Driver_12736992878974344111.dir\stm32f0xx_hal_pwr_ex.o"
#        "C:\Users\User\Desktop\project
#        RM\RM\EWARM\URM\Obj\STM32F0xx_HAL_Driver_12736992878974344111.dir\stm32f0xx_hal_rcc.o"
#        "C:\Users\User\Desktop\project
#        RM\RM\EWARM\URM\Obj\STM32F0xx_HAL_Driver_12736992878974344111.dir\stm32f0xx_hal_rcc_ex.o"
#        "C:\Users\User\Desktop\project
#        RM\RM\EWARM\URM\Obj\STM32F0xx_HAL_Driver_12736992878974344111.dir\stm32f0xx_hal_tim.o"
#        "C:\Users\User\Desktop\project
#        RM\RM\EWARM\URM\Obj\STM32F0xx_HAL_Driver_12736992878974344111.dir\stm32f0xx_hal_tim_ex.o"
#        "C:\Users\User\Desktop\project
#        RM\RM\EWARM\URM\Obj\Core_13247989168731456611.dir\stm32f0xx_hal_timebase_tim.o"
#        "C:\Users\User\Desktop\project
#        RM\RM\EWARM\URM\Obj\STM32F0xx_HAL_Driver_12736992878974344111.dir\stm32f0xx_hal_uart.o"
#        "C:\Users\User\Desktop\project
#        RM\RM\EWARM\URM\Obj\STM32F0xx_HAL_Driver_12736992878974344111.dir\stm32f0xx_hal_uart_ex.o"
#        "C:\Users\User\Desktop\project
#        RM\RM\EWARM\URM\Obj\Core_13247989168731456611.dir\stm32f0xx_it.o"
#        "C:\Users\User\Desktop\project
#        RM\RM\EWARM\URM\Obj\FreeRTOS_4809373609813369194.dir\stream_buffer.o"
#        "C:\Users\User\Desktop\project
#        RM\RM\EWARM\URM\Obj\CMSIS_6603591812247902717.dir\system_stm32f0xx.o"
#        "C:\Users\User\Desktop\project
#        RM\RM\EWARM\URM\Obj\FreeRTOS_4809373609813369194.dir\tasks.o"
#        "C:\Users\User\Desktop\project
#        RM\RM\EWARM\URM\Obj\FreeRTOS_4809373609813369194.dir\timers.o"
#        --no_out_extension -o "C:\Users\User\Desktop\project
#        RM\RM\EWARM\URM\Exe\URM.out" --redirect _Printf=_PrintfFullNoMb
#        --redirect _Scanf=_ScanfFullNoMb --map "C:\Users\User\Desktop\project
#        RM\RM\EWARM\URM\List\URM.map" --config "C:\Users\User\Desktop\project
#        RM\RM\EWARM/stm32f030x6_flash.icf" --semihosting --entry
#        __iar_program_start --vfe --threaded_lib --text_out locale
#        --cpu=Cortex-M0 --fpu=None) --diagnostics_format=sarif_stdout
#        --dependencies=n "C:\Users\User\Desktop\project
#        RM\RM\EWARM\URM\Exe\URM.out.iar_deps" --dynamic_output
#        "C:\Users\User\Desktop\project RM\RM\EWARM\URM\Exe\URM.out.iar_dynout"
#
###############################################################################

*******************************************************************************
*** RUNTIME MODEL ATTRIBUTES
***

CppFlavor                     = *
__CPP_Runtime                 = 1
__Heap_Handler                = Basic
__SystemLibrary               = DLib
__dlib_dynamic_initialization = normal
__dlib_version                = 6


*******************************************************************************
*** HEAP SELECTION
***

The basic heap was selected because --advanced_heap
was not specified and the application did not appear to
be primarily optimized for speed.


*******************************************************************************
*** PLACEMENT SUMMARY
***

"A0":  place at address 0x800'1000 {  ro section .intvec };
"P2":  place in [from 0x800'1000 to 0x800'7bff] {  ro };
define block CSTACK with size = 1K, alignment = 8 { };
define block HEAP with size = 1K, alignment = 8 { };
"P3":  place in [from 0x2000'0000 to 0x2000'0fff] {
           rw,  block CSTACK,  block HEAP };
initialize by copy {  rw };

No sections matched the following patterns:

  ro section .flags  in "P1"


  Section                Kind         Address  Alignment    Size  Object
  -------                ----         -------  ---------    ----  ------
"A0":                                                       0xb0
  .intvec                          0x800'1000               0xb0  <Block>
    .intvec              ro code   0x800'1000          4    0xb0  startup_stm32f030x6.o [3]
                                 - 0x800'10b0               0xb0

"P2":                                                     0x5568
  .text                  ro code   0x800'10b0          4  0x12aa  main.o [2]
  .text                  ro code   0x800'235a          2     0x2  startup_stm32f030x6.o [3]
  .text                  ro code   0x800'235c          4   0x122  stm32f0xx_hal_uart_ex.o [5]
  .text                  ro code   0x800'247e          2     0x2  startup_stm32f030x6.o [3]
  .text                  ro code   0x800'2480          4   0x390  stm32f0xx_hal_gpio.o [5]
  .text                  ro code   0x800'2810          4    0x4e  ABImemset.o [7]
  .text                  ro code   0x800'285e          2     0x2  startup_stm32f030x6.o [3]
  .text                  ro code   0x800'2860          4    0x4c  mbcrc.o [2]
  .text                  ro code   0x800'28ac          4   0xd9a  stm32f0xx_hal_uart.o [5]
  .text                  ro code   0x800'3646          2     0x2  startup_stm32f030x6.o [3]
  .text                  ro code   0x800'3648          4   0x578  stm32f0xx_hal_i2c.o [5]
  .text                  ro code   0x800'3bc0          4    0x4c  stm32f0xx_hal.o [5]
  .text                  ro code   0x800'3c0c          4    0x4e  ABImemcpy.o [7]
  .text                  ro code   0x800'3c5a          2     0x2  startup_stm32f030x6.o [3]
  .text                  ro code   0x800'3c5c          4    0xa4  cmsis_os.o [4]
  .text                  ro code   0x800'3d00          4   0x6e0  stm32f0xx_hal_rcc.o [5]
  .text                  ro code   0x800'43e0          4   0x130  stm32f0xx_hal_rcc_ex.o [5]
  .text                  ro code   0x800'4510          4    0xd0  stm32f0xx_hal_i2c_ex.o [5]
  .text                  ro code   0x800'45e0          4    0x84  stm32f0xx_hal_iwdg.o [2]
  .text                  ro code   0x800'4664          4   0x128  stm32f0xx_hal_cortex.o [5]
  .text                  ro code   0x800'478c          4   0x304  stm32f0xx_hal_dma.o [5]
  .text                  ro code   0x800'4a90          4   0x1b8  stm32f0xx_hal_flash.o [5]
  .text                  ro code   0x800'4c48          4   0x104  stm32f0xx_hal_flash_ex.o [5]
  .text                  ro code   0x800'4d4c          4     0xc  stm32f0xx_hal.o [5]
  .text                  ro code   0x800'4d58          4   0x6a4  tasks.o [4]
  .text                  ro code   0x800'53fc          4    0x18  stm32f0xx_hal.o [5]
  .text                  ro code   0x800'5414          4   0x1f0  stm32f0xx_hal_msp.o [2]
  .text                  ro code   0x800'5604          2     0x2  stm32f0xx_hal_uart.o [5]
  .text                  ro code   0x800'5606          2    0xae  I32DivModFast.o [7]
  .text                  ro code   0x800'56b4          2     0x2  stm32f0xx_hal_uart.o [5]
  .text                  ro code   0x800'56b6          2     0x2  stm32f0xx_hal_uart.o [5]
  .text                  ro code   0x800'56b8          2     0x2  stm32f0xx_hal_uart.o [5]
  .text                  ro code   0x800'56ba          2     0x2  startup_stm32f030x6.o [3]
  .text                  ro code   0x800'56bc          4    0xc4  stm32f0xx_hal_timebase_tim.o [2]
  .text                  ro code   0x800'5780          2     0x2  stm32f0xx_hal.o [5]
  .text                  ro code   0x800'5782          2     0x2  startup_stm32f030x6.o [3]
  .text                  ro code   0x800'5784          4    0x1e  U64Shr.o [7]
  .text                  ro code   0x800'57a2          2     0x2  startup_stm32f030x6.o [3]
  .text                  ro code   0x800'57a4          4   0x21c  heap_4.o [4]
  .text                  ro code   0x800'59c0          2    0x9c  list.o [4]
  .text                  ro code   0x800'5a5c          4   0x108  port.o [4]
  .text                  ro code   0x800'5b64          4    0x18  freertos.o [2]
  .text                  ro code   0x800'5b7c          4     0x2  IntDivZer.o [7]
  .text                  ro code   0x800'5b7e          2     0x2  startup_stm32f030x6.o [3]
  .text                  ro code   0x800'5b80          4   0x2c8  stm32f0xx_hal_tim.o [5]
  CODE                   ro code   0x800'5e48          4    0x7c  portasm.o [4]
  .text                  ro code   0x800'5ec4          2     0x2  stm32f0xx_hal_tim.o [5]
  .text                  ro code   0x800'5ec6          2     0x2  stm32f0xx_hal_tim.o [5]
  .text                  ro code   0x800'5ec8          2     0x2  stm32f0xx_hal_tim.o [5]
  .text                  ro code   0x800'5eca          2     0x2  stm32f0xx_hal_tim.o [5]
  .text                  ro code   0x800'5ecc          2     0x2  stm32f0xx_hal_tim_ex.o [5]
  .text                  ro code   0x800'5ece          2     0x2  stm32f0xx_hal_tim.o [5]
  .text                  ro code   0x800'5ed0          2     0x2  stm32f0xx_hal_tim_ex.o [5]
  .text                  ro code   0x800'5ed2          2     0x2  startup_stm32f030x6.o [3]
  .text                  ro code   0x800'5ed4          4   0x204  dlib_lock_glue.o [3]
  .text                  ro code   0x800'60d8          4    0x80  xsyslock_mtx.o [9]
  .text                  ro code   0x800'6158          2     0x4  xfiles.o [6]
  .text                  ro code   0x800'615c          4    0x14  xlockref.o [6]
  .rodata                const     0x800'6170          4   0x200  mbcrc.o [2]
  .text                  ro code   0x800'6370          4    0x64  stm32f0xx_it.o [2]
  .text                  ro code   0x800'63d4          2    0x3c  zero_init3.o [7]
  .text                  ro code   0x800'6410          2    0x30  copy_init3.o [7]
  .text                  ro code   0x800'6440          4    0x28  data_init.o [7]
  .text                  ro code   0x800'6468          4    0x22  cmain.o [7]
  .text                  ro code   0x800'648a          2     0x4  low_level_init.o [6]
  .text                  ro code   0x800'648e          2     0x8  exit.o [6]
  .text                  ro code   0x800'6496          2     0x2  startup_stm32f030x6.o [3]
  .text                  ro code   0x800'6498          4     0x4  cexit.o [7]
  .text                  ro code   0x800'649c          4     0xe  cexit_2.o [7]
  .text                  ro code   0x800'64aa          2     0x2  startup_stm32f030x6.o [3]
  .text                  ro code   0x800'64ac          4    0x14  exit.o [8]
  Initializer bytes      const     0x800'64c0          4    0x24  <for P3-1>
  .iar.init_table        const     0x800'64e4          4    0x28  - Linker created -
  .text                  ro code   0x800'650c          2     0x2  startup_stm32f030x6.o [3]
  .text                  ro code   0x800'6510          4    0x20  cmain_call_ctors.o [7]
  .text                  ro code   0x800'6530          4    0x18  cppinit.o [6]
  .rodata                const     0x800'6548          4    0x1c  main.o [2]
  .rodata                const     0x800'6564          4    0x1c  main.o [2]
  .text                  ro code   0x800'6580          4    0x1c  cstartup_M.o [7]
  .rodata                const     0x800'659c          4    0x10  stm32f0xx_hal_rcc.o [5]
  .rodata                const     0x800'65ac          4    0x10  stm32f0xx_hal_rcc.o [5]
  .rodata                const     0x800'65bc          4    0x10  system_stm32f0xx.o [1]
  .text                  ro code   0x800'65cc          4    0x10  startup_stm32f030x6.o [3]
  .rodata                const     0x800'65dc          4     0xc  main.o [2]
  .rodata                const     0x800'65e8          4     0xc  main.o [2]
  .rodata                const     0x800'65f4          4     0x8  system_stm32f0xx.o [1]
  .rodata                const     0x800'65fc          4     0x8  tasks.o [4]
  .rodata                const     0x800'6604          4     0x4  heap_4.o [4]
  SHT$$PREINIT_ARRAY               0x800'6608                0x0  <Block>
  SHT$$INIT_ARRAY                  0x800'6608                0x4  <Block>
    .init_array          const     0x800'6608          4     0x4  dlib_lock_glue.o [3]
  __iar_tls$$INIT_ARRAY            0x800'660c                0x0  <Block>
  .text                  ro code   0x800'660c          2     0x2  startup_stm32f030x6.o [3]
  .text                  ro code   0x800'660e          2     0x2  startup_stm32f030x6.o [3]
  .text                  ro code   0x800'6610          2     0x2  startup_stm32f030x6.o [3]
  .text                  ro code   0x800'6612          2     0x2  startup_stm32f030x6.o [3]
  .text                  ro code   0x800'6614          4     0x2  system_stm32f0xx.o [1]
  .text                  ro code   0x800'6618          4     0x0  cstart_clearlocks.o [7]
  .rodata                const     0x800'6618                0x0  zero_init3.o [7]
  .rodata                const     0x800'6618                0x0  copy_init3.o [7]
                                 - 0x800'6618             0x5568

Absolute sections:                                          0xff
  .noinit                uninit   0x2000'0000               0xff  main.o [2]
                                - 0x2000'00ff               0xff

"P3", part 1 of 3:                                          0x24
  P3-1                            0x2000'0100          4    0x21  <Init block>
    .data                inited   0x2000'0100          4     0x8  main.o [2]
    .data                inited   0x2000'0108          4     0x8  main.o [2]
    .data                inited   0x2000'0110          4     0x4  port.o [4]
    .data                inited   0x2000'0114          4     0x4  stm32f0xx_hal.o [5]
    .data                inited   0x2000'0118          4     0x4  system_stm32f0xx.o [1]
    .data                inited   0x2000'011c          2     0x2  main.o [2]
    .data                inited   0x2000'011e                0x1  main.o [2]
    .data                inited   0x2000'011f                0x1  main.o [2]
    .data                inited   0x2000'0120                0x1  stm32f0xx_hal.o [5]
                                - 0x2000'0121               0x21

"P3", part 2 of 3:                                         0x9a0
  .bss                   zero     0x2000'0124          4   0x400  heap_4.o [4]
  .bss                   zero     0x2000'0524          4   0x180  freertos.o [2]
  .bss                   zero     0x2000'06a4          4    0x8c  tasks.o [4]
  .bss                   zero     0x2000'0730          4    0x88  main.o [2]
  .bss                   zero     0x2000'07b8          4    0x54  freertos.o [2]
  .bss                   zero     0x2000'080c          4    0x54  main.o [2]
  .bss                   zero     0x2000'0860          4    0x48  stm32f0xx_hal_timebase_tim.o [2]
  .bss                   zero     0x2000'08a8          4    0x44  main.o [2]
  .bss                   zero     0x2000'08ec          4    0x44  main.o [2]
  .bss                   zero     0x2000'0930          4    0x20  main.o [2]
  .bss                   zero     0x2000'0950          4    0x14  tasks.o [4]
  .bss                   zero     0x2000'0968          8    0x20  stm32f0xx_hal_flash.o [5]
  .bss                   zero     0x2000'0988          4    0x20  xfiles.o [6]
  .bss                   zero     0x2000'09a8          4    0x14  tasks.o [4]
  .bss                   zero     0x2000'09bc          4    0x14  tasks.o [4]
  .bss                   zero     0x2000'09d0          4    0x14  tasks.o [4]
  .bss                   zero     0x2000'09e4          4    0x14  tasks.o [4]
  .bss                   zero     0x2000'09f8          4    0x10  main.o [2]
  .bss                   zero     0x2000'0a08          4    0x10  xsyslock_mtx.o [9]
  .bss                   zero     0x2000'0a18          4     0xc  dlib_lock_glue.o [3]
  .bss                   zero     0x2000'0a24          4     0xc  dlib_lock_glue.o [3]
  .bss                   zero     0x2000'0a30          4     0xc  main.o [2]
  .bss                   zero     0x2000'0a3c          4     0x8  heap_4.o [4]
  .bss                   zero     0x2000'0a44          4     0x4  heap_4.o [4]
  .bss                   zero     0x2000'0a48          4     0x4  heap_4.o [4]
  .bss                   zero     0x2000'0a4c          4     0x4  heap_4.o [4]
  .bss                   zero     0x2000'0a50          4     0x4  heap_4.o [4]
  .bss                   zero     0x2000'0a54          4     0x4  main.o [2]
  .bss                   zero     0x2000'0a58          4     0x4  main.o [2]
  .bss                   zero     0x2000'0a5c          4     0x4  main.o [2]
  .bss                   zero     0x2000'0a60          4     0x4  main.o [2]
  .bss                   zero     0x2000'0a64          4     0x4  main.o [2]
  .bss                   zero     0x2000'0a68          4     0x4  main.o [2]
  .bss                   zero     0x2000'0a6c          4     0x4  stm32f0xx_hal.o [5]
  .bss                   zero     0x2000'0a70          4     0x4  stm32f0xx_it.o [2]
  .bss                   zero     0x2000'0a74          4     0x4  tasks.o [4]
  .bss                   zero     0x2000'0a78          4     0x4  tasks.o [4]
  .bss                   zero     0x2000'0a7c          4     0x4  tasks.o [4]
  .bss                   zero     0x2000'0a80          4     0x4  tasks.o [4]
  .bss                   zero     0x2000'0a84          4     0x4  tasks.o [4]
  .bss                   zero     0x2000'0a88          4     0x4  tasks.o [4]
  .bss                   zero     0x2000'0a8c          4     0x4  tasks.o [4]
  .bss                   zero     0x2000'0a90          4     0x4  tasks.o [4]
  .bss                   zero     0x2000'0a94          4     0x4  tasks.o [4]
  .bss                   zero     0x2000'0a98          4     0x4  tasks.o [4]
  .bss                   zero     0x2000'0a9c          4     0x4  tasks.o [4]
  .bss                   zero     0x2000'0aa0          4     0x4  tasks.o [4]
  .bss                   zero     0x2000'0aa4          4     0x4  tasks.o [4]
  .bss                   zero     0x2000'0aa8          4     0x4  tasks.o [4]
  .bss                   zero     0x2000'0aac          4     0x4  tasks.o [4]
  .bss                   zero     0x2000'0ab0          2     0x2  main.o [2]
  .bss                   zero     0x2000'0ab2          2     0x2  main.o [2]
  .bss                   zero     0x2000'0ab4          2     0x2  main.o [2]
  .bss                   zero     0x2000'0ab6          2     0x2  main.o [2]
  .bss                   zero     0x2000'0ab8          2     0x2  main.o [2]
  .bss                   zero     0x2000'0aba                0x1  main.o [2]
  .bss                   zero     0x2000'0abb                0x1  main.o [2]
  .bss                   zero     0x2000'0abc                0x1  main.o [2]
  .bss                   zero     0x2000'0abd                0x1  main.o [2]
  .bss                   zero     0x2000'0abe                0x1  main.o [2]
  .bss                   zero     0x2000'0abf                0x1  main.o [2]
  .bss                   zero     0x2000'0ac0                0x1  main.o [2]
  .bss                   zero     0x2000'0ac1                0x1  main.o [2]
                                - 0x2000'0ac2              0x99e

"P3", part 3 of 3:                                         0x4c4
  .noinit                uninit   0x2000'0ac4          4    0x80  dlib_lock_glue.o [3]
  .noinit                uninit   0x2000'0b44          4    0x40  dlib_lock_glue.o [3]
  CSTACK                          0x2000'0b88          8   0x400  <Block>
    CSTACK               uninit   0x2000'0b88              0x400  <Block tail>
                                - 0x2000'0f88              0x4c4

Unused ranges:

         From           To    Size
         ----           --    ----
   0x800'6618   0x800'7bff  0x15e8
  0x2000'00ff  0x2000'00ff     0x1
  0x2000'0f88  0x2000'0fff    0x78


*******************************************************************************
*** INIT TABLE
***

          Address      Size
          -------      ----
Zero (__iar_zero_init3)
    1 destination range, total size 0x99e:
          0x2000'0124  0x99e

Copy (__iar_copy_init3)
    1 source range, total size 0x24 (109% of destination):
           0x800'64c0   0x24
    1 destination range, total size 0x21:
          0x2000'0100   0x21

Extra (__iar_cstart_call_ctors)



*******************************************************************************
*** MODULE SUMMARY
***

    Module                        ro code  ro data  rw data  rw data
                                                              (abs)
    ------                        -------  -------  -------  -------
command line/config:
    ----------------------------------------------------------------
    Total:

C:\Users\User\Desktop\project RM\RM\EWARM\URM\Obj\CMSIS_6603591812247902717.dir: [1]
    system_stm32f0xx.o                  2       28        4
    ----------------------------------------------------------------
    Total:                              2       28        4

C:\Users\User\Desktop\project RM\RM\EWARM\URM\Obj\Core_13247989168731456611.dir: [2]
    freertos.o                         24               468
    main.o                          4'778      100      478      255
    mbcrc.o                            76      512
    stm32f0xx_hal_iwdg.o              132
    stm32f0xx_hal_msp.o               496
    stm32f0xx_hal_timebase_tim.o      196                72
    stm32f0xx_it.o                    100                 4
    ----------------------------------------------------------------
    Total:                          5'802      612    1'022      255

C:\Users\User\Desktop\project RM\RM\EWARM\URM\Obj\EWARM_18443280873093131863.dir: [3]
    dlib_lock_glue.o                  516        4      216
    startup_stm32f030x6.o             226
    ----------------------------------------------------------------
    Total:                            742        4      216

C:\Users\User\Desktop\project RM\RM\EWARM\URM\Obj\FreeRTOS_4809373609813369194.dir: [4]
    cmsis_os.o                        164
    heap_4.o                          540        4    1'048
    list.o                            156
    port.o                            264        4        4
    portasm.o                         124
    tasks.o                         1'700        8      300
    ----------------------------------------------------------------
    Total:                          2'948       16    1'352

C:\Users\User\Desktop\project RM\RM\EWARM\URM\Obj\STM32F0xx_HAL_Driver_12736992878974344111.dir: [5]
    stm32f0xx_hal.o                   114        5        9
    stm32f0xx_hal_cortex.o            296
    stm32f0xx_hal_dma.o               772
    stm32f0xx_hal_flash.o             440                32
    stm32f0xx_hal_flash_ex.o          260
    stm32f0xx_hal_gpio.o              912
    stm32f0xx_hal_i2c.o             1'400
    stm32f0xx_hal_i2c_ex.o            208
    stm32f0xx_hal_rcc.o             1'760       32
    stm32f0xx_hal_rcc_ex.o            304
    stm32f0xx_hal_tim.o               722
    stm32f0xx_hal_tim_ex.o              4
    stm32f0xx_hal_uart.o            3'490
    stm32f0xx_hal_uart_ex.o           290
    ----------------------------------------------------------------
    Total:                         10'972       37       41

dl6M_tlf.a: [6]
    cppinit.o                          24
    exit.o                              8
    low_level_init.o                    4
    xfiles.o                            4                32
    xlockref.o                         20
    ----------------------------------------------------------------
    Total:                             60                32

rt6M_tl.a: [7]
    ABImemcpy.o                        78
    ABImemset.o                        78
    I32DivModFast.o                   174
    IntDivZer.o                         2
    U64Shr.o                           30
    cexit.o                             4
    cexit_2.o                          14
    cmain.o                            34
    cmain_call_ctors.o                 32
    copy_init3.o                       48
    cstart_clearlocks.o
    cstartup_M.o                       28
    data_init.o                        40
    zero_init3.o                       60
    ----------------------------------------------------------------
    Total:                            622

shb_l.a: [8]
    exit.o                             20
    ----------------------------------------------------------------
    Total:                             20

th6M_tlf.a: [9]
    xsyslock_mtx.o                    128                16
    ----------------------------------------------------------------
    Total:                            128                16

    Gaps                                4                 8
    Linker created                              43    1'024
--------------------------------------------------------------------
    Grand Total:                   21'300      740    3'715      255


*******************************************************************************
*** ENTRY LIST
***

Entry                       Address   Size  Type      Object
-----                       -------   ----  ----      ------
.iar.init_table$$Base    0x800'64e4          --   Gb  - Linker created -
.iar.init_table$$Limit   0x800'650c          --   Gb  - Linker created -
.intvec$$Base            0x800'1000          --   Gb  - Linker created -
.intvec$$Limit           0x800'10b0          --   Gb  - Linker created -
?main                    0x800'6469         Code  Gb  cmain.o [7]
ADC1_IRQHandler          0x800'5ed3         Code  Wk  startup_stm32f030x6.o [3]
AHBPrescTable            0x800'65bc   0x10  Data  Gb  system_stm32f0xx.o [1]
APBPrescTable            0x800'65f4    0x8  Data  Gb  system_stm32f0xx.o [1]
CSTACK$$Base            0x2000'0b88          --   Gb  - Linker created -
CSTACK$$Limit           0x2000'0f88          --   Gb  - Linker created -
CheckTumblerSetting      0x800'18d1   0xb2  Code  Gb  main.o [2]
DMA1_Channel1_IRQHandler
                         0x800'57a3         Code  Wk  startup_stm32f030x6.o [3]
DMA1_Channel2_3_IRQHandler
                         0x800'637f   0x10  Code  Gb  stm32f0xx_it.o [2]
DMA1_Channel4_5_IRQHandler
                         0x800'5b7f         Code  Wk  startup_stm32f030x6.o [3]
DMA_CalcBaseAndBitshift
                         0x800'4a6b   0x1a  Code  Lc  stm32f0xx_hal_dma.o [5]
DMA_SetConfig            0x800'4a41   0x2a  Code  Lc  stm32f0xx_hal_dma.o [5]
ERROR_checksum_handler   0x800'1239   0x26  Code  Gb  main.o [2]
ERROR_handler            0x800'125f   0x4a  Code  Gb  main.o [2]
EXTI0_1_IRQHandler       0x800'3c5b         Code  Wk  startup_stm32f030x6.o [3]
EXTI2_3_IRQHandler       0x800'56bb         Code  Wk  startup_stm32f030x6.o [3]
EXTI4_15_IRQHandler      0x800'5783         Code  Wk  startup_stm32f030x6.o [3]
Error_Handler            0x800'2355    0x6  Code  Gb  main.o [2]
FLAG_OK                 0x2000'011f    0x1  Data  Gb  main.o [2]
FLASH_IRQHandler         0x800'285f         Code  Wk  startup_stm32f030x6.o [3]
FLASH_MassErase          0x800'4cf5   0x1a  Code  Lc  stm32f0xx_hal_flash_ex.o [5]
FLASH_PageErase          0x800'4d21   0x1e  Code  Gb  stm32f0xx_hal_flash_ex.o [5]
FLASH_Program_HalfWord   0x800'4b89   0x18  Code  Lc  stm32f0xx_hal_flash.o [5]
FLASH_SetErrorCode       0x800'4bf1   0x3e  Code  Lc  stm32f0xx_hal_flash.o [5]
FLASH_WaitForLastOperation
                         0x800'4ba1   0x50  Code  Gb  stm32f0xx_hal_flash.o [5]
Flash_ReadU16            0x800'1d45   0x2a  Code  Gb  main.o [2]
Flash_WriteU16_Preserve100
                         0x800'1d89   0xe2  Code  Gb  main.o [2]
HAL_DMA_Abort            0x800'48c3   0x4c  Code  Gb  stm32f0xx_hal_dma.o [5]
HAL_DMA_Abort_IT         0x800'490f   0x58  Code  Gb  stm32f0xx_hal_dma.o [5]
HAL_DMA_DeInit           0x800'47e5   0x52  Code  Gb  stm32f0xx_hal_dma.o [5]
HAL_DMA_GetError         0x800'4a3d    0x4  Code  Gb  stm32f0xx_hal_dma.o [5]
HAL_DMA_IRQHandler       0x800'4967   0xd6  Code  Gb  stm32f0xx_hal_dma.o [5]
HAL_DMA_Init             0x800'478d   0x54  Code  Gb  stm32f0xx_hal_dma.o [5]
HAL_DMA_Start_IT         0x800'4837   0x8c  Code  Gb  stm32f0xx_hal_dma.o [5]
HAL_DeInit               0x800'3bdb   0x22  Code  Gb  stm32f0xx_hal.o [5]
HAL_FLASHEx_Erase        0x800'4c49   0xac  Code  Gb  stm32f0xx_hal_flash_ex.o [5]
HAL_FLASH_Lock           0x800'4b6f    0xe  Code  Gb  stm32f0xx_hal_flash.o [5]
HAL_FLASH_Program        0x800'4a91   0xb4  Code  Gb  stm32f0xx_hal_flash.o [5]
HAL_FLASH_Unlock         0x800'4b45   0x2a  Code  Gb  stm32f0xx_hal_flash.o [5]
HAL_GPIO_DeInit          0x800'267b  0x13c  Code  Gb  stm32f0xx_hal_gpio.o [5]
HAL_GPIO_Init            0x800'2481  0x1fa  Code  Gb  stm32f0xx_hal_gpio.o [5]
HAL_GPIO_ReadPin         0x800'27b7   0x1a  Code  Gb  stm32f0xx_hal_gpio.o [5]
HAL_GPIO_WritePin        0x800'27d1   0x1a  Code  Gb  stm32f0xx_hal_gpio.o [5]
HAL_GetTick              0x800'4d4d    0xc  Code  Wk  stm32f0xx_hal.o [5]
HAL_I2CEx_ConfigAnalogFilter
                         0x800'4511   0x66  Code  Gb  stm32f0xx_hal_i2c_ex.o [5]
HAL_I2CEx_ConfigDigitalFilter
                         0x800'4577   0x60  Code  Gb  stm32f0xx_hal_i2c_ex.o [5]
HAL_I2C_Init             0x800'3649   0xda  Code  Gb  stm32f0xx_hal_i2c.o [5]
HAL_I2C_Master_Transmit
                         0x800'3723  0x192  Code  Gb  stm32f0xx_hal_i2c.o [5]
HAL_I2C_MspInit          0x800'544b   0x64  Code  Gb  stm32f0xx_hal_msp.o [2]
HAL_IWDG_Init            0x800'45e1   0x6a  Code  Gb  stm32f0xx_hal_iwdg.o [2]
HAL_IWDG_Refresh         0x800'464b    0xc  Code  Gb  stm32f0xx_hal_iwdg.o [2]
HAL_IncTick              0x800'53fd   0x18  Code  Wk  stm32f0xx_hal.o [5]
HAL_Init                 0x800'3bc1   0x1a  Code  Gb  stm32f0xx_hal.o [5]
HAL_InitTick             0x800'56bd   0xaa  Code  Gb  stm32f0xx_hal_timebase_tim.o [2]
HAL_MspDeInit            0x800'5781    0x2  Code  Wk  stm32f0xx_hal.o [5]
HAL_MspInit              0x800'5415   0x36  Code  Gb  stm32f0xx_hal_msp.o [2]
HAL_NVIC_DisableIRQ      0x800'475f    0xe  Code  Gb  stm32f0xx_hal_cortex.o [5]
HAL_NVIC_EnableIRQ       0x800'4751    0xe  Code  Gb  stm32f0xx_hal_cortex.o [5]
HAL_NVIC_SetPriority     0x800'473d   0x14  Code  Gb  stm32f0xx_hal_cortex.o [5]
HAL_NVIC_SystemReset     0x800'476d    0x8  Code  Gb  stm32f0xx_hal_cortex.o [5]
HAL_RCCEx_PeriphCLKConfig
                         0x800'43e1  0x110  Code  Gb  stm32f0xx_hal_rcc_ex.o [5]
HAL_RCC_ClockConfig      0x800'41c1  0x128  Code  Gb  stm32f0xx_hal_rcc.o [5]
HAL_RCC_GetClockConfig   0x800'437d   0x32  Code  Gb  stm32f0xx_hal_rcc.o [5]
HAL_RCC_GetHCLKFreq      0x800'4357    0x6  Code  Gb  stm32f0xx_hal_rcc.o [5]
HAL_RCC_GetPCLK1Freq     0x800'435d   0x18  Code  Gb  stm32f0xx_hal_rcc.o [5]
HAL_RCC_GetSysClockFreq
                         0x800'42fd   0x5a  Code  Gb  stm32f0xx_hal_rcc.o [5]
HAL_RCC_GetSysClockFreq::aPLLMULFactorTable
                         0x800'659c   0x10  Data  Lc  stm32f0xx_hal_rcc.o [5]
HAL_RCC_GetSysClockFreq::aPredivFactorTable
                         0x800'65ac   0x10  Data  Lc  stm32f0xx_hal_rcc.o [5]
HAL_RCC_OscConfig        0x800'3d01  0x4ac  Code  Gb  stm32f0xx_hal_rcc.o [5]
HAL_RS485Ex_Init         0x800'235d   0x92  Code  Gb  stm32f0xx_hal_uart_ex.o [5]
HAL_TIMEx_BreakCallback
                         0x800'5ecd    0x2  Code  Wk  stm32f0xx_hal_tim_ex.o [5]
HAL_TIMEx_CommutCallback
                         0x800'5ed1    0x2  Code  Wk  stm32f0xx_hal_tim_ex.o [5]
HAL_TIM_Base_Init        0x800'5b81   0x5c  Code  Gb  stm32f0xx_hal_tim.o [5]
HAL_TIM_Base_MspInit     0x800'5ec5    0x2  Code  Wk  stm32f0xx_hal_tim.o [5]
HAL_TIM_Base_Start_IT    0x800'5bdd   0x5a  Code  Gb  stm32f0xx_hal_tim.o [5]
HAL_TIM_IC_CaptureCallback
                         0x800'5ec7    0x2  Code  Wk  stm32f0xx_hal_tim.o [5]
HAL_TIM_IRQHandler       0x800'5c41  0x176  Code  Gb  stm32f0xx_hal_tim.o [5]
HAL_TIM_OC_DelayElapsedCallback
                         0x800'5ec9    0x2  Code  Wk  stm32f0xx_hal_tim.o [5]
HAL_TIM_PWM_PulseFinishedCallback
                         0x800'5ecb    0x2  Code  Wk  stm32f0xx_hal_tim.o [5]
HAL_TIM_PeriodElapsedCallback
                         0x800'22ed   0x12  Code  Gb  main.o [2]
HAL_TIM_TriggerCallback
                         0x800'5ecf    0x2  Code  Wk  stm32f0xx_hal_tim.o [5]
HAL_UARTEx_ReceiveToIdle_DMA
                         0x800'23f9   0x86  Code  Gb  stm32f0xx_hal_uart_ex.o [5]
HAL_UARTEx_RxEventCallback
                         0x800'1183   0x12  Code  Gb  main.o [2]
HAL_UART_Abort           0x800'2a81  0x122  Code  Gb  stm32f0xx_hal_uart.o [5]
HAL_UART_AbortReceive    0x800'2ba3   0xca  Code  Gb  stm32f0xx_hal_uart.o [5]
HAL_UART_DMAStop         0x800'29d3   0xae  Code  Gb  stm32f0xx_hal_uart.o [5]
HAL_UART_DeInit          0x800'28ad   0x46  Code  Gb  stm32f0xx_hal_uart.o [5]
HAL_UART_ErrorCallback   0x800'5605    0x2  Code  Wk  stm32f0xx_hal_uart.o [5]
HAL_UART_IRQHandler      0x800'2c79  0x30c  Code  Gb  stm32f0xx_hal_uart.o [5]
HAL_UART_MspDeInit       0x800'5599   0x3e  Code  Gb  stm32f0xx_hal_msp.o [2]
HAL_UART_MspInit         0x800'54af   0xea  Code  Gb  stm32f0xx_hal_msp.o [2]
HAL_UART_RxCpltCallback
                         0x800'56b5    0x2  Code  Wk  stm32f0xx_hal_uart.o [5]
HAL_UART_RxHalfCpltCallback
                         0x800'56b7    0x2  Code  Wk  stm32f0xx_hal_uart.o [5]
HAL_UART_Transmit        0x800'28f3   0xe0  Code  Gb  stm32f0xx_hal_uart.o [5]
HAL_UART_TxCpltCallback
                         0x800'56b9    0x2  Code  Wk  stm32f0xx_hal_uart.o [5]
HardFault_Handler        0x800'6375    0xa  Code  Gb  stm32f0xx_it.o [2]
I2C1_IRQHandler          0x800'6611         Code  Wk  startup_stm32f030x6.o [3]
I2C_Flush_TXDR           0x800'38d5   0x28  Code  Lc  stm32f0xx_hal_i2c.o [5]
I2C_IsErrorOccurred      0x800'3a41  0x142  Code  Lc  stm32f0xx_hal_i2c.o [5]
I2C_TransferConfig       0x800'3b83   0x36  Code  Lc  stm32f0xx_hal_i2c.o [5]
I2C_WaitOnFlagUntilTimeout
                         0x800'38fd   0x82  Code  Lc  stm32f0xx_hal_i2c.o [5]
I2C_WaitOnSTOPFlagUntilTimeout
                         0x800'39e5   0x5c  Code  Lc  stm32f0xx_hal_i2c.o [5]
I2C_WaitOnTXISFlagUntilTimeout
                         0x800'397f   0x66  Code  Lc  stm32f0xx_hal_i2c.o [5]
ID_parsing               0x800'113b   0x30  Code  Gb  main.o [2]
MX_DMA_Init              0x800'1b65   0x26  Code  Lc  main.o [2]
MX_GPIO_Init             0x800'1b95   0xae  Code  Lc  main.o [2]
MX_I2C1_Init             0x800'1ab7   0x4e  Code  Lc  main.o [2]
MX_IWDG_Init             0x800'1b05   0x20  Code  Lc  main.o [2]
MX_USART1_UART_Init      0x800'1b25   0x40  Code  Lc  main.o [2]
NMI_Handler              0x800'6371    0x4  Code  Gb  stm32f0xx_it.o [2]
OS_update                0x800'1e75   0x68  Code  Gb  main.o [2]
PendSV_Handler           0x800'5e4f         Code  Gb  portasm.o [4]
RCC_IRQHandler           0x800'3647         Code  Wk  startup_stm32f030x6.o [3]
RDO_command_1            0x800'1195   0x36  Code  Gb  main.o [2]
RTC_IRQHandler           0x800'247f         Code  Wk  startup_stm32f030x6.o [3]
Region$$Table$$Base      0x800'64e4          --   Gb  - Linker created -
Region$$Table$$Limit     0x800'650c          --   Gb  - Linker created -
ResetOutput              0x800'152f   0x22  Code  Gb  main.o [2]
Reset_Handler            0x800'65cd         Code  Wk  startup_stm32f030x6.o [3]
SHT$$INIT_ARRAY$$Base    0x800'6608          --   Gb  - Linker created -
SHT$$INIT_ARRAY$$Limit   0x800'660c          --   Gb  - Linker created -
SHT$$PREINIT_ARRAY$$Base
                         0x800'6608          --   Gb  - Linker created -
SHT$$PREINIT_ARRAY$$Limit
                         0x800'6608          --   Gb  - Linker created -
SPI1_IRQHandler          0x800'6613         Code  Wk  startup_stm32f030x6.o [3]
SVC_Handler              0x800'5e8d         Code  Gb  portasm.o [4]
SetOsAddr                0x800'20d9   0x44  Code  Gb  main.o [2]
StartDefaultTask         0x800'212d   0xc6  Code  Gb  main.o [2]
StartTask02              0x800'2211   0xd8  Code  Gb  main.o [2]
SwitchToReceive          0x800'10ff   0x3c  Code  Gb  main.o [2]
SysTick_Handler          0x800'5aff   0x20  Code  Gb  port.o [4]
SystemClock_Config       0x800'1a3d   0x7a  Code  Gb  main.o [2]
SystemCoreClock         0x2000'0118    0x4  Data  Gb  system_stm32f0xx.o [1]
SystemInit               0x800'6615    0x2  Code  Gb  system_stm32f0xx.o [1]
TIM14_IRQHandler         0x800'650d         Code  Wk  startup_stm32f030x6.o [3]
TIM16_IRQHandler         0x800'660d         Code  Wk  startup_stm32f030x6.o [3]
TIM17_IRQHandler         0x800'660f         Code  Wk  startup_stm32f030x6.o [3]
TIM1_BRK_UP_TRG_COM_IRQHandler
                         0x800'638f    0xa  Code  Gb  stm32f0xx_it.o [2]
TIM1_CC_IRQHandler       0x800'6497         Code  Wk  startup_stm32f030x6.o [3]
TIM3_IRQHandler          0x800'64ab         Code  Wk  startup_stm32f030x6.o [3]
TIM_Base_SetConfig       0x800'5db7   0x7a  Code  Gb  stm32f0xx_hal_tim.o [5]
UART1_FullRestartRx      0x800'1c65   0xdc  Code  Gb  main.o [2]
UART_AdvFeatureConfig    0x800'310d   0xde  Code  Gb  stm32f0xx_hal_uart.o [5]
UART_CheckIdleState      0x800'31fd   0xc8  Code  Gb  stm32f0xx_hal_uart.o [5]
UART_DMAAbortOnError     0x800'3601   0x18  Code  Lc  stm32f0xx_hal_uart.o [5]
UART_DMAError            0x800'35b1   0x50  Code  Lc  stm32f0xx_hal_uart.o [5]
UART_DMAReceiveCplt      0x800'34d1   0xa4  Code  Lc  stm32f0xx_hal_uart.o [5]
UART_DMARxHalfCplt       0x800'3589   0x28  Code  Lc  stm32f0xx_hal_uart.o [5]
UART_EndRxTransfer       0x800'3469   0x64  Code  Lc  stm32f0xx_hal_uart.o [5]
UART_EndTransmit_IT      0x800'3619   0x2e  Code  Lc  stm32f0xx_hal_uart.o [5]
UART_EndTxTransfer       0x800'3449   0x20  Code  Lc  stm32f0xx_hal_uart.o [5]
UART_SetConfig           0x800'2f99  0x174  Code  Gb  stm32f0xx_hal_uart.o [5]
UART_Start_Receive_DMA   0x800'3389   0xb6  Code  Gb  stm32f0xx_hal_uart.o [5]
UART_WaitOnFlagUntilTimeout
                         0x800'32d5   0x9c  Code  Gb  stm32f0xx_hal_uart.o [5]
USART1_IRQHandler        0x800'6399   0x22  Code  Gb  stm32f0xx_it.o [2]
USART1_IRQHandler::sErrCount
                        0x2000'0a70    0x4  Data  Lc  stm32f0xx_it.o [2]
UartCfg_Apply            0x800'2019   0xc0  Code  Lc  main.o [2]
UartCfg_LoadFromFlash    0x800'1fb1   0x56  Code  Lc  main.o [2]
UartCfg_SetDefaults      0x800'1f87   0x14  Code  Lc  main.o [2]
UartCfg_Validate         0x800'1eed   0x9a  Code  Lc  main.o [2]
VectorTable_CopyToSRAM_AndRemap
                         0x800'10b1   0x4e  Code  Lc  main.o [2]
WMDO_command_15          0x800'11cb   0x6e  Code  Gb  main.o [2]
WWDG_IRQHandler          0x800'235b         Code  Wk  startup_stm32f030x6.o [3]
__ICFEDIT_region_RAM_end__ {Abs}
                        0x2000'0fff          --   Gb  <internal module>
__ICFEDIT_region_RAM_start__ {Abs}
                        0x2000'0000          --   Gb  <internal module>
__NVIC_DisableIRQ        0x800'467d   0x20  Code  Lc  stm32f0xx_hal_cortex.o [5]
__NVIC_EnableIRQ         0x800'4665   0x18  Code  Lc  stm32f0xx_hal_cortex.o [5]
__NVIC_SetPriority       0x800'469d   0x8c  Code  Lc  stm32f0xx_hal_cortex.o [5]
__NVIC_SystemReset       0x800'4729   0x14  Code  Lc  stm32f0xx_hal_cortex.o [5]
__aeabi_idiv0            0x800'5b7d         Code  Gb  IntDivZer.o [7]
__aeabi_llsr             0x800'5785         Code  Gb  U64Shr.o [7]
__aeabi_memcpy           0x800'3c41         Code  Gb  ABImemcpy.o [7]
__aeabi_memcpy4          0x800'3c0d         Code  Gb  ABImemcpy.o [7]
__aeabi_memcpy8          0x800'3c0d         Code  Gb  ABImemcpy.o [7]
__aeabi_memset           0x800'2811         Code  Gb  ABImemset.o [7]
__aeabi_uidiv            0x800'5607         Code  Gb  I32DivModFast.o [7]
__aeabi_uidivmod         0x800'5607         Code  Gb  I32DivModFast.o [7]
__call_ctors             0x800'6531   0x18  Code  Gb  cppinit.o [6]
__cexit_clearlocks       0x800'649f         Code  Gb  cexit_2.o [7]
__cmain                  0x800'6469         Code  Gb  cmain.o [7]
__cstart_clearlocks      0x800'6618         Data  Gb  cstart_clearlocks.o [7]
__dlib_thread_safety_init
                         0x800'5f5f   0x4e  Code  Gb  dlib_lock_glue.o [3]
__exit                   0x800'64ad   0x14  Code  Gb  exit.o [8]
__iar_Initlocks          0x800'611f   0x36  Code  Gb  xsyslock_mtx.o [9]
__iar_Memcpy             0x800'3c4d         Code  Gb  ABImemcpy.o [7]
__iar_Memset4_word       0x800'2831         Code  Gb  ABImemset.o [7]
__iar_Memset_word        0x800'281d         Code  Gb  ABImemset.o [7]
__iar_clearlocks         0x800'60d9   0x46  Code  Gb  xsyslock_mtx.o [9]
__iar_copy_init3         0x800'6411   0x30  Code  Gb  copy_init3.o [7]
__iar_cstart_call_ctors
                         0x800'6511   0x20  Code  Gb  cmain_call_ctors.o [7]
__iar_data_init3         0x800'6441   0x28  Code  Gb  data_init.o [7]
__iar_file_FOPEN_MAX     0x800'6159    0x4  Code  Gb  xfiles.o [6]
__iar_file_LockRef       0x800'615d   0x14  Code  Gb  xlockref.o [6]
__iar_file_Mtxdst        0x800'6091   0x38  Code  Gb  dlib_lock_glue.o [3]
__iar_file_Mtxinit       0x800'603b   0x56  Code  Gb  dlib_lock_glue.o [3]
__iar_file_mtx          0x2000'0988   0x20  Data  Gb  xfiles.o [6]
__iar_program_start      0x800'6581         Code  Gb  cstartup_M.o [7]
__iar_system_Mtxdst      0x800'6003   0x38  Code  Gb  dlib_lock_glue.o [3]
__iar_system_Mtxinit     0x800'5fad   0x56  Code  Gb  dlib_lock_glue.o [3]
__iar_tls$$INIT_ARRAY$$Base
                         0x800'660c          --   Gb  - Linker created -
__iar_tls$$INIT_ARRAY$$Limit
                         0x800'660c          --   Gb  - Linker created -
__iar_zero_init3         0x800'63d5   0x3c  Code  Gb  zero_init3.o [7]
__low_level_init         0x800'648b    0x4  Code  Gb  low_level_init.o [6]
__vector_table           0x800'1000         Data  Gb  startup_stm32f030x6.o [3]
_call_main               0x800'6475         Code  Gb  cmain.o [7]
_exit                    0x800'6499         Code  Gb  cexit.o [7]
_exit_2                  0x800'649d         Code  Gb  cexit_2.o [7]
crc16table               0x800'6170  0x200  Data  Lc  mbcrc.o [2]
def_uart                0x2000'0100    0x8  Data  Gb  main.o [2]
defaultTaskHandle       0x2000'0a54    0x4  Data  Gb  main.o [2]
double_DO                0x800'1729  0x1a8  Code  Gb  main.o [2]
exit                     0x800'648f    0x8  Code  Gb  exit.o [6]
func_06                  0x800'13f5  0x13a  Code  Gb  main.o [2]
gCheckingTumbler        0x2000'0ac0    0x1  Data  Gb  main.o [2]
gCrcErrCnt              0x2000'0ac1    0x1  Data  Gb  main.o [2]
gErrorCount             0x2000'0a64    0x4  Data  Gb  main.o [2]
gID                     0x2000'0ab0    0x2  Data  Gb  main.o [2]
gInp                    0x2000'0abc    0x1  Data  Gb  main.o [2]
gLastTickCount          0x2000'0a68    0x4  Data  Gb  main.o [2]
gOsBuff                 0x2000'0abd    0x1  Data  Gb  main.o [2]
gReset                  0x2000'0abf    0x1  Data  Gb  main.o [2]
gSwitchToReceiveCount   0x2000'0a60    0x4  Data  Gb  main.o [2]
gTumblerBuff            0x2000'0ab4    0x2  Data  Gb  main.o [2]
gUartCfg                0x2000'0108    0x8  Data  Gb  main.o [2]
gVecPad                 0x2000'0000   0xff  Data  Wk  main.o [2]
global_error            0x2000'0abb    0x1  Data  Gb  main.o [2]
hdma_usart1_rx          0x2000'08a8   0x44  Data  Gb  main.o [2]
hdma_usart1_tx          0x2000'08ec   0x44  Data  Gb  main.o [2]
hi2c1                   0x2000'080c   0x54  Data  Gb  main.o [2]
hiwdg                   0x2000'09f8   0x10  Data  Gb  main.o [2]
htim1                   0x2000'0860   0x48  Data  Gb  stm32f0xx_hal_timebase_tim.o [2]
huart1                  0x2000'0730   0x88  Data  Gb  main.o [2]
main                     0x800'19b1   0x8c  Code  Gb  main.o [2]
makeFreeRtosPriority     0x800'3c5d   0x18  Code  Lc  cmsis_os.o [4]
mbcrc                    0x800'2861   0x4c  Code  Gb  mbcrc.o [2]
modbus_timeout          0x2000'011c    0x2  Data  Gb  main.o [2]
mtx                     0x2000'0a08   0x10  Data  Lc  xsyslock_mtx.o [9]
myTask02Handle          0x2000'0a58    0x4  Data  Gb  main.o [2]
new_paket               0x2000'0ab8    0x2  Data  Gb  main.o [2]
osDelay                  0x800'3cdf   0x22  Code  Gb  cmsis_os.o [4]
osKernelStart            0x800'3c75    0xa  Code  Gb  cmsis_os.o [4]
osThreadCreate           0x800'3c7f   0x60  Code  Gb  cmsis_os.o [4]
pFlash                  0x2000'0968   0x20  Data  Gb  stm32f0xx_hal_flash.o [5]
password                0x2000'0ab6    0x2  Data  Gb  main.o [2]
prvAddCurrentTaskToDelayedList
                         0x800'537d   0x66  Code  Lc  tasks.o [4]
prvAddNewTaskToReadyList
                         0x800'4ec3   0x7c  Code  Lc  tasks.o [4]
prvCheckTasksWaitingTermination
                         0x800'52b7   0x38  Code  Lc  tasks.o [4]
prvDeleteTCB             0x800'52f1   0x38  Code  Lc  tasks.o [4]
prvHeapInit              0x800'58e9   0x5e  Code  Lc  heap_4.o [4]
prvIdleTask              0x800'525d   0x16  Code  Lc  tasks.o [4]
prvInitialiseNewTask     0x800'4e35   0x8e  Code  Lc  tasks.o [4]
prvInitialiseTaskLists   0x800'5273   0x44  Code  Lc  tasks.o [4]
prvInsertBlockIntoFreeList
                         0x800'5947   0x5c  Code  Lc  heap_4.o [4]
prvResetNextTaskUnblockTime
                         0x800'5329   0x26  Code  Lc  tasks.o [4]
prvSetupTimerInterrupt   0x800'5b1f   0x24  Code  Lc  port.o [4]
prvTaskExitError         0x800'5a79   0x16  Code  Lc  port.o [4]
pvPortMalloc             0x800'57a5   0xe2  Code  Gb  heap_4.o [4]
pxCurrentTCB            0x2000'0a74    0x4  Data  Gb  tasks.o [4]
pxDelayedTaskList       0x2000'0a78    0x4  Data  Lc  tasks.o [4]
pxEnd                   0x2000'0a44    0x4  Data  Lc  heap_4.o [4]
pxOverflowDelayedTaskList
                        0x2000'0a7c    0x4  Data  Lc  tasks.o [4]
pxPortInitialiseStack    0x800'5a5d   0x1a  Code  Gb  port.o [4]
pxReadyTasksLists       0x2000'06a4   0x8c  Data  Lc  tasks.o [4]
reading_DO               0x800'12bd  0x120  Code  Gb  main.o [2]
receive_buf             0x2000'0a30    0xc  Data  Gb  main.o [2]
single_DO                0x800'1579  0x17c  Code  Gb  main.o [2]
state                   0x2000'0aba    0x1  Data  Gb  main.o [2]
state11                 0x2000'011e    0x1  Data  Gb  main.o [2]
static_file_list_lock   0x2000'0a24    0xc  Data  Lc  dlib_lock_glue.o [3]
static_file_lock        0x2000'0ac4   0x80  Data  Lc  dlib_lock_glue.o [3]
static_system_list_lock
                        0x2000'0a18    0xc  Data  Lc  dlib_lock_glue.o [3]
static_system_lock      0x2000'0b44   0x40  Data  Lc  dlib_lock_glue.o [3]
stm32_lock_acquire       0x800'5efb   0x32  Code  Lc  dlib_lock_glue.o [3]
stm32_lock_init          0x800'5ed5   0x26  Code  Lc  dlib_lock_glue.o [3]
stm32_lock_release       0x800'5f2d   0x32  Code  Lc  dlib_lock_glue.o [3]
temp_gID                0x2000'0ab2    0x2  Data  Gb  main.o [2]
timer_finish            0x2000'0abe    0x1  Data  Lc  main.o [2]
timer_ms                0x2000'0a5c    0x4  Data  Lc  main.o [2]
transmit_buf            0x2000'0930   0x20  Data  Gb  main.o [2]
ucHeap                  0x2000'0124  0x400  Data  Lc  heap_4.o [4]
ulSetInterruptMaskFromISR
                         0x800'5eb1         Code  Gb  portasm.o [4]
uwTick                  0x2000'0a6c    0x4  Data  Gb  stm32f0xx_hal.o [5]
uwTickFreq              0x2000'0120    0x1  Data  Gb  stm32f0xx_hal.o [5]
uwTickPrio              0x2000'0114    0x4  Data  Gb  stm32f0xx_hal.o [5]
uxCriticalNesting       0x2000'0110    0x4  Data  Lc  port.o [4]
uxCurrentNumberOfTasks  0x2000'0a84    0x4  Data  Lc  tasks.o [4]
uxDeletedTasksWaitingCleanUp
                        0x2000'0a80    0x4  Data  Lc  tasks.o [4]
uxListRemove             0x800'5a33   0x2a  Code  Gb  list.o [4]
uxPendedTicks           0x2000'0a94    0x4  Data  Lc  tasks.o [4]
uxSchedulerSuspended    0x2000'0aac    0x4  Data  Lc  tasks.o [4]
uxTaskNumber            0x2000'0aa0    0x4  Data  Lc  tasks.o [4]
uxTopReadyPriority      0x2000'0a8c    0x4  Data  Lc  tasks.o [4]
vApplicationGetIdleTaskMemory
                         0x800'5b65   0x18  Code  Gb  freertos.o [2]
vClearInterruptMaskFromISR
                         0x800'5eb9         Code  Gb  portasm.o [4]
vListInitialise          0x800'59c1   0x1e  Code  Gb  list.o [4]
vListInitialiseItem      0x800'59df    0x6  Code  Gb  list.o [4]
vListInsert              0x800'59fd   0x36  Code  Gb  list.o [4]
vListInsertEnd           0x800'59e5   0x18  Code  Gb  list.o [4]
vPortEnterCritical       0x800'5acd   0x14  Code  Gb  port.o [4]
vPortExitCritical        0x800'5ae1   0x1e  Code  Gb  port.o [4]
vPortFree                0x800'5889   0x60  Code  Gb  heap_4.o [4]
vPortStartFirstTask      0x800'5e8f         Code  Gb  portasm.o [4]
vPortYield               0x800'5ab9   0x12  Code  Gb  port.o [4]
vSetMSP                  0x800'5e49         Code  Gb  portasm.o [4]
vTaskDelay               0x800'4f41   0x32  Code  Gb  tasks.o [4]
vTaskStartScheduler      0x800'4f91   0x6a  Code  Gb  tasks.o [4]
vTaskSuspendAll          0x800'4ffd    0xa  Code  Gb  tasks.o [4]
vTaskSwitchContext       0x800'51d5   0x5c  Code  Gb  tasks.o [4]
xBlockAllocatedBit      0x2000'0a50    0x4  Data  Lc  heap_4.o [4]
xDelayedTaskList1       0x2000'0950   0x14  Data  Lc  tasks.o [4]
xDelayedTaskList2       0x2000'09a8   0x14  Data  Lc  tasks.o [4]
xFreeBytesRemaining     0x2000'0a48    0x4  Data  Lc  heap_4.o [4]
xHeapStructSize          0x800'6604    0x4  Data  Lc  heap_4.o [4]
xIdleStack              0x2000'0524  0x180  Data  Lc  freertos.o [2]
xIdleTaskHandle         0x2000'0aa8    0x4  Data  Lc  tasks.o [4]
xIdleTaskTCBBuffer      0x2000'07b8   0x54  Data  Lc  freertos.o [2]
xMinimumEverFreeBytesRemaining
                        0x2000'0a4c    0x4  Data  Lc  heap_4.o [4]
xNextTaskUnblockTime    0x2000'0aa4    0x4  Data  Lc  tasks.o [4]
xNumOfOverflows         0x2000'0a9c    0x4  Data  Lc  tasks.o [4]
xPendingReadyList       0x2000'09bc   0x14  Data  Lc  tasks.o [4]
xPortStartScheduler      0x800'5a8f   0x2a  Code  Gb  port.o [4]
xSchedulerRunning       0x2000'0a90    0x4  Data  Lc  tasks.o [4]
xStart                  0x2000'0a3c    0x8  Data  Lc  heap_4.o [4]
xSuspendedTaskList      0x2000'09e4   0x14  Data  Lc  tasks.o [4]
xTaskCreate              0x800'4dc7   0x6c  Code  Gb  tasks.o [4]
xTaskCreateStatic        0x800'4d59   0x6e  Code  Gb  tasks.o [4]
xTaskGetTickCount        0x800'50c1    0x6  Code  Gb  tasks.o [4]
xTaskIncrementTick       0x800'50dd   0xe2  Code  Gb  tasks.o [4]
xTaskResumeAll           0x800'5009   0xb8  Code  Gb  tasks.o [4]
xTasksWaitingTermination
                        0x2000'09d0   0x14  Data  Lc  tasks.o [4]
xTickCount              0x2000'0a88    0x4  Data  Lc  tasks.o [4]
xYieldPending           0x2000'0a98    0x4  Data  Lc  tasks.o [4]
zeroing_the_buffer       0x800'116b   0x18  Code  Gb  main.o [2]


[1] = C:\Users\User\Desktop\project RM\RM\EWARM\URM\Obj\CMSIS_6603591812247902717.dir
[2] = C:\Users\User\Desktop\project RM\RM\EWARM\URM\Obj\Core_13247989168731456611.dir
[3] = C:\Users\User\Desktop\project RM\RM\EWARM\URM\Obj\EWARM_18443280873093131863.dir
[4] = C:\Users\User\Desktop\project RM\RM\EWARM\URM\Obj\FreeRTOS_4809373609813369194.dir
[5] = C:\Users\User\Desktop\project RM\RM\EWARM\URM\Obj\STM32F0xx_HAL_Driver_12736992878974344111.dir
[6] = dl6M_tlf.a
[7] = rt6M_tl.a
[8] = shb_l.a
[9] = th6M_tlf.a

  21'300 bytes of readonly  code memory
     740 bytes of readonly  data memory
   3'715 bytes of readwrite data memory (+ 255 absolute)

Errors: none
Warnings: none
