###############################################################################
#
# IAR ELF Linker V9.70.1.475/W64 for ARM                  16/Dec/2025  04:35:01
# Copyright 2007-2025 IAR Systems AB.
#
#    Output file  =  C:\Users\User\Desktop\RM\EWARM\URM\Exe\URM.out
#    Map file     =  C:\Users\User\Desktop\RM\EWARM\URM\List\URM.map
#    Command line =
#        -f C:\Users\User\Desktop\RM\EWARM\URM\Exe\URM.out.rsp
#        (C:\Users\User\Desktop\RM\EWARM\URM\Obj\FreeRTOS_4809373609813369194.dir\cmsis_os.o
#        C:\Users\User\Desktop\RM\EWARM\URM\Obj\FreeRTOS_4809373609813369194.dir\croutine.o
#        C:\Users\User\Desktop\RM\EWARM\URM\Obj\EWARM_18443280873093131863.dir\dlib_lock_glue.o
#        C:\Users\User\Desktop\RM\EWARM\URM\Obj\FreeRTOS_4809373609813369194.dir\event_groups.o
#        C:\Users\User\Desktop\RM\EWARM\URM\Obj\Core_13247989168731456611.dir\freertos.o
#        C:\Users\User\Desktop\RM\EWARM\URM\Obj\FreeRTOS_4809373609813369194.dir\heap_4.o
#        C:\Users\User\Desktop\RM\EWARM\URM\Obj\FreeRTOS_4809373609813369194.dir\list.o
#        C:\Users\User\Desktop\RM\EWARM\URM\Obj\Core_13247989168731456611.dir\main.o
#        C:\Users\User\Desktop\RM\EWARM\URM\Obj\Core_13247989168731456611.dir\mbcrc.o
#        C:\Users\User\Desktop\RM\EWARM\URM\Obj\FreeRTOS_4809373609813369194.dir\port.o
#        C:\Users\User\Desktop\RM\EWARM\URM\Obj\FreeRTOS_4809373609813369194.dir\portasm.o
#        C:\Users\User\Desktop\RM\EWARM\URM\Obj\FreeRTOS_4809373609813369194.dir\queue.o
#        C:\Users\User\Desktop\RM\EWARM\URM\Obj\EWARM_18443280873093131863.dir\startup_stm32f030x6.o
#        C:\Users\User\Desktop\RM\EWARM\URM\Obj\STM32F0xx_HAL_Driver_12736992878974344111.dir\stm32f0xx_hal.o
#        C:\Users\User\Desktop\RM\EWARM\URM\Obj\STM32F0xx_HAL_Driver_12736992878974344111.dir\stm32f0xx_hal_cortex.o
#        C:\Users\User\Desktop\RM\EWARM\URM\Obj\STM32F0xx_HAL_Driver_12736992878974344111.dir\stm32f0xx_hal_dma.o
#        C:\Users\User\Desktop\RM\EWARM\URM\Obj\STM32F0xx_HAL_Driver_12736992878974344111.dir\stm32f0xx_hal_exti.o
#        C:\Users\User\Desktop\RM\EWARM\URM\Obj\STM32F0xx_HAL_Driver_12736992878974344111.dir\stm32f0xx_hal_flash.o
#        C:\Users\User\Desktop\RM\EWARM\URM\Obj\STM32F0xx_HAL_Driver_12736992878974344111.dir\stm32f0xx_hal_flash_ex.o
#        C:\Users\User\Desktop\RM\EWARM\URM\Obj\STM32F0xx_HAL_Driver_12736992878974344111.dir\stm32f0xx_hal_gpio.o
#        C:\Users\User\Desktop\RM\EWARM\URM\Obj\STM32F0xx_HAL_Driver_12736992878974344111.dir\stm32f0xx_hal_i2c.o
#        C:\Users\User\Desktop\RM\EWARM\URM\Obj\STM32F0xx_HAL_Driver_12736992878974344111.dir\stm32f0xx_hal_i2c_ex.o
#        C:\Users\User\Desktop\RM\EWARM\URM\Obj\Core_13247989168731456611.dir\stm32f0xx_hal_iwdg.o
#        C:\Users\User\Desktop\RM\EWARM\URM\Obj\Core_13247989168731456611.dir\stm32f0xx_hal_msp.o
#        C:\Users\User\Desktop\RM\EWARM\URM\Obj\STM32F0xx_HAL_Driver_12736992878974344111.dir\stm32f0xx_hal_pwr.o
#        C:\Users\User\Desktop\RM\EWARM\URM\Obj\STM32F0xx_HAL_Driver_12736992878974344111.dir\stm32f0xx_hal_pwr_ex.o
#        C:\Users\User\Desktop\RM\EWARM\URM\Obj\STM32F0xx_HAL_Driver_12736992878974344111.dir\stm32f0xx_hal_rcc.o
#        C:\Users\User\Desktop\RM\EWARM\URM\Obj\STM32F0xx_HAL_Driver_12736992878974344111.dir\stm32f0xx_hal_rcc_ex.o
#        C:\Users\User\Desktop\RM\EWARM\URM\Obj\STM32F0xx_HAL_Driver_12736992878974344111.dir\stm32f0xx_hal_tim.o
#        C:\Users\User\Desktop\RM\EWARM\URM\Obj\STM32F0xx_HAL_Driver_12736992878974344111.dir\stm32f0xx_hal_tim_ex.o
#        C:\Users\User\Desktop\RM\EWARM\URM\Obj\Core_13247989168731456611.dir\stm32f0xx_hal_timebase_tim.o
#        C:\Users\User\Desktop\RM\EWARM\URM\Obj\STM32F0xx_HAL_Driver_12736992878974344111.dir\stm32f0xx_hal_uart.o
#        C:\Users\User\Desktop\RM\EWARM\URM\Obj\STM32F0xx_HAL_Driver_12736992878974344111.dir\stm32f0xx_hal_uart_ex.o
#        C:\Users\User\Desktop\RM\EWARM\URM\Obj\Core_13247989168731456611.dir\stm32f0xx_it.o
#        C:\Users\User\Desktop\RM\EWARM\URM\Obj\FreeRTOS_4809373609813369194.dir\stream_buffer.o
#        C:\Users\User\Desktop\RM\EWARM\URM\Obj\CMSIS_6603591812247902717.dir\system_stm32f0xx.o
#        C:\Users\User\Desktop\RM\EWARM\URM\Obj\FreeRTOS_4809373609813369194.dir\tasks.o
#        C:\Users\User\Desktop\RM\EWARM\URM\Obj\FreeRTOS_4809373609813369194.dir\timers.o
#        --no_out_extension -o C:\Users\User\Desktop\RM\EWARM\URM\Exe\URM.out
#        --redirect _Printf=_PrintfFullNoMb --redirect _Scanf=_ScanfFullNoMb
#        --map C:\Users\User\Desktop\RM\EWARM\URM\List\URM.map --config
#        C:\Users\User\Desktop\RM\EWARM/stm32f030x6_flash.icf --semihosting
#        --entry __iar_program_start --vfe --threaded_lib --text_out locale
#        --cpu=Cortex-M0 --fpu=None) --diagnostics_format=sarif_stdout
#        --dependencies=n
#        C:\Users\User\Desktop\RM\EWARM\URM\Exe\URM.out.iar_deps
#        --dynamic_output
#        C:\Users\User\Desktop\RM\EWARM\URM\Exe\URM.out.iar_dynout
#
###############################################################################

*******************************************************************************
*** RUNTIME MODEL ATTRIBUTES
***

CppFlavor                     = *
__CPP_Runtime                 = 1
__Heap_Handler                = Basic
__SystemLibrary               = DLib
__dlib_dynamic_initialization = normal
__dlib_version                = 6


*******************************************************************************
*** HEAP SELECTION
***

The basic heap was selected because --advanced_heap
was not specified and the application did not appear to
be primarily optimized for speed.


*******************************************************************************
*** PLACEMENT SUMMARY
***

"A0":  place at address 0x800'0000 {  ro section .intvec };
"P1":  place in [from 0x800'0000 to 0x800'7fff] {  ro };
define block CSTACK with size = 1K, alignment = 8 { };
define block HEAP with size = 1K, alignment = 8 { };
"P2":  place in [from 0x2000'0000 to 0x2000'0fff] {
           rw,  block CSTACK,  block HEAP };
initialize by copy {  rw };

  Section                Kind         Address  Alignment    Size  Object
  -------                ----         -------  ---------    ----  ------
"A0":                                                       0xb0
  .intvec                ro code   0x800'0000          4    0xb0  startup_stm32f030x6.o [3]
                                 - 0x800'00b0               0xb0

"P1":                                                     0x4710
  .text                  ro code   0x800'00b0          4   0xbce  main.o [2]
  .text                  ro code   0x800'0c7e          2     0x2  startup_stm32f030x6.o [3]
  .text                  ro code   0x800'0c80          4   0x122  stm32f0xx_hal_uart_ex.o [5]
  .text                  ro code   0x800'0da2          2     0x2  startup_stm32f030x6.o [3]
  .text                  ro code   0x800'0da4          4   0x254  stm32f0xx_hal_gpio.o [5]
  .text                  ro code   0x800'0ff8          4    0x4e  ABImemset.o [7]
  .text                  ro code   0x800'1046          2     0x2  startup_stm32f030x6.o [3]
  .text                  ro code   0x800'1048          4   0x6a4  tasks.o [4]
  .text                  ro code   0x800'16ec          4    0x4c  mbcrc.o [2]
  .text                  ro code   0x800'1738          4   0xb7e  stm32f0xx_hal_uart.o [5]
  .text                  ro code   0x800'22b6          2     0x2  startup_stm32f030x6.o [3]
  .text                  ro code   0x800'22b8          4   0x578  stm32f0xx_hal_i2c.o [5]
  .text                  ro code   0x800'2830          4    0x20  stm32f0xx_hal.o [5]
  .text                  ro code   0x800'2850          4    0x34  ABImemcpy.o [7]
  .text                  ro code   0x800'2884          4    0xa4  cmsis_os.o [4]
  .text                  ro code   0x800'2928          4   0x6e0  stm32f0xx_hal_rcc.o [5]
  .text                  ro code   0x800'3008          4   0x130  stm32f0xx_hal_rcc_ex.o [5]
  .text                  ro code   0x800'3138          4    0xd0  stm32f0xx_hal_i2c_ex.o [5]
  .text                  ro code   0x800'3208          4    0x84  stm32f0xx_hal_iwdg.o [2]
  .text                  ro code   0x800'328c          4    0xd4  stm32f0xx_hal_cortex.o [5]
  .text                  ro code   0x800'3360          4    0x18  stm32f0xx_hal.o [5]
  .text                  ro code   0x800'3378          4   0x1ac  stm32f0xx_hal_msp.o [2]
  .text                  ro code   0x800'3524          4   0x21c  heap_4.o [4]
  .text                  ro code   0x800'3740          2    0x9c  list.o [4]
  .text                  ro code   0x800'37dc          4   0x108  port.o [4]
  .text                  ro code   0x800'38e4          4    0x18  freertos.o [2]
  .text                  ro code   0x800'38fc          4     0xc  stm32f0xx_hal.o [5]
  .text                  ro code   0x800'3908          4   0x2b0  stm32f0xx_hal_dma.o [5]
  .text                  ro code   0x800'3bb8          2     0x2  stm32f0xx_hal_uart.o [5]
  .text                  ro code   0x800'3bba          2    0xae  I32DivModFast.o [7]
  .text                  ro code   0x800'3c68          2     0x2  stm32f0xx_hal_uart.o [5]
  .text                  ro code   0x800'3c6a          2     0x2  stm32f0xx_hal_uart.o [5]
  .text                  ro code   0x800'3c6c          2     0x2  stm32f0xx_hal_uart.o [5]
  .text                  ro code   0x800'3c6e          2     0x2  startup_stm32f030x6.o [3]
  .text                  ro code   0x800'3c70          4    0xc4  stm32f0xx_hal_timebase_tim.o [2]
  CODE                   ro code   0x800'3d34          4    0x7c  portasm.o [4]
  .text                  ro code   0x800'3db0          4     0x2  IntDivZer.o [7]
  .text                  ro code   0x800'3db2          2     0x2  startup_stm32f030x6.o [3]
  .text                  ro code   0x800'3db4          4   0x2c8  stm32f0xx_hal_tim.o [5]
  .text                  ro code   0x800'407c          2     0x2  stm32f0xx_hal_tim.o [5]
  .text                  ro code   0x800'407e          2     0x2  stm32f0xx_hal_tim.o [5]
  .text                  ro code   0x800'4080          2     0x2  stm32f0xx_hal_tim.o [5]
  .text                  ro code   0x800'4082          2     0x2  stm32f0xx_hal_tim.o [5]
  .text                  ro code   0x800'4084          2     0x2  stm32f0xx_hal_tim_ex.o [5]
  .text                  ro code   0x800'4086          2     0x2  stm32f0xx_hal_tim.o [5]
  .text                  ro code   0x800'4088          2     0x2  stm32f0xx_hal_tim_ex.o [5]
  .text                  ro code   0x800'408a          2     0x2  startup_stm32f030x6.o [3]
  .text                  ro code   0x800'408c          4   0x204  dlib_lock_glue.o [3]
  .text                  ro code   0x800'4290          4    0x80  xsyslock_mtx.o [9]
  .text                  ro code   0x800'4310          2     0x4  xfiles.o [6]
  .text                  ro code   0x800'4314          4    0x14  xlockref.o [6]
  .rodata                const     0x800'4328          4   0x200  mbcrc.o [2]
  .text                  ro code   0x800'4528          4    0x64  stm32f0xx_it.o [2]
  .text                  ro code   0x800'458c          2    0x3c  zero_init3.o [7]
  .text                  ro code   0x800'45c8          2    0x30  copy_init3.o [7]
  .text                  ro code   0x800'45f8          4    0x28  data_init.o [7]
  .text                  ro code   0x800'4620          4    0x22  cmain.o [7]
  .text                  ro code   0x800'4642          2     0x4  low_level_init.o [6]
  .text                  ro code   0x800'4646          2     0x8  exit.o [6]
  .text                  ro code   0x800'464e          2     0x2  startup_stm32f030x6.o [3]
  .text                  ro code   0x800'4650          4     0x4  cexit.o [7]
  .text                  ro code   0x800'4654          4     0xe  cexit_2.o [7]
  .text                  ro code   0x800'4662          2     0x2  startup_stm32f030x6.o [3]
  .text                  ro code   0x800'4664          4    0x14  exit.o [8]
  .iar.init_table        const     0x800'4678          4    0x28  - Linker created -
  .text                  ro code   0x800'46a0          4    0x20  cmain_call_ctors.o [7]
  .text                  ro code   0x800'46c0          4    0x18  cppinit.o [6]
  .rodata                const     0x800'46d8          4    0x1c  main.o [2]
  .rodata                const     0x800'46f4          4    0x1c  main.o [2]
  .text                  ro code   0x800'4710          4    0x1c  cstartup_M.o [7]
  .rodata                const     0x800'472c          4    0x10  stm32f0xx_hal_rcc.o [5]
  .rodata                const     0x800'473c          4    0x10  stm32f0xx_hal_rcc.o [5]
  .rodata                const     0x800'474c          4    0x10  system_stm32f0xx.o [1]
  .text                  ro code   0x800'475c          4    0x10  startup_stm32f030x6.o [3]
  Initializer bytes      const     0x800'476c          4    0x10  <for P2-1>
  .rodata                const     0x800'477c          4     0xc  main.o [2]
  .rodata                const     0x800'4788          4     0xc  main.o [2]
  .rodata                const     0x800'4794          4     0x8  system_stm32f0xx.o [1]
  .rodata                const     0x800'479c          4     0x8  tasks.o [4]
  .rodata                const     0x800'47a4          4     0x4  heap_4.o [4]
  SHT$$PREINIT_ARRAY               0x800'47a8                0x0  <Block>
  SHT$$INIT_ARRAY                  0x800'47a8                0x4  <Block>
    .init_array          const     0x800'47a8          4     0x4  dlib_lock_glue.o [3]
  __iar_tls$$INIT_ARRAY            0x800'47ac                0x0  <Block>
  .text                  ro code   0x800'47ac          2     0x2  startup_stm32f030x6.o [3]
  .text                  ro code   0x800'47ae          2     0x2  startup_stm32f030x6.o [3]
  .text                  ro code   0x800'47b0          2     0x2  startup_stm32f030x6.o [3]
  .text                  ro code   0x800'47b2          2     0x2  startup_stm32f030x6.o [3]
  .text                  ro code   0x800'47b4          2     0x2  startup_stm32f030x6.o [3]
  .text                  ro code   0x800'47b6          2     0x2  startup_stm32f030x6.o [3]
  .text                  ro code   0x800'47b8          2     0x2  startup_stm32f030x6.o [3]
  .text                  ro code   0x800'47ba          2     0x2  startup_stm32f030x6.o [3]
  .text                  ro code   0x800'47bc          4     0x2  system_stm32f0xx.o [1]
  .text                  ro code   0x800'47c0          4     0x0  cstart_clearlocks.o [7]
  .rodata                const     0x800'47c0                0x0  zero_init3.o [7]
  .rodata                const     0x800'47c0                0x0  copy_init3.o [7]
                                 - 0x800'47c0             0x4710

"P2", part 1 of 3:                                          0x10
  P2-1                            0x2000'0000          4     0xf  <Init block>
    .data                inited   0x2000'0000          4     0x4  port.o [4]
    .data                inited   0x2000'0004          4     0x4  stm32f0xx_hal.o [5]
    .data                inited   0x2000'0008          4     0x4  system_stm32f0xx.o [1]
    .data                inited   0x2000'000c                0x1  main.o [2]
    .data                inited   0x2000'000d                0x1  main.o [2]
    .data                inited   0x2000'000e                0x1  stm32f0xx_hal.o [5]
                                - 0x2000'000f                0xf

"P2", part 2 of 3:                                         0x960
  .bss                   zero     0x2000'0010          4   0x400  heap_4.o [4]
  .bss                   zero     0x2000'0410          4   0x180  freertos.o [2]
  .bss                   zero     0x2000'0590          4    0x8c  tasks.o [4]
  .bss                   zero     0x2000'061c          4    0x88  main.o [2]
  .bss                   zero     0x2000'06a4          4    0x54  freertos.o [2]
  .bss                   zero     0x2000'06f8          4    0x54  main.o [2]
  .bss                   zero     0x2000'074c          4    0x48  stm32f0xx_hal_timebase_tim.o [2]
  .bss                   zero     0x2000'0794          4    0x44  main.o [2]
  .bss                   zero     0x2000'07d8          4    0x44  main.o [2]
  .bss                   zero     0x2000'081c          4    0x20  xfiles.o [6]
  .bss                   zero     0x2000'083c          4    0x14  tasks.o [4]
  .bss                   zero     0x2000'0850          4    0x14  tasks.o [4]
  .bss                   zero     0x2000'0864          4    0x14  tasks.o [4]
  .bss                   zero     0x2000'0878          4    0x14  tasks.o [4]
  .bss                   zero     0x2000'088c          4    0x14  tasks.o [4]
  .bss                   zero     0x2000'08a0          4    0x10  main.o [2]
  .bss                   zero     0x2000'08b0          4    0x10  xsyslock_mtx.o [9]
  .bss                   zero     0x2000'08c0          4     0xc  dlib_lock_glue.o [3]
  .bss                   zero     0x2000'08cc          4     0xc  dlib_lock_glue.o [3]
  .bss                   zero     0x2000'08d8          4     0xc  main.o [2]
  .bss                   zero     0x2000'08e4          4     0xc  main.o [2]
  .bss                   zero     0x2000'08f0          4     0x8  heap_4.o [4]
  .bss                   zero     0x2000'08f8          4     0x4  heap_4.o [4]
  .bss                   zero     0x2000'08fc          4     0x4  heap_4.o [4]
  .bss                   zero     0x2000'0900          4     0x4  heap_4.o [4]
  .bss                   zero     0x2000'0904          4     0x4  heap_4.o [4]
  .bss                   zero     0x2000'0908          4     0x4  main.o [2]
  .bss                   zero     0x2000'090c          4     0x4  main.o [2]
  .bss                   zero     0x2000'0910          4     0x4  main.o [2]
  .bss                   zero     0x2000'0914          4     0x4  main.o [2]
  .bss                   zero     0x2000'0918          4     0x4  main.o [2]
  .bss                   zero     0x2000'091c          4     0x4  main.o [2]
  .bss                   zero     0x2000'0920          4     0x4  stm32f0xx_hal.o [5]
  .bss                   zero     0x2000'0924          4     0x4  stm32f0xx_it.o [2]
  .bss                   zero     0x2000'0928          4     0x4  tasks.o [4]
  .bss                   zero     0x2000'092c          4     0x4  tasks.o [4]
  .bss                   zero     0x2000'0930          4     0x4  tasks.o [4]
  .bss                   zero     0x2000'0934          4     0x4  tasks.o [4]
  .bss                   zero     0x2000'0938          4     0x4  tasks.o [4]
  .bss                   zero     0x2000'093c          4     0x4  tasks.o [4]
  .bss                   zero     0x2000'0940          4     0x4  tasks.o [4]
  .bss                   zero     0x2000'0944          4     0x4  tasks.o [4]
  .bss                   zero     0x2000'0948          4     0x4  tasks.o [4]
  .bss                   zero     0x2000'094c          4     0x4  tasks.o [4]
  .bss                   zero     0x2000'0950          4     0x4  tasks.o [4]
  .bss                   zero     0x2000'0954          4     0x4  tasks.o [4]
  .bss                   zero     0x2000'0958          4     0x4  tasks.o [4]
  .bss                   zero     0x2000'095c          4     0x4  tasks.o [4]
  .bss                   zero     0x2000'0960          4     0x4  tasks.o [4]
  .bss                   zero     0x2000'0964          2     0x2  main.o [2]
  .bss                   zero     0x2000'0966                0x1  main.o [2]
  .bss                   zero     0x2000'0967                0x1  main.o [2]
  .bss                   zero     0x2000'0968                0x1  main.o [2]
  .bss                   zero     0x2000'0969                0x1  main.o [2]
  .bss                   zero     0x2000'096a                0x1  main.o [2]
  .bss                   zero     0x2000'096b                0x1  main.o [2]
  .bss                   zero     0x2000'096c                0x1  main.o [2]
                                - 0x2000'096d              0x95d

"P2", part 3 of 3:                                         0x4c0
  .noinit                uninit   0x2000'0970          4    0x80  dlib_lock_glue.o [3]
  .noinit                uninit   0x2000'09f0          4    0x40  dlib_lock_glue.o [3]
  CSTACK                          0x2000'0a30          8   0x400  <Block>
    CSTACK               uninit   0x2000'0a30              0x400  <Block tail>
                                - 0x2000'0e30              0x4c0

Unused ranges:

         From           To    Size
         ----           --    ----
   0x800'47c0   0x800'7fff  0x3840
  0x2000'0e30  0x2000'0fff   0x1d0


*******************************************************************************
*** INIT TABLE
***

          Address      Size
          -------      ----
Zero (__iar_zero_init3)
    1 destination range, total size 0x95d:
          0x2000'0010  0x95d

Copy (__iar_copy_init3)
    1 source range, total size 0x10 (106% of destination):
           0x800'476c   0x10
    1 destination range, total size 0xf:
          0x2000'0000    0xf

Extra (__iar_cstart_call_ctors)



*******************************************************************************
*** MODULE SUMMARY
***

    Module                        ro code  ro data  rw data
    ------                        -------  -------  -------
command line/config:
    -------------------------------------------------------
    Total:

C:\Users\User\Desktop\RM\EWARM\URM\Obj\CMSIS_6603591812247902717.dir: [1]
    system_stm32f0xx.o                  2       28        4
    -------------------------------------------------------
    Total:                              2       28        4

C:\Users\User\Desktop\RM\EWARM\URM\Obj\Core_13247989168731456611.dir: [2]
    freertos.o                         24               468
    main.o                          3'022       82      431
    mbcrc.o                            76      512
    stm32f0xx_hal_iwdg.o              132
    stm32f0xx_hal_msp.o               428
    stm32f0xx_hal_timebase_tim.o      196                72
    stm32f0xx_it.o                    100                 4
    -------------------------------------------------------
    Total:                          3'978      594      975

C:\Users\User\Desktop\RM\EWARM\URM\Obj\EWARM_18443280873093131863.dir: [3]
    dlib_lock_glue.o                  516        4      216
    startup_stm32f030x6.o             226
    -------------------------------------------------------
    Total:                            742        4      216

C:\Users\User\Desktop\RM\EWARM\URM\Obj\FreeRTOS_4809373609813369194.dir: [4]
    cmsis_os.o                        164
    heap_4.o                          540        4    1'048
    list.o                            156
    port.o                            264        4        4
    portasm.o                         124
    tasks.o                         1'700        8      300
    -------------------------------------------------------
    Total:                          2'948       16    1'352

C:\Users\User\Desktop\RM\EWARM\URM\Obj\STM32F0xx_HAL_Driver_12736992878974344111.dir: [5]
    stm32f0xx_hal.o                    68        5        9
    stm32f0xx_hal_cortex.o            212
    stm32f0xx_hal_dma.o               688
    stm32f0xx_hal_gpio.o              596
    stm32f0xx_hal_i2c.o             1'400
    stm32f0xx_hal_i2c_ex.o            208
    stm32f0xx_hal_rcc.o             1'760       32
    stm32f0xx_hal_rcc_ex.o            304
    stm32f0xx_hal_tim.o               722
    stm32f0xx_hal_tim_ex.o              4
    stm32f0xx_hal_uart.o            2'950
    stm32f0xx_hal_uart_ex.o           290
    -------------------------------------------------------
    Total:                          9'202       37        9

dl6M_tlf.a: [6]
    cppinit.o                          24
    exit.o                              8
    low_level_init.o                    4
    xfiles.o                            4                32
    xlockref.o                         20
    -------------------------------------------------------
    Total:                             60                32

rt6M_tl.a: [7]
    ABImemcpy.o                        52
    ABImemset.o                        78
    I32DivModFast.o                   174
    IntDivZer.o                         2
    cexit.o                             4
    cexit_2.o                          14
    cmain.o                            34
    cmain_call_ctors.o                 32
    copy_init3.o                       48
    cstart_clearlocks.o
    cstartup_M.o                       28
    data_init.o                        40
    zero_init3.o                       60
    -------------------------------------------------------
    Total:                            566

shb_l.a: [8]
    exit.o                             20
    -------------------------------------------------------
    Total:                             20

th6M_tlf.a: [9]
    xsyslock_mtx.o                    128                16
    -------------------------------------------------------
    Total:                            128                16

    Gaps                                2
    Linker created                              41    1'024
-----------------------------------------------------------
    Grand Total:                   17'648      720    3'628


*******************************************************************************
*** ENTRY LIST
***

Entry                       Address   Size  Type      Object
-----                       -------   ----  ----      ------
.iar.init_table$$Base    0x800'4678          --   Gb  - Linker created -
.iar.init_table$$Limit   0x800'46a0          --   Gb  - Linker created -
?main                    0x800'4621         Code  Gb  cmain.o [7]
ADC1_IRQHandler          0x800'47ad         Code  Wk  startup_stm32f030x6.o [3]
AHBPrescTable            0x800'474c   0x10  Data  Gb  system_stm32f0xx.o [1]
APBPrescTable            0x800'4794    0x8  Data  Gb  system_stm32f0xx.o [1]
CSTACK$$Base            0x2000'0a30          --   Gb  - Linker created -
CSTACK$$Limit           0x2000'0e30          --   Gb  - Linker created -
CheckTumblerSetting      0x800'078d   0xb2  Code  Gb  main.o [2]
DMA1_Channel1_IRQHandler
                         0x800'464f         Code  Wk  startup_stm32f030x6.o [3]
DMA1_Channel2_3_IRQHandler
                         0x800'4537   0x10  Code  Gb  stm32f0xx_it.o [2]
DMA1_Channel4_5_IRQHandler
                         0x800'4663         Code  Wk  startup_stm32f030x6.o [3]
DMA_CalcBaseAndBitshift
                         0x800'3b95   0x1a  Code  Lc  stm32f0xx_hal_dma.o [5]
DMA_SetConfig            0x800'3b6b   0x2a  Code  Lc  stm32f0xx_hal_dma.o [5]
ERROR_checksum_handler   0x800'022d    0x8  Code  Gb  main.o [2]
ERROR_handler            0x800'0235   0x4a  Code  Gb  main.o [2]
EXTI0_1_IRQHandler       0x800'3c6f         Code  Wk  startup_stm32f030x6.o [3]
EXTI2_3_IRQHandler       0x800'3db3         Code  Wk  startup_stm32f030x6.o [3]
EXTI4_15_IRQHandler      0x800'408b         Code  Wk  startup_stm32f030x6.o [3]
Error_Handler            0x800'0c79    0x6  Code  Gb  main.o [2]
FLAG_OK                 0x2000'000d    0x1  Data  Gb  main.o [2]
FLASH_IRQHandler         0x800'1047         Code  Wk  startup_stm32f030x6.o [3]
HAL_DMA_Abort            0x800'39ed   0x4c  Code  Gb  stm32f0xx_hal_dma.o [5]
HAL_DMA_Abort_IT         0x800'3a39   0x58  Code  Gb  stm32f0xx_hal_dma.o [5]
HAL_DMA_GetError         0x800'3b67    0x4  Code  Gb  stm32f0xx_hal_dma.o [5]
HAL_DMA_IRQHandler       0x800'3a91   0xd6  Code  Gb  stm32f0xx_hal_dma.o [5]
HAL_DMA_Init             0x800'3909   0x54  Code  Gb  stm32f0xx_hal_dma.o [5]
HAL_DMA_Start_IT         0x800'3961   0x8c  Code  Gb  stm32f0xx_hal_dma.o [5]
HAL_GPIO_Init            0x800'0da5  0x1fa  Code  Gb  stm32f0xx_hal_gpio.o [5]
HAL_GPIO_ReadPin         0x800'0f9f   0x1a  Code  Gb  stm32f0xx_hal_gpio.o [5]
HAL_GPIO_WritePin        0x800'0fb9   0x1a  Code  Gb  stm32f0xx_hal_gpio.o [5]
HAL_GetTick              0x800'38fd    0xc  Code  Wk  stm32f0xx_hal.o [5]
HAL_I2CEx_ConfigAnalogFilter
                         0x800'3139   0x66  Code  Gb  stm32f0xx_hal_i2c_ex.o [5]
HAL_I2CEx_ConfigDigitalFilter
                         0x800'319f   0x60  Code  Gb  stm32f0xx_hal_i2c_ex.o [5]
HAL_I2C_Init             0x800'22b9   0xda  Code  Gb  stm32f0xx_hal_i2c.o [5]
HAL_I2C_Master_Transmit
                         0x800'2393  0x192  Code  Gb  stm32f0xx_hal_i2c.o [5]
HAL_I2C_MspInit          0x800'33af   0x64  Code  Gb  stm32f0xx_hal_msp.o [2]
HAL_IWDG_Init            0x800'3209   0x6a  Code  Gb  stm32f0xx_hal_iwdg.o [2]
HAL_IWDG_Refresh         0x800'3273    0xc  Code  Gb  stm32f0xx_hal_iwdg.o [2]
HAL_IncTick              0x800'3361   0x18  Code  Wk  stm32f0xx_hal.o [5]
HAL_Init                 0x800'2831   0x1a  Code  Gb  stm32f0xx_hal.o [5]
HAL_InitTick             0x800'3c71   0xaa  Code  Gb  stm32f0xx_hal_timebase_tim.o [2]
HAL_MspInit              0x800'3379   0x36  Code  Gb  stm32f0xx_hal_msp.o [2]
HAL_NVIC_EnableIRQ       0x800'3345    0xe  Code  Gb  stm32f0xx_hal_cortex.o [5]
HAL_NVIC_SetPriority     0x800'3331   0x14  Code  Gb  stm32f0xx_hal_cortex.o [5]
HAL_RCCEx_PeriphCLKConfig
                         0x800'3009  0x110  Code  Gb  stm32f0xx_hal_rcc_ex.o [5]
HAL_RCC_ClockConfig      0x800'2de9  0x128  Code  Gb  stm32f0xx_hal_rcc.o [5]
HAL_RCC_GetClockConfig   0x800'2fa5   0x32  Code  Gb  stm32f0xx_hal_rcc.o [5]
HAL_RCC_GetHCLKFreq      0x800'2f7f    0x6  Code  Gb  stm32f0xx_hal_rcc.o [5]
HAL_RCC_GetPCLK1Freq     0x800'2f85   0x18  Code  Gb  stm32f0xx_hal_rcc.o [5]
HAL_RCC_GetSysClockFreq
                         0x800'2f25   0x5a  Code  Gb  stm32f0xx_hal_rcc.o [5]
HAL_RCC_GetSysClockFreq::aPLLMULFactorTable
                         0x800'472c   0x10  Data  Lc  stm32f0xx_hal_rcc.o [5]
HAL_RCC_GetSysClockFreq::aPredivFactorTable
                         0x800'473c   0x10  Data  Lc  stm32f0xx_hal_rcc.o [5]
HAL_RCC_OscConfig        0x800'2929  0x4ac  Code  Gb  stm32f0xx_hal_rcc.o [5]
HAL_RS485Ex_Init         0x800'0c81   0x92  Code  Gb  stm32f0xx_hal_uart_ex.o [5]
HAL_TIMEx_BreakCallback
                         0x800'4085    0x2  Code  Wk  stm32f0xx_hal_tim_ex.o [5]
HAL_TIMEx_CommutCallback
                         0x800'4089    0x2  Code  Wk  stm32f0xx_hal_tim_ex.o [5]
HAL_TIM_Base_Init        0x800'3db5   0x5c  Code  Gb  stm32f0xx_hal_tim.o [5]
HAL_TIM_Base_MspInit     0x800'407d    0x2  Code  Wk  stm32f0xx_hal_tim.o [5]
HAL_TIM_Base_Start_IT    0x800'3e11   0x5a  Code  Gb  stm32f0xx_hal_tim.o [5]
HAL_TIM_IC_CaptureCallback
                         0x800'407f    0x2  Code  Wk  stm32f0xx_hal_tim.o [5]
HAL_TIM_IRQHandler       0x800'3e75  0x176  Code  Gb  stm32f0xx_hal_tim.o [5]
HAL_TIM_OC_DelayElapsedCallback
                         0x800'4081    0x2  Code  Wk  stm32f0xx_hal_tim.o [5]
HAL_TIM_PWM_PulseFinishedCallback
                         0x800'4083    0x2  Code  Wk  stm32f0xx_hal_tim.o [5]
HAL_TIM_PeriodElapsedCallback
                         0x800'0c19   0x12  Code  Gb  main.o [2]
HAL_TIM_TriggerCallback
                         0x800'4087    0x2  Code  Wk  stm32f0xx_hal_tim.o [5]
HAL_UARTEx_ReceiveToIdle_DMA
                         0x800'0d1d   0x86  Code  Gb  stm32f0xx_hal_uart_ex.o [5]
HAL_UARTEx_RxEventCallback
                         0x800'0135   0x54  Code  Gb  main.o [2]
HAL_UART_AbortReceive    0x800'1819   0xca  Code  Gb  stm32f0xx_hal_uart.o [5]
HAL_UART_ErrorCallback   0x800'3bb9    0x2  Code  Wk  stm32f0xx_hal_uart.o [5]
HAL_UART_IRQHandler      0x800'18e9  0x30c  Code  Gb  stm32f0xx_hal_uart.o [5]
HAL_UART_MspInit         0x800'3413   0xea  Code  Gb  stm32f0xx_hal_msp.o [2]
HAL_UART_RxCpltCallback
                         0x800'3c69    0x2  Code  Wk  stm32f0xx_hal_uart.o [5]
HAL_UART_RxHalfCpltCallback
                         0x800'3c6b    0x2  Code  Wk  stm32f0xx_hal_uart.o [5]
HAL_UART_Transmit        0x800'1739   0xe0  Code  Gb  stm32f0xx_hal_uart.o [5]
HAL_UART_TxCpltCallback
                         0x800'3c6d    0x2  Code  Wk  stm32f0xx_hal_uart.o [5]
HardFault_Handler        0x800'452d    0xa  Code  Gb  stm32f0xx_it.o [2]
I2C1_IRQHandler          0x800'47b9         Code  Wk  startup_stm32f030x6.o [3]
I2C_Flush_TXDR           0x800'2545   0x28  Code  Lc  stm32f0xx_hal_i2c.o [5]
I2C_IsErrorOccurred      0x800'26b1  0x142  Code  Lc  stm32f0xx_hal_i2c.o [5]
I2C_TransferConfig       0x800'27f3   0x36  Code  Lc  stm32f0xx_hal_i2c.o [5]
I2C_WaitOnFlagUntilTimeout
                         0x800'256d   0x82  Code  Lc  stm32f0xx_hal_i2c.o [5]
I2C_WaitOnSTOPFlagUntilTimeout
                         0x800'2655   0x5c  Code  Lc  stm32f0xx_hal_i2c.o [5]
I2C_WaitOnTXISFlagUntilTimeout
                         0x800'25ef   0x66  Code  Lc  stm32f0xx_hal_i2c.o [5]
ID_parsing               0x800'00ed   0x30  Code  Gb  main.o [2]
MX_DMA_Init              0x800'09e9   0x26  Code  Lc  main.o [2]
MX_GPIO_Init             0x800'0a15   0xa0  Code  Lc  main.o [2]
MX_I2C1_Init             0x800'093f   0x4e  Code  Lc  main.o [2]
MX_IWDG_Init             0x800'098d   0x20  Code  Lc  main.o [2]
MX_USART1_UART_Init      0x800'09ad   0x36  Code  Lc  main.o [2]
NMI_Handler              0x800'4529    0x4  Code  Gb  stm32f0xx_it.o [2]
PendSV_Handler           0x800'3d3b         Code  Gb  portasm.o [4]
RCC_IRQHandler           0x800'22b7         Code  Wk  startup_stm32f030x6.o [3]
RDO_command_1            0x800'0189   0x36  Code  Gb  main.o [2]
RTC_IRQHandler           0x800'0da3         Code  Wk  startup_stm32f030x6.o [3]
Region$$Table$$Base      0x800'4678          --   Gb  - Linker created -
Region$$Table$$Limit     0x800'46a0          --   Gb  - Linker created -
ResetOutput              0x800'0329   0x22  Code  Gb  main.o [2]
Reset_Handler            0x800'475d         Code  Wk  startup_stm32f030x6.o [3]
SHT$$INIT_ARRAY$$Base    0x800'47a8          --   Gb  - Linker created -
SHT$$INIT_ARRAY$$Limit   0x800'47ac          --   Gb  - Linker created -
SHT$$PREINIT_ARRAY$$Base
                         0x800'47a8          --   Gb  - Linker created -
SHT$$PREINIT_ARRAY$$Limit
                         0x800'47a8          --   Gb  - Linker created -
SPI1_IRQHandler          0x800'47bb         Code  Wk  startup_stm32f030x6.o [3]
SVC_Handler              0x800'3d79         Code  Gb  portasm.o [4]
SetOsAddr                0x800'0ab5   0x44  Code  Gb  main.o [2]
StartDefaultTask         0x800'0b15   0x9a  Code  Gb  main.o [2]
StartTask02              0x800'0bb9   0x5a  Code  Gb  main.o [2]
SwitchToReceive          0x800'00b1   0x3c  Code  Gb  main.o [2]
SysTick_Handler          0x800'387f   0x20  Code  Gb  port.o [4]
SystemClock_Config       0x800'08c5   0x7a  Code  Gb  main.o [2]
SystemCoreClock         0x2000'0008    0x4  Data  Gb  system_stm32f0xx.o [1]
SystemInit               0x800'47bd    0x2  Code  Gb  system_stm32f0xx.o [1]
TIM14_IRQHandler         0x800'47b3         Code  Wk  startup_stm32f030x6.o [3]
TIM16_IRQHandler         0x800'47b5         Code  Wk  startup_stm32f030x6.o [3]
TIM17_IRQHandler         0x800'47b7         Code  Wk  startup_stm32f030x6.o [3]
TIM1_BRK_UP_TRG_COM_IRQHandler
                         0x800'4547    0xa  Code  Gb  stm32f0xx_it.o [2]
TIM1_CC_IRQHandler       0x800'47af         Code  Wk  startup_stm32f030x6.o [3]
TIM3_IRQHandler          0x800'47b1         Code  Wk  startup_stm32f030x6.o [3]
TIM_Base_SetConfig       0x800'3feb   0x7a  Code  Gb  stm32f0xx_hal_tim.o [5]
UART_AdvFeatureConfig    0x800'1d7d   0xde  Code  Gb  stm32f0xx_hal_uart.o [5]
UART_CheckIdleState      0x800'1e6d   0xc8  Code  Gb  stm32f0xx_hal_uart.o [5]
UART_DMAAbortOnError     0x800'2271   0x18  Code  Lc  stm32f0xx_hal_uart.o [5]
UART_DMAError            0x800'2221   0x50  Code  Lc  stm32f0xx_hal_uart.o [5]
UART_DMAReceiveCplt      0x800'2141   0xa4  Code  Lc  stm32f0xx_hal_uart.o [5]
UART_DMARxHalfCplt       0x800'21f9   0x28  Code  Lc  stm32f0xx_hal_uart.o [5]
UART_EndRxTransfer       0x800'20d9   0x64  Code  Lc  stm32f0xx_hal_uart.o [5]
UART_EndTransmit_IT      0x800'2289   0x2e  Code  Lc  stm32f0xx_hal_uart.o [5]
UART_EndTxTransfer       0x800'20b9   0x20  Code  Lc  stm32f0xx_hal_uart.o [5]
UART_SetConfig           0x800'1c09  0x174  Code  Gb  stm32f0xx_hal_uart.o [5]
UART_Start_Receive_DMA   0x800'1ff9   0xb6  Code  Gb  stm32f0xx_hal_uart.o [5]
UART_WaitOnFlagUntilTimeout
                         0x800'1f45   0x9c  Code  Gb  stm32f0xx_hal_uart.o [5]
USART1_IRQHandler        0x800'4551   0x22  Code  Gb  stm32f0xx_it.o [2]
USART1_IRQHandler::sErrCount
                        0x2000'0924    0x4  Data  Lc  stm32f0xx_it.o [2]
WMDO_command_15          0x800'01bf   0x6e  Code  Gb  main.o [2]
WWDG_IRQHandler          0x800'0c7f         Code  Wk  startup_stm32f030x6.o [3]
__ICFEDIT_region_RAM_end__ {Abs}
                        0x2000'0fff          --   Gb  <internal module>
__ICFEDIT_region_RAM_start__ {Abs}
                        0x2000'0000          --   Gb  <internal module>
__NVIC_EnableIRQ         0x800'328d   0x18  Code  Lc  stm32f0xx_hal_cortex.o [5]
__NVIC_SetPriority       0x800'32a5   0x8c  Code  Lc  stm32f0xx_hal_cortex.o [5]
__aeabi_idiv0            0x800'3db1         Code  Gb  IntDivZer.o [7]
__aeabi_memcpy4          0x800'2851         Code  Gb  ABImemcpy.o [7]
__aeabi_memcpy8          0x800'2851         Code  Gb  ABImemcpy.o [7]
__aeabi_memset           0x800'0ff9         Code  Gb  ABImemset.o [7]
__aeabi_uidiv            0x800'3bbb         Code  Gb  I32DivModFast.o [7]
__aeabi_uidivmod         0x800'3bbb         Code  Gb  I32DivModFast.o [7]
__call_ctors             0x800'46c1   0x18  Code  Gb  cppinit.o [6]
__cexit_clearlocks       0x800'4657         Code  Gb  cexit_2.o [7]
__cmain                  0x800'4621         Code  Gb  cmain.o [7]
__cstart_clearlocks      0x800'47c0         Data  Gb  cstart_clearlocks.o [7]
__dlib_thread_safety_init
                         0x800'4117   0x4e  Code  Gb  dlib_lock_glue.o [3]
__exit                   0x800'4665   0x14  Code  Gb  exit.o [8]
__iar_Initlocks          0x800'42d7   0x36  Code  Gb  xsyslock_mtx.o [9]
__iar_Memset4_word       0x800'1019         Code  Gb  ABImemset.o [7]
__iar_Memset_word        0x800'1005         Code  Gb  ABImemset.o [7]
__iar_clearlocks         0x800'4291   0x46  Code  Gb  xsyslock_mtx.o [9]
__iar_copy_init3         0x800'45c9   0x30  Code  Gb  copy_init3.o [7]
__iar_cstart_call_ctors
                         0x800'46a1   0x20  Code  Gb  cmain_call_ctors.o [7]
__iar_data_init3         0x800'45f9   0x28  Code  Gb  data_init.o [7]
__iar_file_FOPEN_MAX     0x800'4311    0x4  Code  Gb  xfiles.o [6]
__iar_file_LockRef       0x800'4315   0x14  Code  Gb  xlockref.o [6]
__iar_file_Mtxdst        0x800'4249   0x38  Code  Gb  dlib_lock_glue.o [3]
__iar_file_Mtxinit       0x800'41f3   0x56  Code  Gb  dlib_lock_glue.o [3]
__iar_file_mtx          0x2000'081c   0x20  Data  Gb  xfiles.o [6]
__iar_program_start      0x800'4711         Code  Gb  cstartup_M.o [7]
__iar_system_Mtxdst      0x800'41bb   0x38  Code  Gb  dlib_lock_glue.o [3]
__iar_system_Mtxinit     0x800'4165   0x56  Code  Gb  dlib_lock_glue.o [3]
__iar_tls$$INIT_ARRAY$$Base
                         0x800'47ac          --   Gb  - Linker created -
__iar_tls$$INIT_ARRAY$$Limit
                         0x800'47ac          --   Gb  - Linker created -
__iar_zero_init3         0x800'458d   0x3c  Code  Gb  zero_init3.o [7]
__low_level_init         0x800'4643    0x4  Code  Gb  low_level_init.o [6]
__vector_table           0x800'0000         Data  Gb  startup_stm32f030x6.o [3]
_call_main               0x800'462d         Code  Gb  cmain.o [7]
_exit                    0x800'4651         Code  Gb  cexit.o [7]
_exit_2                  0x800'4655         Code  Gb  cexit_2.o [7]
cntr                    0x2000'0910    0x4  Data  Gb  main.o [2]
crc16table               0x800'4328  0x200  Data  Lc  mbcrc.o [2]
defaultTaskHandle       0x2000'0908    0x4  Data  Gb  main.o [2]
double_DO                0x800'0505  0x26c  Code  Gb  main.o [2]
exit                     0x800'4647    0x8  Code  Gb  exit.o [6]
gCheckingTumbler        0x2000'096b    0x1  Data  Gb  main.o [2]
gErrorCount             0x2000'0918    0x4  Data  Gb  main.o [2]
gID                     0x2000'0968    0x1  Data  Gb  main.o [2]
gInp                    0x2000'096c    0x1  Data  Gb  main.o [2]
gLastTickCount          0x2000'091c    0x4  Data  Gb  main.o [2]
gOsBuff                 0x2000'0969    0x1  Data  Gb  main.o [2]
gReset                  0x2000'096a    0x1  Data  Gb  main.o [2]
gSwitchToReceiveCount   0x2000'0914    0x4  Data  Gb  main.o [2]
gTumblerBuff            0x2000'0964    0x2  Data  Gb  main.o [2]
global_error            0x2000'0967    0x1  Data  Gb  main.o [2]
hdma_usart1_rx          0x2000'0794   0x44  Data  Gb  main.o [2]
hdma_usart1_tx          0x2000'07d8   0x44  Data  Gb  main.o [2]
hi2c1                   0x2000'06f8   0x54  Data  Gb  main.o [2]
hiwdg                   0x2000'08a0   0x10  Data  Gb  main.o [2]
htim1                   0x2000'074c   0x48  Data  Gb  stm32f0xx_hal_timebase_tim.o [2]
huart1                  0x2000'061c   0x88  Data  Gb  main.o [2]
main                     0x800'0845   0x72  Code  Gb  main.o [2]
makeFreeRtosPriority     0x800'2885   0x18  Code  Lc  cmsis_os.o [4]
mbcrc                    0x800'16ed   0x4c  Code  Gb  mbcrc.o [2]
mtx                     0x2000'08b0   0x10  Data  Lc  xsyslock_mtx.o [9]
myTask02Handle          0x2000'090c    0x4  Data  Gb  main.o [2]
osDelay                  0x800'2907   0x22  Code  Gb  cmsis_os.o [4]
osKernelStart            0x800'289d    0xa  Code  Gb  cmsis_os.o [4]
osThreadCreate           0x800'28a7   0x60  Code  Gb  cmsis_os.o [4]
prvAddCurrentTaskToDelayedList
                         0x800'166d   0x66  Code  Lc  tasks.o [4]
prvAddNewTaskToReadyList
                         0x800'11b3   0x7c  Code  Lc  tasks.o [4]
prvCheckTasksWaitingTermination
                         0x800'15a7   0x38  Code  Lc  tasks.o [4]
prvDeleteTCB             0x800'15e1   0x38  Code  Lc  tasks.o [4]
prvHeapInit              0x800'3669   0x5e  Code  Lc  heap_4.o [4]
prvIdleTask              0x800'154d   0x16  Code  Lc  tasks.o [4]
prvInitialiseNewTask     0x800'1125   0x8e  Code  Lc  tasks.o [4]
prvInitialiseTaskLists   0x800'1563   0x44  Code  Lc  tasks.o [4]
prvInsertBlockIntoFreeList
                         0x800'36c7   0x5c  Code  Lc  heap_4.o [4]
prvResetNextTaskUnblockTime
                         0x800'1619   0x26  Code  Lc  tasks.o [4]
prvSetupTimerInterrupt   0x800'389f   0x24  Code  Lc  port.o [4]
prvTaskExitError         0x800'37f9   0x16  Code  Lc  port.o [4]
pvPortMalloc             0x800'3525   0xe2  Code  Gb  heap_4.o [4]
pxCurrentTCB            0x2000'0928    0x4  Data  Gb  tasks.o [4]
pxDelayedTaskList       0x2000'092c    0x4  Data  Lc  tasks.o [4]
pxEnd                   0x2000'08f8    0x4  Data  Lc  heap_4.o [4]
pxOverflowDelayedTaskList
                        0x2000'0930    0x4  Data  Lc  tasks.o [4]
pxPortInitialiseStack    0x800'37dd   0x1a  Code  Gb  port.o [4]
pxReadyTasksLists       0x2000'0590   0x8c  Data  Lc  tasks.o [4]
reading_DO               0x800'0289   0x9a  Code  Gb  main.o [2]
receive_buf             0x2000'08d8    0xc  Data  Gb  main.o [2]
single_DO                0x800'035d  0x17c  Code  Gb  main.o [2]
state                   0x2000'0966    0x1  Data  Gb  main.o [2]
state11                 0x2000'000c    0x1  Data  Gb  main.o [2]
static_file_list_lock   0x2000'08cc    0xc  Data  Lc  dlib_lock_glue.o [3]
static_file_lock        0x2000'0970   0x80  Data  Lc  dlib_lock_glue.o [3]
static_system_list_lock
                        0x2000'08c0    0xc  Data  Lc  dlib_lock_glue.o [3]
static_system_lock      0x2000'09f0   0x40  Data  Lc  dlib_lock_glue.o [3]
stm32_lock_acquire       0x800'40b3   0x32  Code  Lc  dlib_lock_glue.o [3]
stm32_lock_init          0x800'408d   0x26  Code  Lc  dlib_lock_glue.o [3]
stm32_lock_release       0x800'40e5   0x32  Code  Lc  dlib_lock_glue.o [3]
transmit_buf            0x2000'08e4    0xc  Data  Gb  main.o [2]
ucHeap                  0x2000'0010  0x400  Data  Lc  heap_4.o [4]
ulSetInterruptMaskFromISR
                         0x800'3d9d         Code  Gb  portasm.o [4]
uwTick                  0x2000'0920    0x4  Data  Gb  stm32f0xx_hal.o [5]
uwTickFreq              0x2000'000e    0x1  Data  Gb  stm32f0xx_hal.o [5]
uwTickPrio              0x2000'0004    0x4  Data  Gb  stm32f0xx_hal.o [5]
uxCriticalNesting       0x2000'0000    0x4  Data  Lc  port.o [4]
uxCurrentNumberOfTasks  0x2000'0938    0x4  Data  Lc  tasks.o [4]
uxDeletedTasksWaitingCleanUp
                        0x2000'0934    0x4  Data  Lc  tasks.o [4]
uxListRemove             0x800'37b3   0x2a  Code  Gb  list.o [4]
uxPendedTicks           0x2000'0948    0x4  Data  Lc  tasks.o [4]
uxSchedulerSuspended    0x2000'0960    0x4  Data  Lc  tasks.o [4]
uxTaskNumber            0x2000'0954    0x4  Data  Lc  tasks.o [4]
uxTopReadyPriority      0x2000'0940    0x4  Data  Lc  tasks.o [4]
vApplicationGetIdleTaskMemory
                         0x800'38e5   0x18  Code  Gb  freertos.o [2]
vClearInterruptMaskFromISR
                         0x800'3da5         Code  Gb  portasm.o [4]
vListInitialise          0x800'3741   0x1e  Code  Gb  list.o [4]
vListInitialiseItem      0x800'375f    0x6  Code  Gb  list.o [4]
vListInsert              0x800'377d   0x36  Code  Gb  list.o [4]
vListInsertEnd           0x800'3765   0x18  Code  Gb  list.o [4]
vPortEnterCritical       0x800'384d   0x14  Code  Gb  port.o [4]
vPortExitCritical        0x800'3861   0x1e  Code  Gb  port.o [4]
vPortFree                0x800'3609   0x60  Code  Gb  heap_4.o [4]
vPortStartFirstTask      0x800'3d7b         Code  Gb  portasm.o [4]
vPortYield               0x800'3839   0x12  Code  Gb  port.o [4]
vSetMSP                  0x800'3d35         Code  Gb  portasm.o [4]
vTaskDelay               0x800'1231   0x32  Code  Gb  tasks.o [4]
vTaskStartScheduler      0x800'1281   0x6a  Code  Gb  tasks.o [4]
vTaskSuspendAll          0x800'12ed    0xa  Code  Gb  tasks.o [4]
vTaskSwitchContext       0x800'14c5   0x5c  Code  Gb  tasks.o [4]
xBlockAllocatedBit      0x2000'0904    0x4  Data  Lc  heap_4.o [4]
xDelayedTaskList1       0x2000'083c   0x14  Data  Lc  tasks.o [4]
xDelayedTaskList2       0x2000'0850   0x14  Data  Lc  tasks.o [4]
xFreeBytesRemaining     0x2000'08fc    0x4  Data  Lc  heap_4.o [4]
xHeapStructSize          0x800'47a4    0x4  Data  Lc  heap_4.o [4]
xIdleStack              0x2000'0410  0x180  Data  Lc  freertos.o [2]
xIdleTaskHandle         0x2000'095c    0x4  Data  Lc  tasks.o [4]
xIdleTaskTCBBuffer      0x2000'06a4   0x54  Data  Lc  freertos.o [2]
xMinimumEverFreeBytesRemaining
                        0x2000'0900    0x4  Data  Lc  heap_4.o [4]
xNextTaskUnblockTime    0x2000'0958    0x4  Data  Lc  tasks.o [4]
xNumOfOverflows         0x2000'0950    0x4  Data  Lc  tasks.o [4]
xPendingReadyList       0x2000'0864   0x14  Data  Lc  tasks.o [4]
xPortStartScheduler      0x800'380f   0x2a  Code  Gb  port.o [4]
xSchedulerRunning       0x2000'0944    0x4  Data  Lc  tasks.o [4]
xStart                  0x2000'08f0    0x8  Data  Lc  heap_4.o [4]
xSuspendedTaskList      0x2000'088c   0x14  Data  Lc  tasks.o [4]
xTaskCreate              0x800'10b7   0x6c  Code  Gb  tasks.o [4]
xTaskCreateStatic        0x800'1049   0x6e  Code  Gb  tasks.o [4]
xTaskGetTickCount        0x800'13b1    0x6  Code  Gb  tasks.o [4]
xTaskIncrementTick       0x800'13cd   0xe2  Code  Gb  tasks.o [4]
xTaskResumeAll           0x800'12f9   0xb8  Code  Gb  tasks.o [4]
xTasksWaitingTermination
                        0x2000'0878   0x14  Data  Lc  tasks.o [4]
xTickCount              0x2000'093c    0x4  Data  Lc  tasks.o [4]
xYieldPending           0x2000'094c    0x4  Data  Lc  tasks.o [4]
zeroing_the_buffer       0x800'011d   0x18  Code  Gb  main.o [2]


[1] = C:\Users\User\Desktop\RM\EWARM\URM\Obj\CMSIS_6603591812247902717.dir
[2] = C:\Users\User\Desktop\RM\EWARM\URM\Obj\Core_13247989168731456611.dir
[3] = C:\Users\User\Desktop\RM\EWARM\URM\Obj\EWARM_18443280873093131863.dir
[4] = C:\Users\User\Desktop\RM\EWARM\URM\Obj\FreeRTOS_4809373609813369194.dir
[5] = C:\Users\User\Desktop\RM\EWARM\URM\Obj\STM32F0xx_HAL_Driver_12736992878974344111.dir
[6] = dl6M_tlf.a
[7] = rt6M_tl.a
[8] = shb_l.a
[9] = th6M_tlf.a

  17'648 bytes of readonly  code memory
     720 bytes of readonly  data memory
   3'628 bytes of readwrite data memory

Errors: none
Warnings: none
