###############################################################################
#
# IAR ELF Linker V9.70.1.475/W64 for ARM                  14/Jan/2026  16:11:22
# Copyright 2007-2025 IAR Systems AB.
#
#    Output file  =
#        C:\Users\User\Desktop\project RM\RM\EWARM\URM\Exe\URM.out_nochecksum
#    Map file     =  C:\Users\User\Desktop\project RM\RM\EWARM\URM\List\URM.map
#    Command line =
#        -f "C:\Users\User\Desktop\project
#        RM\RM\EWARM\URM\Exe\URM.out_nochecksum.rsp"
#        ("C:\Users\User\Desktop\project
#        RM\RM\EWARM\URM\Obj\FreeRTOS_4809373609813369194.dir\cmsis_os.o"
#        "C:\Users\User\Desktop\project
#        RM\RM\EWARM\URM\Obj\FreeRTOS_4809373609813369194.dir\croutine.o"
#        "C:\Users\User\Desktop\project
#        RM\RM\EWARM\URM\Obj\EWARM_18443280873093131863.dir\dlib_lock_glue.o"
#        "C:\Users\User\Desktop\project
#        RM\RM\EWARM\URM\Obj\FreeRTOS_4809373609813369194.dir\event_groups.o"
#        "C:\Users\User\Desktop\project
#        RM\RM\EWARM\URM\Obj\Core_13247989168731456611.dir\freertos.o"
#        "C:\Users\User\Desktop\project
#        RM\RM\EWARM\URM\Obj\FreeRTOS_4809373609813369194.dir\heap_4.o"
#        "C:\Users\User\Desktop\project
#        RM\RM\EWARM\URM\Obj\FreeRTOS_4809373609813369194.dir\list.o"
#        "C:\Users\User\Desktop\project
#        RM\RM\EWARM\URM\Obj\Core_13247989168731456611.dir\main.o"
#        "C:\Users\User\Desktop\project
#        RM\RM\EWARM\URM\Obj\Core_13247989168731456611.dir\mbcrc.o"
#        "C:\Users\User\Desktop\project
#        RM\RM\EWARM\URM\Obj\FreeRTOS_4809373609813369194.dir\port.o"
#        "C:\Users\User\Desktop\project
#        RM\RM\EWARM\URM\Obj\FreeRTOS_4809373609813369194.dir\portasm.o"
#        "C:\Users\User\Desktop\project
#        RM\RM\EWARM\URM\Obj\FreeRTOS_4809373609813369194.dir\queue.o"
#        "C:\Users\User\Desktop\project
#        RM\RM\EWARM\URM\Obj\EWARM_18443280873093131863.dir\startup_stm32f030x6.o"
#        "C:\Users\User\Desktop\project
#        RM\RM\EWARM\URM\Obj\STM32F0xx_HAL_Driver_12736992878974344111.dir\stm32f0xx_hal.o"
#        "C:\Users\User\Desktop\project
#        RM\RM\EWARM\URM\Obj\STM32F0xx_HAL_Driver_12736992878974344111.dir\stm32f0xx_hal_cortex.o"
#        "C:\Users\User\Desktop\project
#        RM\RM\EWARM\URM\Obj\STM32F0xx_HAL_Driver_12736992878974344111.dir\stm32f0xx_hal_dma.o"
#        "C:\Users\User\Desktop\project
#        RM\RM\EWARM\URM\Obj\STM32F0xx_HAL_Driver_12736992878974344111.dir\stm32f0xx_hal_exti.o"
#        "C:\Users\User\Desktop\project
#        RM\RM\EWARM\URM\Obj\STM32F0xx_HAL_Driver_12736992878974344111.dir\stm32f0xx_hal_flash.o"
#        "C:\Users\User\Desktop\project
#        RM\RM\EWARM\URM\Obj\STM32F0xx_HAL_Driver_12736992878974344111.dir\stm32f0xx_hal_flash_ex.o"
#        "C:\Users\User\Desktop\project
#        RM\RM\EWARM\URM\Obj\STM32F0xx_HAL_Driver_12736992878974344111.dir\stm32f0xx_hal_gpio.o"
#        "C:\Users\User\Desktop\project
#        RM\RM\EWARM\URM\Obj\STM32F0xx_HAL_Driver_12736992878974344111.dir\stm32f0xx_hal_i2c.o"
#        "C:\Users\User\Desktop\project
#        RM\RM\EWARM\URM\Obj\STM32F0xx_HAL_Driver_12736992878974344111.dir\stm32f0xx_hal_i2c_ex.o"
#        "C:\Users\User\Desktop\project
#        RM\RM\EWARM\URM\Obj\Core_13247989168731456611.dir\stm32f0xx_hal_iwdg.o"
#        "C:\Users\User\Desktop\project
#        RM\RM\EWARM\URM\Obj\Core_13247989168731456611.dir\stm32f0xx_hal_msp.o"
#        "C:\Users\User\Desktop\project
#        RM\RM\EWARM\URM\Obj\STM32F0xx_HAL_Driver_12736992878974344111.dir\stm32f0xx_hal_pwr.o"
#        "C:\Users\User\Desktop\project
#        RM\RM\EWARM\URM\Obj\STM32F0xx_HAL_Driver_12736992878974344111.dir\stm32f0xx_hal_pwr_ex.o"
#        "C:\Users\User\Desktop\project
#        RM\RM\EWARM\URM\Obj\STM32F0xx_HAL_Driver_12736992878974344111.dir\stm32f0xx_hal_rcc.o"
#        "C:\Users\User\Desktop\project
#        RM\RM\EWARM\URM\Obj\STM32F0xx_HAL_Driver_12736992878974344111.dir\stm32f0xx_hal_rcc_ex.o"
#        "C:\Users\User\Desktop\project
#        RM\RM\EWARM\URM\Obj\STM32F0xx_HAL_Driver_12736992878974344111.dir\stm32f0xx_hal_tim.o"
#        "C:\Users\User\Desktop\project
#        RM\RM\EWARM\URM\Obj\STM32F0xx_HAL_Driver_12736992878974344111.dir\stm32f0xx_hal_tim_ex.o"
#        "C:\Users\User\Desktop\project
#        RM\RM\EWARM\URM\Obj\Core_13247989168731456611.dir\stm32f0xx_hal_timebase_tim.o"
#        "C:\Users\User\Desktop\project
#        RM\RM\EWARM\URM\Obj\STM32F0xx_HAL_Driver_12736992878974344111.dir\stm32f0xx_hal_uart.o"
#        "C:\Users\User\Desktop\project
#        RM\RM\EWARM\URM\Obj\STM32F0xx_HAL_Driver_12736992878974344111.dir\stm32f0xx_hal_uart_ex.o"
#        "C:\Users\User\Desktop\project
#        RM\RM\EWARM\URM\Obj\Core_13247989168731456611.dir\stm32f0xx_it.o"
#        "C:\Users\User\Desktop\project
#        RM\RM\EWARM\URM\Obj\FreeRTOS_4809373609813369194.dir\stream_buffer.o"
#        "C:\Users\User\Desktop\project
#        RM\RM\EWARM\URM\Obj\CMSIS_6603591812247902717.dir\system_stm32f0xx.o"
#        "C:\Users\User\Desktop\project
#        RM\RM\EWARM\URM\Obj\FreeRTOS_4809373609813369194.dir\tasks.o"
#        "C:\Users\User\Desktop\project
#        RM\RM\EWARM\URM\Obj\FreeRTOS_4809373609813369194.dir\timers.o"
#        --no_out_extension -o "C:\Users\User\Desktop\project
#        RM\RM\EWARM\URM\Exe\URM.out_nochecksum" --redirect
#        _Printf=_PrintfFullNoMb --redirect _Scanf=_ScanfFullNoMb --keep
#        __checksum --map "C:\Users\User\Desktop\project
#        RM\RM\EWARM\URM\List\URM.map" --config "C:\Users\User\Desktop\project
#        RM\RM\EWARM/stm32f030x6_flash.icf" --semihosting --entry
#        __iar_program_start --place_holder __checksum,2,.checksum,1
#        --define_symbol __checksum_begin=0x8001000 --define_symbol
#        __checksum_end=0x8007bfd --vfe --threaded_lib --text_out locale
#        --cpu=Cortex-M0 --fpu=None) --diagnostics_format=sarif_stdout
#        --dependencies=n "C:\Users\User\Desktop\project
#        RM\RM\EWARM\URM\Exe\URM.out_nochecksum.iar_deps" --dynamic_output
#        "C:\Users\User\Desktop\project
#        RM\RM\EWARM\URM\Exe\URM.out_nochecksum.iar_dynout"
#
###############################################################################

*******************************************************************************
*** RUNTIME MODEL ATTRIBUTES
***

CppFlavor                     = *
__CPP_Runtime                 = 1
__Heap_Handler                = Basic
__SystemLibrary               = DLib
__dlib_dynamic_initialization = normal
__dlib_version                = 6


*******************************************************************************
*** HEAP SELECTION
***

The basic heap was selected because --advanced_heap
was not specified and the application did not appear to
be primarily optimized for speed.


*******************************************************************************
*** PLACEMENT SUMMARY
***

"A0":  place at address 0x800'1000 {  ro section .intvec };
"A1":  place at end of [from 0x800'1000 to 0x800'7bff] {
           ro section .checksum };
"P2":  place in [from 0x800'1000 to 0x800'7bff] {  ro };
define block CSTACK with size = 1K, alignment = 8 { };
define block HEAP with size = 1K, alignment = 8 { };
"P3":  place in [from 0x2000'0000 to 0x2000'0fff] {
           rw,  block CSTACK,  block HEAP };
initialize by copy {  rw };

No sections matched the following patterns:

  ro section .flags  in "P1"


  Section                Kind         Address  Alignment    Size  Object
  -------                ----         -------  ---------    ----  ------
"A0":                                                       0xb0
  .intvec                          0x800'1000               0xb0  <Block>
    .intvec              ro code   0x800'1000          4    0xb0  startup_stm32f030x6.o [3]
                                 - 0x800'10b0               0xb0

"P2":                                                     0x57c0
  .text                  ro code   0x800'10b0          4  0x14fe  main.o [2]
  .text                  ro code   0x800'25ae          2     0x2  startup_stm32f030x6.o [3]
  .text                  ro code   0x800'25b0          4   0x122  stm32f0xx_hal_uart_ex.o [5]
  .text                  ro code   0x800'26d2          2     0x2  startup_stm32f030x6.o [3]
  .text                  ro code   0x800'26d4          4   0x390  stm32f0xx_hal_gpio.o [5]
  .text                  ro code   0x800'2a64          4    0x4e  ABImemset.o [7]
  .text                  ro code   0x800'2ab2          2     0x2  startup_stm32f030x6.o [3]
  .text                  ro code   0x800'2ab4          4    0x4c  mbcrc.o [2]
  .text                  ro code   0x800'2b00          4   0xd9a  stm32f0xx_hal_uart.o [5]
  .text                  ro code   0x800'389a          2     0x2  startup_stm32f030x6.o [3]
  .text                  ro code   0x800'389c          4   0x578  stm32f0xx_hal_i2c.o [5]
  .text                  ro code   0x800'3e14          4   0x304  stm32f0xx_hal_dma.o [5]
  .text                  ro code   0x800'4118          4     0xc  stm32f0xx_hal.o [5]
  .text                  ro code   0x800'4124          4    0x4c  stm32f0xx_hal.o [5]
  .text                  ro code   0x800'4170          4    0x4e  ABImemcpy.o [7]
  .text                  ro code   0x800'41be          2     0x2  startup_stm32f030x6.o [3]
  .text                  ro code   0x800'41c0          4    0xa4  cmsis_os.o [4]
  .text                  ro code   0x800'4264          4   0x6e0  stm32f0xx_hal_rcc.o [5]
  .text                  ro code   0x800'4944          4   0x130  stm32f0xx_hal_rcc_ex.o [5]
  .text                  ro code   0x800'4a74          4    0xd0  stm32f0xx_hal_i2c_ex.o [5]
  .text                  ro code   0x800'4b44          4    0x84  stm32f0xx_hal_iwdg.o [2]
  .text                  ro code   0x800'4bc8          4   0x128  stm32f0xx_hal_cortex.o [5]
  .text                  ro code   0x800'4cf0          4   0x1b8  stm32f0xx_hal_flash.o [5]
  .text                  ro code   0x800'4ea8          4   0x104  stm32f0xx_hal_flash_ex.o [5]
  .text                  ro code   0x800'4fac          2    0xae  I32DivModFast.o [7]
  .text                  ro code   0x800'505a          2     0x2  startup_stm32f030x6.o [3]
  .text                  ro code   0x800'505c          4   0x6a4  tasks.o [4]
  .text                  ro code   0x800'5700          4    0x18  stm32f0xx_hal.o [5]
  .text                  ro code   0x800'5718          4   0x1f0  stm32f0xx_hal_msp.o [2]
  .text                  ro code   0x800'5908          2     0x2  stm32f0xx_hal_uart.o [5]
  .text                  ro code   0x800'590a          2     0x2  stm32f0xx_hal_uart.o [5]
  .text                  ro code   0x800'590c          2     0x2  stm32f0xx_hal_uart.o [5]
  .text                  ro code   0x800'590e          2     0x2  stm32f0xx_hal_uart.o [5]
  .text                  ro code   0x800'5910          4    0xc4  stm32f0xx_hal_timebase_tim.o [2]
  .text                  ro code   0x800'59d4          2     0x2  stm32f0xx_hal.o [5]
  .text                  ro code   0x800'59d6          2     0x2  startup_stm32f030x6.o [3]
  .text                  ro code   0x800'59d8          4    0x1e  U64Shr.o [7]
  .text                  ro code   0x800'59f6          2     0x2  startup_stm32f030x6.o [3]
  .text                  ro code   0x800'59f8          4     0x2  IntDivZer.o [7]
  .text                  ro code   0x800'59fa          2     0x2  startup_stm32f030x6.o [3]
  .text                  ro code   0x800'59fc          4   0x21c  heap_4.o [4]
  .text                  ro code   0x800'5c18          2    0x9c  list.o [4]
  .text                  ro code   0x800'5cb4          4   0x108  port.o [4]
  .text                  ro code   0x800'5dbc          4    0x18  freertos.o [2]
  .text                  ro code   0x800'5dd4          4   0x2c8  stm32f0xx_hal_tim.o [5]
  CODE                   ro code   0x800'609c          4    0x7c  portasm.o [4]
  .text                  ro code   0x800'6118          2     0x2  stm32f0xx_hal_tim.o [5]
  .text                  ro code   0x800'611a          2     0x2  stm32f0xx_hal_tim.o [5]
  .text                  ro code   0x800'611c          2     0x2  stm32f0xx_hal_tim.o [5]
  .text                  ro code   0x800'611e          2     0x2  stm32f0xx_hal_tim.o [5]
  .text                  ro code   0x800'6120          2     0x2  stm32f0xx_hal_tim_ex.o [5]
  .text                  ro code   0x800'6122          2     0x2  stm32f0xx_hal_tim.o [5]
  .text                  ro code   0x800'6124          2     0x2  stm32f0xx_hal_tim_ex.o [5]
  .text                  ro code   0x800'6126          2     0x2  startup_stm32f030x6.o [3]
  .text                  ro code   0x800'6128          4   0x204  dlib_lock_glue.o [3]
  .text                  ro code   0x800'632c          4    0x80  xsyslock_mtx.o [9]
  .text                  ro code   0x800'63ac          2     0x4  xfiles.o [6]
  .text                  ro code   0x800'63b0          4    0x14  xlockref.o [6]
  .rodata                const     0x800'63c4          4   0x200  mbcrc.o [2]
  .text                  ro code   0x800'65c4          4    0x64  stm32f0xx_it.o [2]
  .text                  ro code   0x800'6628          2    0x3c  zero_init3.o [7]
  .text                  ro code   0x800'6664          2    0x30  copy_init3.o [7]
  .text                  ro code   0x800'6694          4    0x28  data_init.o [7]
  .text                  ro code   0x800'66bc          4    0x22  cmain.o [7]
  .text                  ro code   0x800'66de          2     0x4  low_level_init.o [6]
  .text                  ro code   0x800'66e2          2     0x8  exit.o [6]
  .text                  ro code   0x800'66ea          2     0x2  startup_stm32f030x6.o [3]
  .text                  ro code   0x800'66ec          4     0x4  cexit.o [7]
  .text                  ro code   0x800'66f0          4     0xe  cexit_2.o [7]
  .text                  ro code   0x800'66fe          2     0x2  startup_stm32f030x6.o [3]
  .text                  ro code   0x800'6700          4    0x14  exit.o [8]
  .iar.init_table        const     0x800'6714          4    0x28  - Linker created -
  .text                  ro code   0x800'673c          4    0x20  cmain_call_ctors.o [7]
  .text                  ro code   0x800'675c          4    0x18  cppinit.o [6]
  Initializer bytes      const     0x800'6774          4    0x20  <for P3-1>
  .rodata                const     0x800'6794          4    0x1c  main.o [2]
  .rodata                const     0x800'67b0          4    0x1c  main.o [2]
  .text                  ro code   0x800'67cc          4    0x1c  cstartup_M.o [7]
  .rodata                const     0x800'67e8          4    0x10  stm32f0xx_hal_rcc.o [5]
  .rodata                const     0x800'67f8          4    0x10  stm32f0xx_hal_rcc.o [5]
  .rodata                const     0x800'6808          4    0x10  system_stm32f0xx.o [1]
  .text                  ro code   0x800'6818          4    0x10  startup_stm32f030x6.o [3]
  .rodata                const     0x800'6828          4     0xc  main.o [2]
  .rodata                const     0x800'6834          4     0xc  main.o [2]
  .rodata                const     0x800'6840          4     0x8  main.o [2]
  .rodata                const     0x800'6848          4     0x8  system_stm32f0xx.o [1]
  .rodata                const     0x800'6850          4     0x8  tasks.o [4]
  .rodata                const     0x800'6858          4     0x4  heap_4.o [4]
  SHT$$PREINIT_ARRAY               0x800'685c                0x0  <Block>
  SHT$$INIT_ARRAY                  0x800'685c                0x4  <Block>
    .init_array          const     0x800'685c          4     0x4  dlib_lock_glue.o [3]
  __iar_tls$$INIT_ARRAY            0x800'6860                0x0  <Block>
  .text                  ro code   0x800'6860          2     0x2  startup_stm32f030x6.o [3]
  .text                  ro code   0x800'6862          2     0x2  startup_stm32f030x6.o [3]
  .text                  ro code   0x800'6864          2     0x2  startup_stm32f030x6.o [3]
  .text                  ro code   0x800'6866          2     0x2  startup_stm32f030x6.o [3]
  .text                  ro code   0x800'6868          2     0x2  startup_stm32f030x6.o [3]
  .text                  ro code   0x800'686c          4     0x2  system_stm32f0xx.o [1]
  .text                  ro code   0x800'6870          4     0x0  cstart_clearlocks.o [7]
  .rodata                const     0x800'6870                0x0  zero_init3.o [7]
  .rodata                const     0x800'6870                0x0  copy_init3.o [7]
                                 - 0x800'6870             0x57c0

"A1":                                                        0x2
  .checksum              const     0x800'7bfe                0x2  Place holder __checksum
                                 - 0x800'7c00                0x2

Absolute sections:                                          0xff
  .noinit                uninit   0x2000'0000               0xff  main.o [2]
                                - 0x2000'00ff               0xff

"P3", part 1 of 3:                                          0x20
  P3-1                            0x2000'0100          4    0x1f  <Init block>
    .data                inited   0x2000'0100          4     0x8  main.o [2]
    .data                inited   0x2000'0108          4     0x8  main.o [2]
    .data                inited   0x2000'0110          4     0x4  port.o [4]
    .data                inited   0x2000'0114          4     0x4  stm32f0xx_hal.o [5]
    .data                inited   0x2000'0118          4     0x4  system_stm32f0xx.o [1]
    .data                inited   0x2000'011c                0x1  main.o [2]
    .data                inited   0x2000'011d                0x1  main.o [2]
    .data                inited   0x2000'011e                0x1  stm32f0xx_hal.o [5]
                                - 0x2000'011f               0x1f

"P3", part 2 of 3:                                         0x9a0
  .bss                   zero     0x2000'0120          4   0x400  heap_4.o [4]
  .bss                   zero     0x2000'0520          4   0x180  freertos.o [2]
  .bss                   zero     0x2000'06a0          4    0x8c  tasks.o [4]
  .bss                   zero     0x2000'072c          4    0x88  main.o [2]
  .bss                   zero     0x2000'07b4          4    0x54  freertos.o [2]
  .bss                   zero     0x2000'0808          4    0x54  main.o [2]
  .bss                   zero     0x2000'085c          4    0x48  stm32f0xx_hal_timebase_tim.o [2]
  .bss                   zero     0x2000'08a4          4    0x44  main.o [2]
  .bss                   zero     0x2000'08e8          4    0x44  main.o [2]
  .bss                   zero     0x2000'092c          4    0x20  main.o [2]
  .bss                   zero     0x2000'094c          4    0x14  tasks.o [4]
  .bss                   zero     0x2000'0960          8    0x20  stm32f0xx_hal_flash.o [5]
  .bss                   zero     0x2000'0980          4    0x20  xfiles.o [6]
  .bss                   zero     0x2000'09a0          4    0x14  tasks.o [4]
  .bss                   zero     0x2000'09b4          4    0x14  tasks.o [4]
  .bss                   zero     0x2000'09c8          4    0x14  tasks.o [4]
  .bss                   zero     0x2000'09dc          4    0x14  tasks.o [4]
  .bss                   zero     0x2000'09f0          4    0x10  main.o [2]
  .bss                   zero     0x2000'0a00          4    0x10  xsyslock_mtx.o [9]
  .bss                   zero     0x2000'0a10          4     0xc  dlib_lock_glue.o [3]
  .bss                   zero     0x2000'0a1c          4     0xc  dlib_lock_glue.o [3]
  .bss                   zero     0x2000'0a28          4     0xc  main.o [2]
  .bss                   zero     0x2000'0a34          4     0x8  heap_4.o [4]
  .bss                   zero     0x2000'0a3c          4     0x4  heap_4.o [4]
  .bss                   zero     0x2000'0a40          4     0x4  heap_4.o [4]
  .bss                   zero     0x2000'0a44          4     0x4  heap_4.o [4]
  .bss                   zero     0x2000'0a48          4     0x4  heap_4.o [4]
  .bss                   zero     0x2000'0a4c          4     0x4  main.o [2]
  .bss                   zero     0x2000'0a50          4     0x4  main.o [2]
  .bss                   zero     0x2000'0a54          4     0x4  main.o [2]
  .bss                   zero     0x2000'0a58          4     0x4  main.o [2]
  .bss                   zero     0x2000'0a5c          4     0x4  main.o [2]
  .bss                   zero     0x2000'0a60          4     0x4  main.o [2]
  .bss                   zero     0x2000'0a64          4     0x4  stm32f0xx_hal.o [5]
  .bss                   zero     0x2000'0a68          4     0x4  stm32f0xx_it.o [2]
  .bss                   zero     0x2000'0a6c          4     0x4  tasks.o [4]
  .bss                   zero     0x2000'0a70          4     0x4  tasks.o [4]
  .bss                   zero     0x2000'0a74          4     0x4  tasks.o [4]
  .bss                   zero     0x2000'0a78          4     0x4  tasks.o [4]
  .bss                   zero     0x2000'0a7c          4     0x4  tasks.o [4]
  .bss                   zero     0x2000'0a80          4     0x4  tasks.o [4]
  .bss                   zero     0x2000'0a84          4     0x4  tasks.o [4]
  .bss                   zero     0x2000'0a88          4     0x4  tasks.o [4]
  .bss                   zero     0x2000'0a8c          4     0x4  tasks.o [4]
  .bss                   zero     0x2000'0a90          4     0x4  tasks.o [4]
  .bss                   zero     0x2000'0a94          4     0x4  tasks.o [4]
  .bss                   zero     0x2000'0a98          4     0x4  tasks.o [4]
  .bss                   zero     0x2000'0a9c          4     0x4  tasks.o [4]
  .bss                   zero     0x2000'0aa0          4     0x4  tasks.o [4]
  .bss                   zero     0x2000'0aa4          4     0x4  tasks.o [4]
  .bss                   zero     0x2000'0aa8          2     0x2  main.o [2]
  .bss                   zero     0x2000'0aaa          2     0x2  main.o [2]
  .bss                   zero     0x2000'0aac          2     0x2  main.o [2]
  .bss                   zero     0x2000'0aae          2     0x2  main.o [2]
  .bss                   zero     0x2000'0ab0          2     0x2  main.o [2]
  .bss                   zero     0x2000'0ab2          2     0x2  main.o [2]
  .bss                   zero     0x2000'0ab4                0x1  main.o [2]
  .bss                   zero     0x2000'0ab5                0x1  main.o [2]
  .bss                   zero     0x2000'0ab6                0x1  main.o [2]
  .bss                   zero     0x2000'0ab7                0x1  main.o [2]
  .bss                   zero     0x2000'0ab8                0x1  main.o [2]
  .bss                   zero     0x2000'0ab9                0x1  main.o [2]
  .bss                   zero     0x2000'0aba                0x1  main.o [2]
  .bss                   zero     0x2000'0abb                0x1  main.o [2]
  .bss                   zero     0x2000'0abc                0x1  main.o [2]
  .bss                   zero     0x2000'0abd                0x1  main.o [2]
                                - 0x2000'0abe              0x99e

"P3", part 3 of 3:                                         0x4c0
  .noinit                uninit   0x2000'0ac0          4    0x80  dlib_lock_glue.o [3]
  .noinit                uninit   0x2000'0b40          4    0x40  dlib_lock_glue.o [3]
  CSTACK                          0x2000'0b80          8   0x400  <Block>
    CSTACK               uninit   0x2000'0b80              0x400  <Block tail>
                                - 0x2000'0f80              0x4c0

Unused ranges:

         From           To    Size
         ----           --    ----
   0x800'6870   0x800'7bfd  0x138e
  0x2000'00ff  0x2000'00ff     0x1
  0x2000'0f80  0x2000'0fff    0x80


*******************************************************************************
*** INIT TABLE
***

          Address      Size
          -------      ----
Zero (__iar_zero_init3)
    1 destination range, total size 0x99e:
          0x2000'0120  0x99e

Copy (__iar_copy_init3)
    1 source range, total size 0x20 (103% of destination):
           0x800'6774   0x20
    1 destination range, total size 0x1f:
          0x2000'0100   0x1f

Extra (__iar_cstart_call_ctors)



*******************************************************************************
*** MODULE SUMMARY
***

    Module                        ro code  ro data  rw data  rw data
                                                              (abs)
    ------                        -------  -------  -------  -------
command line/config:
    Place holder __checksum                      2
    ----------------------------------------------------------------
    Total:                                       2

C:\Users\User\Desktop\project RM\RM\EWARM\URM\Obj\CMSIS_6603591812247902717.dir: [1]
    system_stm32f0xx.o                  2       28        4
    ----------------------------------------------------------------
    Total:                              2       28        4

C:\Users\User\Desktop\project RM\RM\EWARM\URM\Obj\Core_13247989168731456611.dir: [2]
    freertos.o                         24               468
    main.o                          5'374      106      480      255
    mbcrc.o                            76      512
    stm32f0xx_hal_iwdg.o              132
    stm32f0xx_hal_msp.o               496
    stm32f0xx_hal_timebase_tim.o      196                72
    stm32f0xx_it.o                    100                 4
    ----------------------------------------------------------------
    Total:                          6'398      618    1'024      255

C:\Users\User\Desktop\project RM\RM\EWARM\URM\Obj\EWARM_18443280873093131863.dir: [3]
    dlib_lock_glue.o                  516        4      216
    startup_stm32f030x6.o             226
    ----------------------------------------------------------------
    Total:                            742        4      216

C:\Users\User\Desktop\project RM\RM\EWARM\URM\Obj\FreeRTOS_4809373609813369194.dir: [4]
    cmsis_os.o                        164
    heap_4.o                          540        4    1'048
    list.o                            156
    port.o                            264        4        4
    portasm.o                         124
    tasks.o                         1'700        8      300
    ----------------------------------------------------------------
    Total:                          2'948       16    1'352

C:\Users\User\Desktop\project RM\RM\EWARM\URM\Obj\STM32F0xx_HAL_Driver_12736992878974344111.dir: [5]
    stm32f0xx_hal.o                   114        5        9
    stm32f0xx_hal_cortex.o            296
    stm32f0xx_hal_dma.o               772
    stm32f0xx_hal_flash.o             440                32
    stm32f0xx_hal_flash_ex.o          260
    stm32f0xx_hal_gpio.o              912
    stm32f0xx_hal_i2c.o             1'400
    stm32f0xx_hal_i2c_ex.o            208
    stm32f0xx_hal_rcc.o             1'760       32
    stm32f0xx_hal_rcc_ex.o            304
    stm32f0xx_hal_tim.o               722
    stm32f0xx_hal_tim_ex.o              4
    stm32f0xx_hal_uart.o            3'490
    stm32f0xx_hal_uart_ex.o           290
    ----------------------------------------------------------------
    Total:                         10'972       37       41

dl6M_tlf.a: [6]
    cppinit.o                          24
    exit.o                              8
    low_level_init.o                    4
    xfiles.o                            4                32
    xlockref.o                         20
    ----------------------------------------------------------------
    Total:                             60                32

rt6M_tl.a: [7]
    ABImemcpy.o                        78
    ABImemset.o                        78
    I32DivModFast.o                   174
    IntDivZer.o                         2
    U64Shr.o                           30
    cexit.o                             4
    cexit_2.o                          14
    cmain.o                            34
    cmain_call_ctors.o                 32
    copy_init3.o                       48
    cstart_clearlocks.o
    cstartup_M.o                       28
    data_init.o                        40
    zero_init3.o                       60
    ----------------------------------------------------------------
    Total:                            622

shb_l.a: [8]
    exit.o                             20
    ----------------------------------------------------------------
    Total:                             20

th6M_tlf.a: [9]
    xsyslock_mtx.o                    128                16
    ----------------------------------------------------------------
    Total:                            128                16

    Gaps                                4
    Linker created                              41    1'024
--------------------------------------------------------------------
    Grand Total:                   21'896      746    3'709      255


*******************************************************************************
*** ENTRY LIST
***

Entry                       Address   Size  Type      Object
-----                       -------   ----  ----      ------
.iar.init_table$$Base    0x800'6714          --   Gb  - Linker created -
.iar.init_table$$Limit   0x800'673c          --   Gb  - Linker created -
.intvec$$Base            0x800'1000          --   Gb  - Linker created -
.intvec$$Limit           0x800'10b0          --   Gb  - Linker created -
?main                    0x800'66bd         Code  Gb  cmain.o [7]
ADC1_IRQHandler          0x800'6127         Code  Wk  startup_stm32f030x6.o [3]
AHBPrescTable            0x800'6808   0x10  Data  Gb  system_stm32f0xx.o [1]
APBPrescTable            0x800'6848    0x8  Data  Gb  system_stm32f0xx.o [1]
ApplyUartSettingsBeforeSignal
                         0x800'19a1   0x90  Code  Lc  main.o [2]
CSTACK$$Base            0x2000'0b80          --   Gb  - Linker created -
CSTACK$$Limit           0x2000'0f80          --   Gb  - Linker created -
CheckTumblerSetting      0x800'18e1   0xb2  Code  Gb  main.o [2]
DMA1_Channel1_IRQHandler
                         0x800'59f7         Code  Wk  startup_stm32f030x6.o [3]
DMA1_Channel2_3_IRQHandler
                         0x800'65d3   0x10  Code  Gb  stm32f0xx_it.o [2]
DMA1_Channel4_5_IRQHandler
                         0x800'59fb         Code  Wk  startup_stm32f030x6.o [3]
DMA_CalcBaseAndBitshift
                         0x800'40f3   0x1a  Code  Lc  stm32f0xx_hal_dma.o [5]
DMA_SetConfig            0x800'40c9   0x2a  Code  Lc  stm32f0xx_hal_dma.o [5]
ERROR_checksum_handler   0x800'1239   0x26  Code  Gb  main.o [2]
ERROR_handler            0x800'125f   0x4a  Code  Gb  main.o [2]
EXTI0_1_IRQHandler       0x800'41bf         Code  Wk  startup_stm32f030x6.o [3]
EXTI2_3_IRQHandler       0x800'505b         Code  Wk  startup_stm32f030x6.o [3]
EXTI4_15_IRQHandler      0x800'59d7         Code  Wk  startup_stm32f030x6.o [3]
Error_Handler            0x800'25a9    0x6  Code  Gb  main.o [2]
FLAG_OK                 0x2000'011d    0x1  Data  Gb  main.o [2]
FLASH_IRQHandler         0x800'2ab3         Code  Wk  startup_stm32f030x6.o [3]
FLASH_MassErase          0x800'4f55   0x1a  Code  Lc  stm32f0xx_hal_flash_ex.o [5]
FLASH_PageErase          0x800'4f81   0x1e  Code  Gb  stm32f0xx_hal_flash_ex.o [5]
FLASH_Program_HalfWord   0x800'4de9   0x18  Code  Lc  stm32f0xx_hal_flash.o [5]
FLASH_SetErrorCode       0x800'4e51   0x3e  Code  Lc  stm32f0xx_hal_flash.o [5]
FLASH_WaitForLastOperation
                         0x800'4e01   0x50  Code  Gb  stm32f0xx_hal_flash.o [5]
Flash_ReadU16            0x800'1e11   0x2a  Code  Gb  main.o [2]
Flash_WriteU16_Preserve100
                         0x800'1f85   0xe2  Code  Gb  main.o [2]
HAL_DMA_Abort            0x800'3f4b   0x4c  Code  Gb  stm32f0xx_hal_dma.o [5]
HAL_DMA_Abort_IT         0x800'3f97   0x58  Code  Gb  stm32f0xx_hal_dma.o [5]
HAL_DMA_DeInit           0x800'3e6d   0x52  Code  Gb  stm32f0xx_hal_dma.o [5]
HAL_DMA_GetError         0x800'40c5    0x4  Code  Gb  stm32f0xx_hal_dma.o [5]
HAL_DMA_IRQHandler       0x800'3fef   0xd6  Code  Gb  stm32f0xx_hal_dma.o [5]
HAL_DMA_Init             0x800'3e15   0x54  Code  Gb  stm32f0xx_hal_dma.o [5]
HAL_DMA_Start_IT         0x800'3ebf   0x8c  Code  Gb  stm32f0xx_hal_dma.o [5]
HAL_DeInit               0x800'413f   0x22  Code  Gb  stm32f0xx_hal.o [5]
HAL_FLASHEx_Erase        0x800'4ea9   0xac  Code  Gb  stm32f0xx_hal_flash_ex.o [5]
HAL_FLASH_Lock           0x800'4dcf    0xe  Code  Gb  stm32f0xx_hal_flash.o [5]
HAL_FLASH_Program        0x800'4cf1   0xb4  Code  Gb  stm32f0xx_hal_flash.o [5]
HAL_FLASH_Unlock         0x800'4da5   0x2a  Code  Gb  stm32f0xx_hal_flash.o [5]
HAL_GPIO_DeInit          0x800'28cf  0x13c  Code  Gb  stm32f0xx_hal_gpio.o [5]
HAL_GPIO_Init            0x800'26d5  0x1fa  Code  Gb  stm32f0xx_hal_gpio.o [5]
HAL_GPIO_ReadPin         0x800'2a0b   0x1a  Code  Gb  stm32f0xx_hal_gpio.o [5]
HAL_GPIO_WritePin        0x800'2a25   0x1a  Code  Gb  stm32f0xx_hal_gpio.o [5]
HAL_GetTick              0x800'4119    0xc  Code  Wk  stm32f0xx_hal.o [5]
HAL_I2CEx_ConfigAnalogFilter
                         0x800'4a75   0x66  Code  Gb  stm32f0xx_hal_i2c_ex.o [5]
HAL_I2CEx_ConfigDigitalFilter
                         0x800'4adb   0x60  Code  Gb  stm32f0xx_hal_i2c_ex.o [5]
HAL_I2C_Init             0x800'389d   0xda  Code  Gb  stm32f0xx_hal_i2c.o [5]
HAL_I2C_Master_Transmit
                         0x800'3977  0x192  Code  Gb  stm32f0xx_hal_i2c.o [5]
HAL_I2C_MspInit          0x800'574f   0x64  Code  Gb  stm32f0xx_hal_msp.o [2]
HAL_IWDG_Init            0x800'4b45   0x6a  Code  Gb  stm32f0xx_hal_iwdg.o [2]
HAL_IWDG_Refresh         0x800'4baf    0xc  Code  Gb  stm32f0xx_hal_iwdg.o [2]
HAL_IncTick              0x800'5701   0x18  Code  Wk  stm32f0xx_hal.o [5]
HAL_Init                 0x800'4125   0x1a  Code  Gb  stm32f0xx_hal.o [5]
HAL_InitTick             0x800'5911   0xaa  Code  Gb  stm32f0xx_hal_timebase_tim.o [2]
HAL_MspDeInit            0x800'59d5    0x2  Code  Wk  stm32f0xx_hal.o [5]
HAL_MspInit              0x800'5719   0x36  Code  Gb  stm32f0xx_hal_msp.o [2]
HAL_NVIC_DisableIRQ      0x800'4cc3    0xe  Code  Gb  stm32f0xx_hal_cortex.o [5]
HAL_NVIC_EnableIRQ       0x800'4cb5    0xe  Code  Gb  stm32f0xx_hal_cortex.o [5]
HAL_NVIC_SetPriority     0x800'4ca1   0x14  Code  Gb  stm32f0xx_hal_cortex.o [5]
HAL_NVIC_SystemReset     0x800'4cd1    0x8  Code  Gb  stm32f0xx_hal_cortex.o [5]
HAL_RCCEx_PeriphCLKConfig
                         0x800'4945  0x110  Code  Gb  stm32f0xx_hal_rcc_ex.o [5]
HAL_RCC_ClockConfig      0x800'4725  0x128  Code  Gb  stm32f0xx_hal_rcc.o [5]
HAL_RCC_GetClockConfig   0x800'48e1   0x32  Code  Gb  stm32f0xx_hal_rcc.o [5]
HAL_RCC_GetHCLKFreq      0x800'48bb    0x6  Code  Gb  stm32f0xx_hal_rcc.o [5]
HAL_RCC_GetPCLK1Freq     0x800'48c1   0x18  Code  Gb  stm32f0xx_hal_rcc.o [5]
HAL_RCC_GetSysClockFreq
                         0x800'4861   0x5a  Code  Gb  stm32f0xx_hal_rcc.o [5]
HAL_RCC_GetSysClockFreq::aPLLMULFactorTable
                         0x800'67e8   0x10  Data  Lc  stm32f0xx_hal_rcc.o [5]
HAL_RCC_GetSysClockFreq::aPredivFactorTable
                         0x800'67f8   0x10  Data  Lc  stm32f0xx_hal_rcc.o [5]
HAL_RCC_OscConfig        0x800'4265  0x4ac  Code  Gb  stm32f0xx_hal_rcc.o [5]
HAL_RS485Ex_Init         0x800'25b1   0x92  Code  Gb  stm32f0xx_hal_uart_ex.o [5]
HAL_TIMEx_BreakCallback
                         0x800'6121    0x2  Code  Wk  stm32f0xx_hal_tim_ex.o [5]
HAL_TIMEx_CommutCallback
                         0x800'6125    0x2  Code  Wk  stm32f0xx_hal_tim_ex.o [5]
HAL_TIM_Base_Init        0x800'5dd5   0x5c  Code  Gb  stm32f0xx_hal_tim.o [5]
HAL_TIM_Base_MspInit     0x800'6119    0x2  Code  Wk  stm32f0xx_hal_tim.o [5]
HAL_TIM_Base_Start_IT    0x800'5e31   0x5a  Code  Gb  stm32f0xx_hal_tim.o [5]
HAL_TIM_IC_CaptureCallback
                         0x800'611b    0x2  Code  Wk  stm32f0xx_hal_tim.o [5]
HAL_TIM_IRQHandler       0x800'5e95  0x176  Code  Gb  stm32f0xx_hal_tim.o [5]
HAL_TIM_OC_DelayElapsedCallback
                         0x800'611d    0x2  Code  Wk  stm32f0xx_hal_tim.o [5]
HAL_TIM_PWM_PulseFinishedCallback
                         0x800'611f    0x2  Code  Wk  stm32f0xx_hal_tim.o [5]
HAL_TIM_PeriodElapsedCallback
                         0x800'2533   0x12  Code  Gb  main.o [2]
HAL_TIM_TriggerCallback
                         0x800'6123    0x2  Code  Wk  stm32f0xx_hal_tim.o [5]
HAL_UARTEx_ReceiveToIdle_DMA
                         0x800'264d   0x86  Code  Gb  stm32f0xx_hal_uart_ex.o [5]
HAL_UARTEx_RxEventCallback
                         0x800'1183   0x12  Code  Gb  main.o [2]
HAL_UART_Abort           0x800'2cd5  0x122  Code  Gb  stm32f0xx_hal_uart.o [5]
HAL_UART_AbortReceive    0x800'2df7   0xca  Code  Gb  stm32f0xx_hal_uart.o [5]
HAL_UART_DMAStop         0x800'2c27   0xae  Code  Gb  stm32f0xx_hal_uart.o [5]
HAL_UART_DeInit          0x800'2b01   0x46  Code  Gb  stm32f0xx_hal_uart.o [5]
HAL_UART_ErrorCallback   0x800'5909    0x2  Code  Wk  stm32f0xx_hal_uart.o [5]
HAL_UART_IRQHandler      0x800'2ecd  0x30c  Code  Gb  stm32f0xx_hal_uart.o [5]
HAL_UART_MspDeInit       0x800'589d   0x3e  Code  Gb  stm32f0xx_hal_msp.o [2]
HAL_UART_MspInit         0x800'57b3   0xea  Code  Gb  stm32f0xx_hal_msp.o [2]
HAL_UART_RxCpltCallback
                         0x800'590b    0x2  Code  Wk  stm32f0xx_hal_uart.o [5]
HAL_UART_RxHalfCpltCallback
                         0x800'590d    0x2  Code  Wk  stm32f0xx_hal_uart.o [5]
HAL_UART_Transmit        0x800'2b47   0xe0  Code  Gb  stm32f0xx_hal_uart.o [5]
HAL_UART_TxCpltCallback
                         0x800'590f    0x2  Code  Wk  stm32f0xx_hal_uart.o [5]
HardFault_Handler        0x800'65c9    0xa  Code  Gb  stm32f0xx_it.o [2]
I2C1_IRQHandler          0x800'6867         Code  Wk  startup_stm32f030x6.o [3]
I2C_Flush_TXDR           0x800'3b29   0x28  Code  Lc  stm32f0xx_hal_i2c.o [5]
I2C_IsErrorOccurred      0x800'3c95  0x142  Code  Lc  stm32f0xx_hal_i2c.o [5]
I2C_TransferConfig       0x800'3dd7   0x36  Code  Lc  stm32f0xx_hal_i2c.o [5]
I2C_WaitOnFlagUntilTimeout
                         0x800'3b51   0x82  Code  Lc  stm32f0xx_hal_i2c.o [5]
I2C_WaitOnSTOPFlagUntilTimeout
                         0x800'3c39   0x5c  Code  Lc  stm32f0xx_hal_i2c.o [5]
I2C_WaitOnTXISFlagUntilTimeout
                         0x800'3bd3   0x66  Code  Lc  stm32f0xx_hal_i2c.o [5]
ID_parsing               0x800'113b   0x30  Code  Gb  main.o [2]
MX_DMA_Init              0x800'1c25   0x26  Code  Lc  main.o [2]
MX_GPIO_Init             0x800'1c51   0xb0  Code  Lc  main.o [2]
MX_I2C1_Init             0x800'1b73   0x4e  Code  Lc  main.o [2]
MX_IWDG_Init             0x800'1bc1   0x20  Code  Lc  main.o [2]
MX_USART1_UART_Init      0x800'1be1   0x40  Code  Lc  main.o [2]
NMI_Handler              0x800'65c5    0x4  Code  Gb  stm32f0xx_it.o [2]
OS_update                0x800'2079   0x68  Code  Gb  main.o [2]
PendSV_Handler           0x800'60a3         Code  Gb  portasm.o [4]
RCC_IRQHandler           0x800'389b         Code  Wk  startup_stm32f030x6.o [3]
RDO_command_1            0x800'1195   0x36  Code  Gb  main.o [2]
RTC_IRQHandler           0x800'26d3         Code  Wk  startup_stm32f030x6.o [3]
Region$$Table$$Base      0x800'6714          --   Gb  - Linker created -
Region$$Table$$Limit     0x800'673c          --   Gb  - Linker created -
ResetOutput              0x800'1539   0x22  Code  Gb  main.o [2]
Reset_Handler            0x800'6819         Code  Wk  startup_stm32f030x6.o [3]
SHT$$INIT_ARRAY$$Base    0x800'685c          --   Gb  - Linker created -
SHT$$INIT_ARRAY$$Limit   0x800'6860          --   Gb  - Linker created -
SHT$$PREINIT_ARRAY$$Base
                         0x800'685c          --   Gb  - Linker created -
SHT$$PREINIT_ARRAY$$Limit
                         0x800'685c          --   Gb  - Linker created -
SPI1_IRQHandler          0x800'6869         Code  Wk  startup_stm32f030x6.o [3]
SVC_Handler              0x800'60e1         Code  Gb  portasm.o [4]
SetOsAddr                0x800'22cd   0x44  Code  Gb  main.o [2]
StartDefaultTask         0x800'2321   0xc6  Code  Gb  main.o [2]
StartTask02              0x800'2425  0x10e  Code  Gb  main.o [2]
SwitchToReceive          0x800'10ff   0x3c  Code  Gb  main.o [2]
SysTick_Handler          0x800'5d57   0x20  Code  Gb  port.o [4]
SystemClock_Config       0x800'1af9   0x7a  Code  Gb  main.o [2]
SystemCoreClock         0x2000'0118    0x4  Data  Gb  system_stm32f0xx.o [1]
SystemInit               0x800'686d    0x2  Code  Gb  system_stm32f0xx.o [1]
TIM14_IRQHandler         0x800'6861         Code  Wk  startup_stm32f030x6.o [3]
TIM16_IRQHandler         0x800'6863         Code  Wk  startup_stm32f030x6.o [3]
TIM17_IRQHandler         0x800'6865         Code  Wk  startup_stm32f030x6.o [3]
TIM1_BRK_UP_TRG_COM_IRQHandler
                         0x800'65e3    0xa  Code  Gb  stm32f0xx_it.o [2]
TIM1_CC_IRQHandler       0x800'66eb         Code  Wk  startup_stm32f030x6.o [3]
TIM3_IRQHandler          0x800'66ff         Code  Wk  startup_stm32f030x6.o [3]
TIM_Base_SetConfig       0x800'600b   0x7a  Code  Gb  stm32f0xx_hal_tim.o [5]
UART1_FullRestartRx      0x800'1d31   0xdc  Code  Gb  main.o [2]
UART_AdvFeatureConfig    0x800'3361   0xde  Code  Gb  stm32f0xx_hal_uart.o [5]
UART_CheckIdleState      0x800'3451   0xc8  Code  Gb  stm32f0xx_hal_uart.o [5]
UART_DMAAbortOnError     0x800'3855   0x18  Code  Lc  stm32f0xx_hal_uart.o [5]
UART_DMAError            0x800'3805   0x50  Code  Lc  stm32f0xx_hal_uart.o [5]
UART_DMAReceiveCplt      0x800'3725   0xa4  Code  Lc  stm32f0xx_hal_uart.o [5]
UART_DMARxHalfCplt       0x800'37dd   0x28  Code  Lc  stm32f0xx_hal_uart.o [5]
UART_EndRxTransfer       0x800'36bd   0x64  Code  Lc  stm32f0xx_hal_uart.o [5]
UART_EndTransmit_IT      0x800'386d   0x2e  Code  Lc  stm32f0xx_hal_uart.o [5]
UART_EndTxTransfer       0x800'369d   0x20  Code  Lc  stm32f0xx_hal_uart.o [5]
UART_SetConfig           0x800'31ed  0x174  Code  Gb  stm32f0xx_hal_uart.o [5]
UART_Start_Receive_DMA   0x800'35dd   0xb6  Code  Gb  stm32f0xx_hal_uart.o [5]
UART_WaitOnFlagUntilTimeout
                         0x800'3529   0x9c  Code  Gb  stm32f0xx_hal_uart.o [5]
USART1_IRQHandler        0x800'65ed   0x22  Code  Gb  stm32f0xx_it.o [2]
USART1_IRQHandler::sErrCount
                        0x2000'0a68    0x4  Data  Lc  stm32f0xx_it.o [2]
UartCfg_Apply            0x800'220d   0xc0  Code  Lc  main.o [2]
UartCfg_LoadFromFlash    0x800'21ad   0x56  Code  Lc  main.o [2]
UartCfg_SetDefaults      0x800'2199   0x14  Code  Lc  main.o [2]
UartCfg_Validate         0x800'20f9   0x9a  Code  Lc  main.o [2]
VectorTable_CopyToSRAM_AndRemap
                         0x800'10b1   0x4e  Code  Lc  main.o [2]
WMDO_command_15          0x800'11cb   0x6e  Code  Gb  main.o [2]
WWDG_IRQHandler          0x800'25af         Code  Wk  startup_stm32f030x6.o [3]
__ICFEDIT_region_RAM_end__ {Abs}
                        0x2000'0fff          --   Gb  <internal module>
__ICFEDIT_region_RAM_start__ {Abs}
                        0x2000'0000          --   Gb  <internal module>
__NVIC_DisableIRQ        0x800'4be1   0x20  Code  Lc  stm32f0xx_hal_cortex.o [5]
__NVIC_EnableIRQ         0x800'4bc9   0x18  Code  Lc  stm32f0xx_hal_cortex.o [5]
__NVIC_SetPriority       0x800'4c01   0x8c  Code  Lc  stm32f0xx_hal_cortex.o [5]
__NVIC_SystemReset       0x800'4c8d   0x14  Code  Lc  stm32f0xx_hal_cortex.o [5]
__aeabi_idiv0            0x800'59f9         Code  Gb  IntDivZer.o [7]
__aeabi_llsr             0x800'59d9         Code  Gb  U64Shr.o [7]
__aeabi_memcpy           0x800'41a5         Code  Gb  ABImemcpy.o [7]
__aeabi_memcpy4          0x800'4171         Code  Gb  ABImemcpy.o [7]
__aeabi_memcpy8          0x800'4171         Code  Gb  ABImemcpy.o [7]
__aeabi_memset           0x800'2a65         Code  Gb  ABImemset.o [7]
__aeabi_uidiv            0x800'4fad         Code  Gb  I32DivModFast.o [7]
__aeabi_uidivmod         0x800'4fad         Code  Gb  I32DivModFast.o [7]
__call_ctors             0x800'675d   0x18  Code  Gb  cppinit.o [6]
__cexit_clearlocks       0x800'66f3         Code  Gb  cexit_2.o [7]
__checksum               0x800'7bfe    0x2  Data  Gb  Place holder __checksum
__checksum_begin {Abs}   0x800'1000          --   Gb  <internal module>
__checksum_end {Abs}     0x800'7bfd          --   Gb  <internal module>
__cmain                  0x800'66bd         Code  Gb  cmain.o [7]
__cstart_clearlocks      0x800'6870         Data  Gb  cstart_clearlocks.o [7]
__dlib_thread_safety_init
                         0x800'61b3   0x4e  Code  Gb  dlib_lock_glue.o [3]
__exit                   0x800'6701   0x14  Code  Gb  exit.o [8]
__iar_Initlocks          0x800'6373   0x36  Code  Gb  xsyslock_mtx.o [9]
__iar_Memcpy             0x800'41b1         Code  Gb  ABImemcpy.o [7]
__iar_Memset4_word       0x800'2a85         Code  Gb  ABImemset.o [7]
__iar_Memset_word        0x800'2a71         Code  Gb  ABImemset.o [7]
__iar_clearlocks         0x800'632d   0x46  Code  Gb  xsyslock_mtx.o [9]
__iar_copy_init3         0x800'6665   0x30  Code  Gb  copy_init3.o [7]
__iar_cstart_call_ctors
                         0x800'673d   0x20  Code  Gb  cmain_call_ctors.o [7]
__iar_data_init3         0x800'6695   0x28  Code  Gb  data_init.o [7]
__iar_file_FOPEN_MAX     0x800'63ad    0x4  Code  Gb  xfiles.o [6]
__iar_file_LockRef       0x800'63b1   0x14  Code  Gb  xlockref.o [6]
__iar_file_Mtxdst        0x800'62e5   0x38  Code  Gb  dlib_lock_glue.o [3]
__iar_file_Mtxinit       0x800'628f   0x56  Code  Gb  dlib_lock_glue.o [3]
__iar_file_mtx          0x2000'0980   0x20  Data  Gb  xfiles.o [6]
__iar_program_start      0x800'67cd         Code  Gb  cstartup_M.o [7]
__iar_system_Mtxdst      0x800'6257   0x38  Code  Gb  dlib_lock_glue.o [3]
__iar_system_Mtxinit     0x800'6201   0x56  Code  Gb  dlib_lock_glue.o [3]
__iar_tls$$INIT_ARRAY$$Base
                         0x800'6860          --   Gb  - Linker created -
__iar_tls$$INIT_ARRAY$$Limit
                         0x800'6860          --   Gb  - Linker created -
__iar_zero_init3         0x800'6629   0x3c  Code  Gb  zero_init3.o [7]
__low_level_init         0x800'66df    0x4  Code  Gb  low_level_init.o [6]
__vector_table           0x800'1000         Data  Gb  startup_stm32f030x6.o [3]
_call_main               0x800'66c9         Code  Gb  cmain.o [7]
_exit                    0x800'66ed         Code  Gb  cexit.o [7]
_exit_2                  0x800'66f1         Code  Gb  cexit_2.o [7]
bit_map                  0x800'6840    0x8  Data  Lc  main.o [2]
crc16table               0x800'63c4  0x200  Data  Lc  mbcrc.o [2]
def_uart                0x2000'0100    0x8  Data  Gb  main.o [2]
defaultTaskHandle       0x2000'0a4c    0x4  Data  Gb  main.o [2]
double_DO                0x800'1739  0x1a8  Code  Gb  main.o [2]
exit                     0x800'66e3    0x8  Code  Gb  exit.o [6]
func_06                  0x800'13f5  0x144  Code  Gb  main.o [2]
gCheckingTumbler        0x2000'0aba    0x1  Data  Gb  main.o [2]
gCrcErrCnt              0x2000'0abb    0x1  Data  Gb  main.o [2]
gErrorCount             0x2000'0a5c    0x4  Data  Gb  main.o [2]
gID                     0x2000'0aa8    0x2  Data  Gb  main.o [2]
gInp                    0x2000'0ab6    0x1  Data  Gb  main.o [2]
gLastTickCount          0x2000'0a60    0x4  Data  Gb  main.o [2]
gOsBuff                 0x2000'0ab7    0x1  Data  Gb  main.o [2]
gReset                  0x2000'0ab9    0x1  Data  Gb  main.o [2]
gSwitchToReceiveCount   0x2000'0a58    0x4  Data  Gb  main.o [2]
gTumblerBuff            0x2000'0aac    0x2  Data  Gb  main.o [2]
gUartCfg                0x2000'0108    0x8  Data  Gb  main.o [2]
gVecPad                 0x2000'0000   0xff  Data  Wk  main.o [2]
global_error            0x2000'0ab5    0x1  Data  Gb  main.o [2]
hdma_usart1_rx          0x2000'08a4   0x44  Data  Gb  main.o [2]
hdma_usart1_tx          0x2000'08e8   0x44  Data  Gb  main.o [2]
hi2c1                   0x2000'0808   0x54  Data  Gb  main.o [2]
hiwdg                   0x2000'09f0   0x10  Data  Gb  main.o [2]
htim1                   0x2000'085c   0x48  Data  Gb  stm32f0xx_hal_timebase_tim.o [2]
huart1                  0x2000'072c   0x88  Data  Gb  main.o [2]
main                     0x800'1a71   0x88  Code  Gb  main.o [2]
makeFreeRtosPriority     0x800'41c1   0x18  Code  Lc  cmsis_os.o [4]
mbcrc                    0x800'2ab5   0x4c  Code  Gb  mbcrc.o [2]
modbus_t35_us            0x800'23ed   0x18  Code  Lc  main.o [2]
modbus_timeout          0x2000'0ab0    0x2  Data  Gb  main.o [2]
mtx                     0x2000'0a00   0x10  Data  Lc  xsyslock_mtx.o [9]
myTask02Handle          0x2000'0a50    0x4  Data  Gb  main.o [2]
new_paket               0x2000'0ab2    0x2  Data  Gb  main.o [2]
osDelay                  0x800'4243   0x22  Code  Gb  cmsis_os.o [4]
osKernelStart            0x800'41d9    0xa  Code  Gb  cmsis_os.o [4]
osThreadCreate           0x800'41e3   0x60  Code  Gb  cmsis_os.o [4]
pFlash                  0x2000'0960   0x20  Data  Gb  stm32f0xx_hal_flash.o [5]
password                0x2000'0aae    0x2  Data  Gb  main.o [2]
prvAddCurrentTaskToDelayedList
                         0x800'5681   0x66  Code  Lc  tasks.o [4]
prvAddNewTaskToReadyList
                         0x800'51c7   0x7c  Code  Lc  tasks.o [4]
prvCheckTasksWaitingTermination
                         0x800'55bb   0x38  Code  Lc  tasks.o [4]
prvDeleteTCB             0x800'55f5   0x38  Code  Lc  tasks.o [4]
prvHeapInit              0x800'5b41   0x5e  Code  Lc  heap_4.o [4]
prvIdleTask              0x800'5561   0x16  Code  Lc  tasks.o [4]
prvInitialiseNewTask     0x800'5139   0x8e  Code  Lc  tasks.o [4]
prvInitialiseTaskLists   0x800'5577   0x44  Code  Lc  tasks.o [4]
prvInsertBlockIntoFreeList
                         0x800'5b9f   0x5c  Code  Lc  heap_4.o [4]
prvResetNextTaskUnblockTime
                         0x800'562d   0x26  Code  Lc  tasks.o [4]
prvSetupTimerInterrupt   0x800'5d77   0x24  Code  Lc  port.o [4]
prvTaskExitError         0x800'5cd1   0x16  Code  Lc  port.o [4]
pvPortMalloc             0x800'59fd   0xe2  Code  Gb  heap_4.o [4]
pxCurrentTCB            0x2000'0a6c    0x4  Data  Gb  tasks.o [4]
pxDelayedTaskList       0x2000'0a70    0x4  Data  Lc  tasks.o [4]
pxEnd                   0x2000'0a3c    0x4  Data  Lc  heap_4.o [4]
pxOverflowDelayedTaskList
                        0x2000'0a74    0x4  Data  Lc  tasks.o [4]
pxPortInitialiseStack    0x800'5cb5   0x1a  Code  Gb  port.o [4]
pxReadyTasksLists       0x2000'06a0   0x8c  Data  Lc  tasks.o [4]
reading_DO               0x800'12bd  0x120  Code  Gb  main.o [2]
receive_buf             0x2000'0a28    0xc  Data  Gb  main.o [2]
send_uart_signal_once    0x800'1a3d   0x20  Code  Gb  main.o [2]
send_uart_signal_once::has_run
                        0x2000'0abc    0x1  Data  Lc  main.o [2]
single_DO                0x800'1585  0x17c  Code  Gb  main.o [2]
state                   0x2000'0ab4    0x1  Data  Gb  main.o [2]
state11                 0x2000'011c    0x1  Data  Gb  main.o [2]
static_file_list_lock   0x2000'0a1c    0xc  Data  Lc  dlib_lock_glue.o [3]
static_file_lock        0x2000'0ac0   0x80  Data  Lc  dlib_lock_glue.o [3]
static_system_list_lock
                        0x2000'0a10    0xc  Data  Lc  dlib_lock_glue.o [3]
static_system_lock      0x2000'0b40   0x40  Data  Lc  dlib_lock_glue.o [3]
stm32_lock_acquire       0x800'614f   0x32  Code  Lc  dlib_lock_glue.o [3]
stm32_lock_init          0x800'6129   0x26  Code  Lc  dlib_lock_glue.o [3]
stm32_lock_release       0x800'6181   0x32  Code  Lc  dlib_lock_glue.o [3]
temp_gID                0x2000'0aaa    0x2  Data  Gb  main.o [2]
timer_finish            0x2000'0ab8    0x1  Data  Lc  main.o [2]
timer_ms                0x2000'0a54    0x4  Data  Lc  main.o [2]
transmit_buf            0x2000'092c   0x20  Data  Gb  main.o [2]
ucHeap                  0x2000'0120  0x400  Data  Lc  heap_4.o [4]
ulSetInterruptMaskFromISR
                         0x800'6105         Code  Gb  portasm.o [4]
usart_signal             0x800'1e59  0x11a  Code  Gb  main.o [2]
usart_signal::already_sent
                        0x2000'0abd    0x1  Data  Lc  main.o [2]
uwTick                  0x2000'0a64    0x4  Data  Gb  stm32f0xx_hal.o [5]
uwTickFreq              0x2000'011e    0x1  Data  Gb  stm32f0xx_hal.o [5]
uwTickPrio              0x2000'0114    0x4  Data  Gb  stm32f0xx_hal.o [5]
uxCriticalNesting       0x2000'0110    0x4  Data  Lc  port.o [4]
uxCurrentNumberOfTasks  0x2000'0a7c    0x4  Data  Lc  tasks.o [4]
uxDeletedTasksWaitingCleanUp
                        0x2000'0a78    0x4  Data  Lc  tasks.o [4]
uxListRemove             0x800'5c8b   0x2a  Code  Gb  list.o [4]
uxPendedTicks           0x2000'0a8c    0x4  Data  Lc  tasks.o [4]
uxSchedulerSuspended    0x2000'0aa4    0x4  Data  Lc  tasks.o [4]
uxTaskNumber            0x2000'0a98    0x4  Data  Lc  tasks.o [4]
uxTopReadyPriority      0x2000'0a84    0x4  Data  Lc  tasks.o [4]
vApplicationGetIdleTaskMemory
                         0x800'5dbd   0x18  Code  Gb  freertos.o [2]
vClearInterruptMaskFromISR
                         0x800'610d         Code  Gb  portasm.o [4]
vListInitialise          0x800'5c19   0x1e  Code  Gb  list.o [4]
vListInitialiseItem      0x800'5c37    0x6  Code  Gb  list.o [4]
vListInsert              0x800'5c55   0x36  Code  Gb  list.o [4]
vListInsertEnd           0x800'5c3d   0x18  Code  Gb  list.o [4]
vPortEnterCritical       0x800'5d25   0x14  Code  Gb  port.o [4]
vPortExitCritical        0x800'5d39   0x1e  Code  Gb  port.o [4]
vPortFree                0x800'5ae1   0x60  Code  Gb  heap_4.o [4]
vPortStartFirstTask      0x800'60e3         Code  Gb  portasm.o [4]
vPortYield               0x800'5d11   0x12  Code  Gb  port.o [4]
vSetMSP                  0x800'609d         Code  Gb  portasm.o [4]
vTaskDelay               0x800'5245   0x32  Code  Gb  tasks.o [4]
vTaskStartScheduler      0x800'5295   0x6a  Code  Gb  tasks.o [4]
vTaskSuspendAll          0x800'5301    0xa  Code  Gb  tasks.o [4]
vTaskSwitchContext       0x800'54d9   0x5c  Code  Gb  tasks.o [4]
xBlockAllocatedBit      0x2000'0a48    0x4  Data  Lc  heap_4.o [4]
xDelayedTaskList1       0x2000'094c   0x14  Data  Lc  tasks.o [4]
xDelayedTaskList2       0x2000'09a0   0x14  Data  Lc  tasks.o [4]
xFreeBytesRemaining     0x2000'0a40    0x4  Data  Lc  heap_4.o [4]
xHeapStructSize          0x800'6858    0x4  Data  Lc  heap_4.o [4]
xIdleStack              0x2000'0520  0x180  Data  Lc  freertos.o [2]
xIdleTaskHandle         0x2000'0aa0    0x4  Data  Lc  tasks.o [4]
xIdleTaskTCBBuffer      0x2000'07b4   0x54  Data  Lc  freertos.o [2]
xMinimumEverFreeBytesRemaining
                        0x2000'0a44    0x4  Data  Lc  heap_4.o [4]
xNextTaskUnblockTime    0x2000'0a9c    0x4  Data  Lc  tasks.o [4]
xNumOfOverflows         0x2000'0a94    0x4  Data  Lc  tasks.o [4]
xPendingReadyList       0x2000'09b4   0x14  Data  Lc  tasks.o [4]
xPortStartScheduler      0x800'5ce7   0x2a  Code  Gb  port.o [4]
xSchedulerRunning       0x2000'0a88    0x4  Data  Lc  tasks.o [4]
xStart                  0x2000'0a34    0x8  Data  Lc  heap_4.o [4]
xSuspendedTaskList      0x2000'09dc   0x14  Data  Lc  tasks.o [4]
xTaskCreate              0x800'50cb   0x6c  Code  Gb  tasks.o [4]
xTaskCreateStatic        0x800'505d   0x6e  Code  Gb  tasks.o [4]
xTaskGetTickCount        0x800'53c5    0x6  Code  Gb  tasks.o [4]
xTaskIncrementTick       0x800'53e1   0xe2  Code  Gb  tasks.o [4]
xTaskResumeAll           0x800'530d   0xb8  Code  Gb  tasks.o [4]
xTasksWaitingTermination
                        0x2000'09c8   0x14  Data  Lc  tasks.o [4]
xTickCount              0x2000'0a80    0x4  Data  Lc  tasks.o [4]
xYieldPending           0x2000'0a90    0x4  Data  Lc  tasks.o [4]
zeroing_the_buffer       0x800'116b   0x18  Code  Gb  main.o [2]


[1] = C:\Users\User\Desktop\project RM\RM\EWARM\URM\Obj\CMSIS_6603591812247902717.dir
[2] = C:\Users\User\Desktop\project RM\RM\EWARM\URM\Obj\Core_13247989168731456611.dir
[3] = C:\Users\User\Desktop\project RM\RM\EWARM\URM\Obj\EWARM_18443280873093131863.dir
[4] = C:\Users\User\Desktop\project RM\RM\EWARM\URM\Obj\FreeRTOS_4809373609813369194.dir
[5] = C:\Users\User\Desktop\project RM\RM\EWARM\URM\Obj\STM32F0xx_HAL_Driver_12736992878974344111.dir
[6] = dl6M_tlf.a
[7] = rt6M_tl.a
[8] = shb_l.a
[9] = th6M_tlf.a

  21'896 bytes of readonly  code memory
     746 bytes of readonly  data memory
   3'709 bytes of readwrite data memory (+ 255 absolute)

Errors: none
Warnings: none
